Archive member included to satisfy reference by file (symbol)

/scratch/ca2627/clinicalAI/ArabicLLMBench/glibc-2.29/build/elf/rtld-libc.a(rtld-check_fds.os)
                              /scratch/ca2627/clinicalAI/ArabicLLMBench/glibc-2.29/build/elf/dl-allobjs.os (__libc_check_standard_fds)
/scratch/ca2627/clinicalAI/ArabicLLMBench/glibc-2.29/build/elf/rtld-libc.a(rtld-errno.os)
                              /scratch/ca2627/clinicalAI/ArabicLLMBench/glibc-2.29/build/elf/dl-allobjs.os (rtld_errno)
/scratch/ca2627/clinicalAI/ArabicLLMBench/glibc-2.29/build/elf/rtld-libc.a(rtld-closedir.os)
                              /scratch/ca2627/clinicalAI/ArabicLLMBench/glibc-2.29/build/elf/dl-allobjs.os (__closedir)
/scratch/ca2627/clinicalAI/ArabicLLMBench/glibc-2.29/build/elf/rtld-libc.a(rtld-rewinddir.os)
                              /scratch/ca2627/clinicalAI/ArabicLLMBench/glibc-2.29/build/elf/dl-allobjs.os (__rewinddir)
/scratch/ca2627/clinicalAI/ArabicLLMBench/glibc-2.29/build/elf/rtld-libc.a(rtld-readdir64.os)
                              /scratch/ca2627/clinicalAI/ArabicLLMBench/glibc-2.29/build/elf/dl-allobjs.os (__readdir)
/scratch/ca2627/clinicalAI/ArabicLLMBench/glibc-2.29/build/elf/rtld-libc.a(rtld-fdopendir.os)
                              /scratch/ca2627/clinicalAI/ArabicLLMBench/glibc-2.29/build/elf/dl-allobjs.os (__fdopendir)
/scratch/ca2627/clinicalAI/ArabicLLMBench/glibc-2.29/build/elf/rtld-libc.a(rtld-getdents64.os)
                              /scratch/ca2627/clinicalAI/ArabicLLMBench/glibc-2.29/build/elf/rtld-libc.a(rtld-readdir64.os) (__getdents64)
/scratch/ca2627/clinicalAI/ArabicLLMBench/glibc-2.29/build/elf/rtld-libc.a(rtld-dl-addr-obj.os)
                              /scratch/ca2627/clinicalAI/ArabicLLMBench/glibc-2.29/build/elf/dl-allobjs.os (_dl_addr_inside_object)
/scratch/ca2627/clinicalAI/ArabicLLMBench/glibc-2.29/build/elf/rtld-libc.a(rtld-profil.os)
                              /scratch/ca2627/clinicalAI/ArabicLLMBench/glibc-2.29/build/elf/dl-allobjs.os (__profil)
/scratch/ca2627/clinicalAI/ArabicLLMBench/glibc-2.29/build/elf/rtld-libc.a(rtld-prof-freq.os)
                              /scratch/ca2627/clinicalAI/ArabicLLMBench/glibc-2.29/build/elf/dl-allobjs.os (__profile_frequency)
/scratch/ca2627/clinicalAI/ArabicLLMBench/glibc-2.29/build/elf/rtld-libc.a(rtld-xstat.os)
                              /scratch/ca2627/clinicalAI/ArabicLLMBench/glibc-2.29/build/elf/dl-allobjs.os (__GI___xstat64)
/scratch/ca2627/clinicalAI/ArabicLLMBench/glibc-2.29/build/elf/rtld-libc.a(rtld-fxstat.os)
                              /scratch/ca2627/clinicalAI/ArabicLLMBench/glibc-2.29/build/elf/dl-allobjs.os (__GI___fxstat64)
/scratch/ca2627/clinicalAI/ArabicLLMBench/glibc-2.29/build/elf/rtld-libc.a(rtld-lxstat.os)
                              /scratch/ca2627/clinicalAI/ArabicLLMBench/glibc-2.29/build/elf/dl-allobjs.os (__GI___lxstat64)
/scratch/ca2627/clinicalAI/ArabicLLMBench/glibc-2.29/build/elf/rtld-libc.a(rtld-lseek64.os)
                              /scratch/ca2627/clinicalAI/ArabicLLMBench/glibc-2.29/build/elf/dl-allobjs.os (__lseek)
/scratch/ca2627/clinicalAI/ArabicLLMBench/glibc-2.29/build/elf/rtld-libc.a(rtld-access.os)
                              /scratch/ca2627/clinicalAI/ArabicLLMBench/glibc-2.29/build/elf/dl-allobjs.os (__access)
/scratch/ca2627/clinicalAI/ArabicLLMBench/glibc-2.29/build/elf/rtld-libc.a(rtld-close_nocancel.os)
                              /scratch/ca2627/clinicalAI/ArabicLLMBench/glibc-2.29/build/elf/dl-allobjs.os (__GI___close_nocancel)
/scratch/ca2627/clinicalAI/ArabicLLMBench/glibc-2.29/build/elf/rtld-libc.a(rtld-fcntl_nocancel.os)
                              /scratch/ca2627/clinicalAI/ArabicLLMBench/glibc-2.29/build/elf/dl-allobjs.os (__GI___fcntl64_nocancel)
/scratch/ca2627/clinicalAI/ArabicLLMBench/glibc-2.29/build/elf/rtld-libc.a(rtld-open64_nocancel.os)
                              /scratch/ca2627/clinicalAI/ArabicLLMBench/glibc-2.29/build/elf/dl-allobjs.os (__GI___open64_nocancel)
/scratch/ca2627/clinicalAI/ArabicLLMBench/glibc-2.29/build/elf/rtld-libc.a(rtld-openat64_nocancel.os)
                              /scratch/ca2627/clinicalAI/ArabicLLMBench/glibc-2.29/build/elf/dl-allobjs.os (__GI___openat64_nocancel)
/scratch/ca2627/clinicalAI/ArabicLLMBench/glibc-2.29/build/elf/rtld-libc.a(rtld-read_nocancel.os)
                              /scratch/ca2627/clinicalAI/ArabicLLMBench/glibc-2.29/build/elf/dl-allobjs.os (__GI___read_nocancel)
/scratch/ca2627/clinicalAI/ArabicLLMBench/glibc-2.29/build/elf/rtld-libc.a(rtld-write_nocancel.os)
                              /scratch/ca2627/clinicalAI/ArabicLLMBench/glibc-2.29/build/elf/dl-allobjs.os (__GI___write_nocancel)
/scratch/ca2627/clinicalAI/ArabicLLMBench/glibc-2.29/build/elf/rtld-libc.a(rtld-scratch_buffer_set_array_size.os)
                              /scratch/ca2627/clinicalAI/ArabicLLMBench/glibc-2.29/build/elf/dl-allobjs.os (__libc_scratch_buffer_set_array_size)
[...]
Memory Configuration

Name             Origin             Length             Attributes
*default*        0x0000000000000000 0xffffffffffffffff

Linker script and memory map

START GROUP
LOAD /scratch/ca2627/clinicalAI/ArabicLLMBench/glibc-2.29/build/elf/dl-allobjs.os
LOAD /scratch/ca2627/clinicalAI/ArabicLLMBench/glibc-2.29/build/elf/rtld-libc.a
LOAD /share/apps/NYUAD5/gcc/9.2.0/lib/gcc/x86_64-pc-linux-gnu/9.2.0/libgcc.a
END GROUP

.interp
 *(.interp)

.note.gnu.build-id
 *(.note.gnu.build-id)

.hash
 *(.hash)

.gnu.hash
 *(.gnu.hash)

.dynsym
 *(.dynsym)

.dynstr
 *(.dynstr)

.gnu.version
 *(.gnu.version)

.gnu.version_d
 *(.gnu.version_d)

.gnu.version_r
 *(.gnu.version_r)

.rela.init
 *(.rela.init)

.rela.text
 *(.rela.text)

.rela.fini
 *(.rela.fini)

.rela.rodata
 *(.rela.rodata)

.rela.data.rel.ro
 *(.rela.data.rel.ro)

.rela.data
 *(.rela.data)

.rela.tdata
 *(.rela.tdata)

.rela.tbss
 *(.rela.tbss)

.rela.ctors
 *(.rela.ctors)

.rela.dtors
 *(.rela.dtors)

.rela.got
 *(.rela.got)

.rela.bss
 *(.rela.bss)

.rela.ldata
 *(.rela.ldata)

.rela.lbss
 *(.rela.lbss)

.rela.lrodata
 *(.rela.lrodata)

.rela.ifunc
 *(.rela.ifunc)

.rela.plt
 *(.rela.plt)

.init
 *(SORT_NONE(.init))

.plt
 *(.plt)

.plt.got
 *(.plt.got)

.plt.sec
 *(.plt.sec)

.text           0x0000000000000000    0x1de10
 *(.text .stub)
 .text          0x0000000000000000    0x19210 /scratch/ca2627/clinicalAI/ArabicLLMBench/glibc-2.29/build/elf/dl-allobjs.os
                0x0000000000000000                _start
                0x0000000000000008                _dl_start_user
                0x0000000000001410                handle_ld_preload
                0x0000000000006db0                _dl_dst_count
                0x0000000000006e60                _dl_dst_substitute
                0x00000000000075b0                _dl_init_paths
                0x00000000000078c0                _dl_map_object
                0x0000000000008350                _dl_rtld_di_serinfo
                0x0000000000009290                _dl_lookup_symbol_x
                0x000000000000a200                _dl_setup_hash
                0x000000000000a2b0                _dl_add_to_namespace_list
                0x000000000000a340                _dl_new_object
                0x000000000000a6b0                _dl_try_allocate_static_tls
                0x000000000000a7a0                _dl_allocate_static_tls
                0x000000000000a7d0                _dl_nothread_init_static_tls
                0x000000000000a820                _dl_protect_relro
                0x000000000000a880                _dl_reloc_bad_type
                0x000000000000a950                _dl_relocate_object
                0x000000000000c370                _dl_map_object_deps
                0x000000000000d360                _dl_important_hwcaps
                0x000000000000daf0                _dl_fixup
                0x000000000000dcb0                _dl_profile_fixup
                0x000000000000e2a0                _dl_call_pltexit
                0x000000000000e4c0                _dl_init
                0x000000000000e600                _dl_fini
                0x000000000000e9c0                _dl_debug_state
                0x000000000000e9c0                __GI__dl_debug_state
                0x000000000000e9d0                _dl_debug_initialize
                0x000000000000f090                _dl_sysdep_read_whole_file
                0x000000000000f130                _dl_debug_printf
                0x000000000000f1e0                _dl_debug_printf_c
                0x000000000000f290                _dl_dprintf
                0x000000000000f330                _dl_name_match_p
                0x000000000000f3a0                _dl_higher_prime_number
                0x000000000000f3f0                _dl_strtoul
                0x000000000000f550                _dl_check_map_versions
                0x000000000000fcc0                _dl_check_all_versions
                0x000000000000fd40                _dl_start_profile
                0x00000000000104c0                __GI__dl_mcount
                0x00000000000104c0                _dl_mcount
                0x0000000000010a50                _dl_next_tls_modid
                0x0000000000010b40                _dl_count_modids
                0x0000000000010bb0                _dl_determine_tlsoffset
                0x0000000000010d60                _dl_get_tls_static_info
                0x0000000000010d80                _dl_allocate_tls_storage
                0x0000000000010e40                __GI__dl_allocate_tls_init
                0x0000000000010e40                _dl_allocate_tls_init
                0x0000000000011070                __GI__dl_allocate_tls
                0x0000000000011070                _dl_allocate_tls
                0x00000000000110b0                _dl_deallocate_tls
                0x00000000000110b0                __GI__dl_deallocate_tls
                0x0000000000011130                _dl_update_slotinfo
                0x00000000000113a0                __GI___tls_get_addr
                0x00000000000113a0                ___tls_get_addr
                0x00000000000113f0                _dl_tls_get_addr_soft
                0x0000000000011470                _dl_add_to_slotinfo
                0x0000000000011560                __tls_get_addr_slow
                0x0000000000011590                _dl_get_origin
                0x00000000000116e0                _dl_scope_free
                0x00000000000117c0                _dl_make_stack_executable
                0x00000000000117c0                __GI__dl_make_stack_executable
                0x0000000000011a30                __GI__dl_find_dso_for_object
                0x0000000000011a30                _dl_find_dso_for_object
                0x0000000000011b00                _dl_open
                0x0000000000011df0                _dl_show_scope
                0x0000000000012800                _dl_close_worker
                0x0000000000013840                _dl_close
                0x00000000000138b0                _dl_runtime_profile_avx512
                0x0000000000013d30                _dl_runtime_profile_avx
                0x00000000000141b0                _dl_runtime_profile_sse
                0x00000000000143b0                _dl_runtime_resolve_fxsave
                0x0000000000014430                _dl_runtime_resolve_xsave
                0x0000000000014500                _dl_runtime_resolve_xsavec
                0x00000000000145f0                _dl_exception_create
                0x00000000000145f0                __GI__dl_exception_create
                0x00000000000146d0                __GI__dl_exception_create_format
                0x00000000000146d0                _dl_exception_create_format
                0x0000000000014b30                _dl_exception_free
                0x0000000000014b30                __GI__dl_exception_free
                0x0000000000014b60                _dl_sort_maps
                0x0000000000014e40                _dl_cache_libcmp
                0x0000000000014f00                _dl_load_cache_lookup
                0x00000000000154d0                _dl_unload_cache
                0x00000000000155b0                __tunable_set_val
                0x00000000000155d0                __GI___tunables_init
                0x0000000000015a80                __tunable_get_val
                0x0000000000015a80                __GI___tunable_get_val
                0x0000000000015af0                _dl_make_tlsdesc_dynamic
                0x0000000000015df0                _dl_tlsdesc_resolve_rela_fixup
                0x0000000000015fa0                _dl_tlsdesc_resolve_hold_fixup
                0x0000000000015fe0                _dl_unmap
                0x0000000000016060                _dl_tlsdesc_return
                0x0000000000016070                _dl_tlsdesc_undefweak
                0x0000000000016080                _dl_tlsdesc_dynamic
                0x0000000000016120                _dl_tlsdesc_resolve_rela
                0x0000000000016190                _dl_tlsdesc_resolve_hold
                0x0000000000016210                __tls_get_addr
                0x0000000000016250                __get_cpu_features
                0x0000000000016260                _dl_tunable_set_hwcaps
                0x0000000000017300                _dl_sysdep_start
                0x0000000000017bd0                _dl_sysdep_start_cleanup
                0x0000000000017be0                _dl_show_auxv
                0x0000000000017d90                _dl_discover_osversion
                0x0000000000017f70                _dl_next_ld_env_entry
                0x0000000000017fc0                unsetenv
                0x0000000000018040                malloc
                0x0000000000018160                calloc
                0x00000000000181a0                free
                0x00000000000181e0                __sigjmp_save
                0x00000000000181f0                __strerror_r
                0x00000000000182e0                __GI___libc_fatal
                0x00000000000182e0                __libc_fatal
                0x0000000000018310                __GI___chk_fail
                0x0000000000018310                __chk_fail
                0x0000000000018320                __GI___assert_fail
                0x0000000000018320                __assert_fail
                0x0000000000018370                realloc
                0x0000000000018400                __GI___assert_perror_fail
                0x0000000000018400                __assert_perror_fail
                0x0000000000018470                _itoa
                0x00000000000184d0                __strsep
                0x00000000000184d0                strsep
                0x00000000000184d0                __strsep_g
                0x0000000000018610                _dl_signal_exception
                0x0000000000018660                _dl_signal_error
                0x00000000000186b0                _dl_signal_cexception
                0x0000000000018740                _dl_signal_cerror
                0x00000000000187c0                _dl_catch_exception
                0x0000000000018870                _dl_catch_error
                0x00000000000188c0                _dl_receive_error
                0x0000000000018910                _dl_resolve_conflicts
                0x0000000000018a60                __brk
                0x0000000000018a60                brk
                0x0000000000018ab0                sbrk
                0x0000000000018ab0                __sbrk
                0x0000000000018b40                __getcwd
                0x0000000000018b40                getcwd
                0x0000000000018fc0                openat64
                0x0000000000019020                __alloc_dir
                0x0000000000019110                __opendir
                0x0000000000019110                opendir
                0x00000000000191c0                __fxstatat
                0x00000000000191c0                __fxstatat64
                0x00000000000191c0                __GI___fxstatat64
 .text          0x0000000000019210       0xe2 /scratch/ca2627/clinicalAI/ArabicLLMBench/glibc-2.29/build/elf/rtld-libc.a(rtld-check_fds.os)
                0x00000000000192c0                __libc_check_standard_fds
 .text          0x00000000000192f2        0x0 /scratch/ca2627/clinicalAI/ArabicLLMBench/glibc-2.29/build/elf/rtld-libc.a(rtld-errno.os)
 *fill*         0x00000000000192f2        0xe 
 .text          0x0000000000019300       0x25 /scratch/ca2627/clinicalAI/ArabicLLMBench/glibc-2.29/build/elf/rtld-libc.a(rtld-closedir.os)
                0x0000000000019300                __closedir
                0x0000000000019300                closedir
 *fill*         0x0000000000019325        0xb 
 .text          0x0000000000019330       0x30 /scratch/ca2627/clinicalAI/ArabicLLMBench/glibc-2.29/build/elf/rtld-libc.a(rtld-rewinddir.os)
                0x0000000000019330                rewinddir
                0x0000000000019330                __rewinddir
 .text          0x0000000000019360       0x90 /scratch/ca2627/clinicalAI/ArabicLLMBench/glibc-2.29/build/elf/rtld-libc.a(rtld-readdir64.os)
                0x0000000000019360                readdir
                0x0000000000019360                __readdir64
                0x0000000000019360                __readdir
                0x0000000000019360                readdir64
 .text          0x00000000000193f0       0x9e /scratch/ca2627/clinicalAI/ArabicLLMBench/glibc-2.29/build/elf/rtld-libc.a(rtld-fdopendir.os)
                0x00000000000193f0                fdopendir
                0x00000000000193f0                __fdopendir
 *fill*         0x000000000001948e        0x2 
 .text          0x0000000000019490       0x20 /scratch/ca2627/clinicalAI/ArabicLLMBench/glibc-2.29/build/elf/rtld-libc.a(rtld-getdents64.os)
                0x0000000000019490                __getdents
                0x0000000000019490                __getdents64
 .text          0x00000000000194b0       0x7b /scratch/ca2627/clinicalAI/ArabicLLMBench/glibc-2.29/build/elf/rtld-libc.a(rtld-dl-addr-obj.os)
                0x00000000000194b0                _dl_addr_inside_object
 *fill*         0x000000000001952b        0x5 
 .text          0x0000000000019530      0x109 /scratch/ca2627/clinicalAI/ArabicLLMBench/glibc-2.29/build/elf/rtld-libc.a(rtld-profil.os)
                0x0000000000019580                __profil
                0x0000000000019580                profil
 *fill*         0x0000000000019639        0x7 
 .text          0x0000000000019640        0x7 /scratch/ca2627/clinicalAI/ArabicLLMBench/glibc-2.29/build/elf/rtld-libc.a(rtld-prof-freq.os)
                0x0000000000019640                __profile_frequency
 *fill*         0x0000000000019647        0x9 
 .text          0x0000000000019650       0x40 /scratch/ca2627/clinicalAI/ArabicLLMBench/glibc-2.29/build/elf/rtld-libc.a(rtld-xstat.os)
                0x0000000000019650                _xstat
                0x0000000000019650                __xstat64
                0x0000000000019650                __GI___xstat64
                0x0000000000019650                __GI___xstat
                0x0000000000019650                __xstat
 .text          0x0000000000019690       0x40 /scratch/ca2627/clinicalAI/ArabicLLMBench/glibc-2.29/build/elf/rtld-libc.a(rtld-fxstat.os)
                0x0000000000019690                __GI___fxstat
                0x0000000000019690                __GI___fxstat64
                0x0000000000019690                __fxstat64
                0x0000000000019690                _fxstat
                0x0000000000019690                __fxstat
 .text          0x00000000000196d0       0x40 /scratch/ca2627/clinicalAI/ArabicLLMBench/glibc-2.29/build/elf/rtld-libc.a(rtld-lxstat.os)
                0x00000000000196d0                __GI___lxstat
                0x00000000000196d0                _lxstat
                0x00000000000196d0                __lxstat
                0x00000000000196d0                __lxstat64
                0x00000000000196d0                __GI___lxstat64
 .text          0x0000000000019710       0x20 /scratch/ca2627/clinicalAI/ArabicLLMBench/glibc-2.29/build/elf/rtld-libc.a(rtld-lseek64.os)
                0x0000000000019710                __lseek64
                0x0000000000019710                lseek
                0x0000000000019710                __libc_lseek64
                0x0000000000019710                __lseek
                0x0000000000019710                __libc_lseek
                0x0000000000019710                lseek64
 .text          0x0000000000019730       0x1e /scratch/ca2627/clinicalAI/ArabicLLMBench/glibc-2.29/build/elf/rtld-libc.a(rtld-access.os)
                0x0000000000019730                access
                0x0000000000019730                __access
 *fill*         0x000000000001974e        0x2 
 .text          0x0000000000019750       0x1e /scratch/ca2627/clinicalAI/ArabicLLMBench/glibc-2.29/build/elf/rtld-libc.a(rtld-close_nocancel.os)
                0x0000000000019750                __GI___close_nocancel
 *fill*         0x000000000001976e        0x2 
 .text          0x0000000000019770       0x7f /scratch/ca2627/clinicalAI/ArabicLLMBench/glibc-2.29/build/elf/rtld-libc.a(rtld-fcntl_nocancel.os)
                0x0000000000019770                __fcntl64_nocancel_adjusted
                0x00000000000197c0                __fcntl64_nocancel
                0x00000000000197c0                __GI___fcntl64_nocancel
 *fill*         0x00000000000197ef        0x1 
 .text          0x00000000000197f0       0x76 /scratch/ca2627/clinicalAI/ArabicLLMBench/glibc-2.29/build/elf/rtld-libc.a(rtld-open64_nocancel.os)
                0x00000000000197f0                __GI___open_nocancel
                0x00000000000197f0                __open_nocancel
                0x00000000000197f0                __GI___open64_nocancel
                0x00000000000197f0                __open64_nocancel
 *fill*         0x0000000000019866        0xa 
 .text          0x0000000000019870       0x66 /scratch/ca2627/clinicalAI/ArabicLLMBench/glibc-2.29/build/elf/rtld-libc.a(rtld-openat64_nocancel.os)
                0x0000000000019870                __GI___openat64_nocancel
                0x0000000000019870                __openat64_nocancel
                0x0000000000019870                __GI___openat_nocancel
                0x0000000000019870                __openat_nocancel
 *fill*         0x00000000000198d6        0xa 
 .text          0x00000000000198e0       0x20 /scratch/ca2627/clinicalAI/ArabicLLMBench/glibc-2.29/build/elf/rtld-libc.a(rtld-read_nocancel.os)
                0x00000000000198e0                __read_nocancel
                0x00000000000198e0                __GI___read_nocancel
 .text          0x0000000000019900       0x20 /scratch/ca2627/clinicalAI/ArabicLLMBench/glibc-2.29/build/elf/rtld-libc.a(rtld-write_nocancel.os)
                0x0000000000019900                __GI___write_nocancel
                0x0000000000019900                __write_nocancel
 .text          0x0000000000019920       0xaa /scratch/ca2627/clinicalAI/ArabicLLMBench/glibc-2.29/build/elf/rtld-libc.a(rtld-scratch_buffer_set_array_size.os)
                0x0000000000019920                __libc_scratch_buffer_set_array_size
 *fill*         0x00000000000199ca        0x6 
 .text          0x00000000000199d0       0x91 /scratch/ca2627/clinicalAI/ArabicLLMBench/glibc-2.29/build/elf/rtld-libc.a(rtld-mmap64.os)
                0x00000000000199d0                __mmap
                0x00000000000199d0                mmap
                0x00000000000199d0                __mmap64
                0x00000000000199d0                mmap64
 *fill*         0x0000000000019a61        0xf 
 .text          0x0000000000019a70       0x20 /scratch/ca2627/clinicalAI/ArabicLLMBench/glibc-2.29/build/elf/rtld-libc.a(rtld-munmap.os)
                0x0000000000019a70                munmap
                0x0000000000019a70                __GI___munmap
                0x0000000000019a70                __GI_munmap
                0x0000000000019a70                __munmap
 .text          0x0000000000019a90       0x20 /scratch/ca2627/clinicalAI/ArabicLLMBench/glibc-2.29/build/elf/rtld-libc.a(rtld-mprotect.os)
                0x0000000000019a90                __mprotect
                0x0000000000019a90                __GI___mprotect
                0x0000000000019a90                __GI_mprotect
                0x0000000000019a90                mprotect
 .text          0x0000000000019ab0       0x20 /scratch/ca2627/clinicalAI/ArabicLLMBench/glibc-2.29/build/elf/rtld-libc.a(rtld-uname.os)
                0x0000000000019ab0                uname
                0x0000000000019ab0                __GI_uname
                0x0000000000019ab0                __uname
                0x0000000000019ab0                __GI___uname
 .text          0x0000000000019ad0       0x4a /scratch/ca2627/clinicalAI/ArabicLLMBench/glibc-2.29/build/elf/rtld-libc.a(rtld-_exit.os)
                0x0000000000019ad0                _Exit
                0x0000000000019ad0                __GI__exit
                0x0000000000019ad0                _exit
 *fill*         0x0000000000019b1a        0x6 
 .text          0x0000000000019b20        0x8 /scratch/ca2627/clinicalAI/ArabicLLMBench/glibc-2.29/build/elf/rtld-libc.a(rtld-getpid.os)
                0x0000000000019b20                __getpid
                0x0000000000019b20                getpid
                0x0000000000019b20                __GI_getpid
                0x0000000000019b20                __GI___getpid
 .text          0x0000000000019b28        0x0 /scratch/ca2627/clinicalAI/ArabicLLMBench/glibc-2.29/build/elf/rtld-libc.a(rtld-environ.os)
 *fill*         0x0000000000019b28        0x8 
 .text          0x0000000000019b30       0x4f /scratch/ca2627/clinicalAI/ArabicLLMBench/glibc-2.29/build/elf/rtld-libc.a(rtld-setjmp.os)
                0x0000000000019b30                __sigsetjmp
                0x0000000000019b30                __GI___sigsetjmp
 *fill*         0x0000000000019b7f        0x1 
 .text          0x0000000000019b80       0x4a /scratch/ca2627/clinicalAI/ArabicLLMBench/glibc-2.29/build/elf/rtld-libc.a(rtld-__longjmp.os)
                0x0000000000019b80                __longjmp
 *fill*         0x0000000000019bca        0x6 
 .text          0x0000000000019bd0      0x1e8 /scratch/ca2627/clinicalAI/ArabicLLMBench/glibc-2.29/build/elf/rtld-libc.a(rtld-sigaction.os)
                0x0000000000019bf0                __libc_sigaction
                0x0000000000019d90                sigaction
                0x0000000000019d90                __sigaction
 *fill*         0x0000000000019db8        0x8 
 .text          0x0000000000019dc0       0x3c /scratch/ca2627/clinicalAI/ArabicLLMBench/glibc-2.29/build/elf/rtld-libc.a(rtld-strdup.os)
                0x0000000000019dc0                __strdup
                0x0000000000019dc0                strdup
 *fill*         0x0000000000019dfc        0x4 
 .text          0x0000000000019e00     0x1439 /scratch/ca2627/clinicalAI/ArabicLLMBench/glibc-2.29/build/elf/rtld-libc.a(rtld-strcmp-sse2.os)
                0x0000000000019e00                strcmp
 *fill*         0x000000000001b239        0x7 
 .text          0x000000000001b240     0x1849 /scratch/ca2627/clinicalAI/ArabicLLMBench/glibc-2.29/build/elf/rtld-libc.a(rtld-strncmp-sse2.os)
                0x000000000001b240                strncmp
 *fill*         0x000000000001ca89        0x7 
 .text          0x000000000001ca90      0x323 /scratch/ca2627/clinicalAI/ArabicLLMBench/glibc-2.29/build/elf/rtld-libc.a(rtld-memchr-sse2.os)
                0x000000000001ca90                memchr
                0x000000000001ca90                __memchr
 *fill*         0x000000000001cdb3        0xd 
 .text          0x000000000001cdc0      0x1f9 /scratch/ca2627/clinicalAI/ArabicLLMBench/glibc-2.29/build/elf/rtld-libc.a(rtld-rawmemchr-sse2.os)
                0x000000000001cdc0                __rawmemchr
                0x000000000001cdc0                rawmemchr
 *fill*         0x000000000001cfb9        0x7 
 .text          0x000000000001cfc0      0x400 /scratch/ca2627/clinicalAI/ArabicLLMBench/glibc-2.29/build/elf/rtld-libc.a(rtld-memcmp-sse2.os)
                0x000000000001cfc0                bcmp
                0x000000000001cfc0                memcmp
 .text          0x000000000001d3c0      0x21a /scratch/ca2627/clinicalAI/ArabicLLMBench/glibc-2.29/build/elf/rtld-libc.a(rtld-strchr-sse2.os)
                0x000000000001d3c0                index
                0x000000000001d3c0                strchr
 *fill*         0x000000000001d5da        0x6 
 .text          0x000000000001d5e0      0x19c /scratch/ca2627/clinicalAI/ArabicLLMBench/glibc-2.29/build/elf/rtld-libc.a(rtld-strlen-sse2.os)
                0x000000000001d5e0                strlen
 *fill*         0x000000000001d77c        0x4 
 .text          0x000000000001d780      0x218 /scratch/ca2627/clinicalAI/ArabicLLMBench/glibc-2.29/build/elf/rtld-libc.a(rtld-strnlen-sse2.os)
                0x000000000001d780                __strnlen
                0x000000000001d780                strnlen
 *fill*         0x000000000001d998        0x8 
 .text          0x000000000001d9a0       0xdc /scratch/ca2627/clinicalAI/ArabicLLMBench/glibc-2.29/build/elf/rtld-libc.a(rtld-stpcpy-sse2.os)
                0x000000000001d9a0                stpcpy
                0x000000000001d9a0                __stpcpy
 *fill*         0x000000000001da7c        0x4 
 .text          0x000000000001da80       0x97 /scratch/ca2627/clinicalAI/ArabicLLMBench/glibc-2.29/build/elf/rtld-libc.a(rtld-strcspn-sse2.os)
                0x000000000001da80                strcspn
 *fill*         0x000000000001db17        0x9 
 .text          0x000000000001db20      0x1ed /scratch/ca2627/clinicalAI/ArabicLLMBench/glibc-2.29/build/elf/rtld-libc.a(rtld-memmove-sse2-unaligned-erms.os)
                0x000000000001db20                mempcpy
                0x000000000001db20                __mempcpy
                0x000000000001db30                memmove
                0x000000000001db30                memcpy
 *fill*         0x000000000001dd0d        0x3 
 .text          0x000000000001dd10       0xda /scratch/ca2627/clinicalAI/ArabicLLMBench/glibc-2.29/build/elf/rtld-libc.a(rtld-memset-sse2-unaligned-erms.os)
                0x000000000001dd10                memset
 *fill*         0x000000000001ddea        0x6 
 .text          0x000000000001ddf0       0x20 /scratch/ca2627/clinicalAI/ArabicLLMBench/glibc-2.29/build/elf/rtld-libc.a(rtld-setitimer.os)
                0x000000000001ddf0                setitimer
                0x000000000001ddf0                __setitimer
                0x000000000001ddf0                __GI_setitimer
                0x000000000001ddf0                __GI___setitimer
 *(.gnu.warning)

.fini
 *(SORT_NONE(.fini))

.rodata         0x0000000000000000      0xf28
 *(.rodata)
 .rodata        0x0000000000000000      0xea4 /scratch/ca2627/clinicalAI/ArabicLLMBench/glibc-2.29/build/elf/dl-allobjs.os
 *fill*         0x0000000000000ea4        0x4 
 .rodata        0x0000000000000ea8       0x40 /scratch/ca2627/clinicalAI/ArabicLLMBench/glibc-2.29/build/elf/rtld-libc.a(rtld-strcmp-sse2.os)
 .rodata        0x0000000000000ee8       0x40 /scratch/ca2627/clinicalAI/ArabicLLMBench/glibc-2.29/build/elf/rtld-libc.a(rtld-strncmp-sse2.os)

.rodata.str1.1  0x0000000000000000     0x1215
 .rodata.str1.1
                0x0000000000000000     0x1201 /scratch/ca2627/clinicalAI/ArabicLLMBench/glibc-2.29/build/elf/dl-allobjs.os
 .rodata.str1.1
                0x0000000000001201       0x14 /scratch/ca2627/clinicalAI/ArabicLLMBench/glibc-2.29/build/elf/rtld-libc.a(rtld-check_fds.os)

.rodata.str1.8  0x0000000000000000     0x2569
 .rodata.str1.8
                0x0000000000000000     0x2569 /scratch/ca2627/clinicalAI/ArabicLLMBench/glibc-2.29/build/elf/dl-allobjs.os

.rodata.str1.16
                0x0000000000000000      0x346
 .rodata.str1.16
                0x0000000000000000      0x346 /scratch/ca2627/clinicalAI/ArabicLLMBench/glibc-2.29/build/elf/dl-allobjs.os
                0x0000000000000310                __GI__itoa_lower_digits
                0x0000000000000310                _itoa_lower_digits

.rodata.cst16   0x0000000000000000       0x10
 .rodata.cst16  0x0000000000000000       0x10 /scratch/ca2627/clinicalAI/ArabicLLMBench/glibc-2.29/build/elf/dl-allobjs.os

.rodata.cst4    0x0000000000000000        0x4
 .rodata.cst4   0x0000000000000000        0x4 /scratch/ca2627/clinicalAI/ArabicLLMBench/glibc-2.29/build/elf/dl-allobjs.os

.rodata.str1.32
                0x0000000000000000       0x3b
 .rodata.str1.32
                0x0000000000000000       0x3b /scratch/ca2627/clinicalAI/ArabicLLMBench/glibc-2.29/build/elf/dl-allobjs.os

.rodata1
 *(.rodata1)

.eh_frame_hdr
 *(.eh_frame_hdr)

.eh_frame       0x0000000000000000     0x2e3c
 *(.eh_frame)
 .eh_frame      0x0000000000000000     0x2408 /scratch/ca2627/clinicalAI/ArabicLLMBench/glibc-2.29/build/elf/dl-allobjs.os
                                       0x245c (size before relaxing)
 *fill*         0x0000000000002408        0x0 
 .eh_frame      0x0000000000002408       0x68 /scratch/ca2627/clinicalAI/ArabicLLMBench/glibc-2.29/build/elf/rtld-libc.a(rtld-check_fds.os)
 .eh_frame      0x0000000000002470       0x38 /scratch/ca2627/clinicalAI/ArabicLLMBench/glibc-2.29/build/elf/rtld-libc.a(rtld-closedir.os)
 .eh_frame      0x00000000000024a8       0x38 /scratch/ca2627/clinicalAI/ArabicLLMBench/glibc-2.29/build/elf/rtld-libc.a(rtld-rewinddir.os)
 .eh_frame      0x00000000000024e0       0x50 /scratch/ca2627/clinicalAI/ArabicLLMBench/glibc-2.29/build/elf/rtld-libc.a(rtld-readdir64.os)
 .eh_frame      0x0000000000002530       0x50 /scratch/ca2627/clinicalAI/ArabicLLMBench/glibc-2.29/build/elf/rtld-libc.a(rtld-fdopendir.os)
 .eh_frame      0x0000000000002580       0x30 /scratch/ca2627/clinicalAI/ArabicLLMBench/glibc-2.29/build/elf/rtld-libc.a(rtld-getdents64.os)
 .eh_frame      0x00000000000025b0       0x30 /scratch/ca2627/clinicalAI/ArabicLLMBench/glibc-2.29/build/elf/rtld-libc.a(rtld-dl-addr-obj.os)
 .eh_frame      0x00000000000025e0       0x48 /scratch/ca2627/clinicalAI/ArabicLLMBench/glibc-2.29/build/elf/rtld-libc.a(rtld-profil.os)
 .eh_frame      0x0000000000002628       0x30 /scratch/ca2627/clinicalAI/ArabicLLMBench/glibc-2.29/build/elf/rtld-libc.a(rtld-prof-freq.os)
 .eh_frame      0x0000000000002658       0x30 /scratch/ca2627/clinicalAI/ArabicLLMBench/glibc-2.29/build/elf/rtld-libc.a(rtld-xstat.os)
 .eh_frame      0x0000000000002688       0x30 /scratch/ca2627/clinicalAI/ArabicLLMBench/glibc-2.29/build/elf/rtld-libc.a(rtld-fxstat.os)
 .eh_frame      0x00000000000026b8       0x30 /scratch/ca2627/clinicalAI/ArabicLLMBench/glibc-2.29/build/elf/rtld-libc.a(rtld-lxstat.os)
 .eh_frame      0x00000000000026e8       0x30 /scratch/ca2627/clinicalAI/ArabicLLMBench/glibc-2.29/build/elf/rtld-libc.a(rtld-lseek64.os)
 .eh_frame      0x0000000000002718       0x30 /scratch/ca2627/clinicalAI/ArabicLLMBench/glibc-2.29/build/elf/rtld-libc.a(rtld-access.os)
 .eh_frame      0x0000000000002748       0x30 /scratch/ca2627/clinicalAI/ArabicLLMBench/glibc-2.29/build/elf/rtld-libc.a(rtld-close_nocancel.os)
 .eh_frame      0x0000000000002778       0x48 /scratch/ca2627/clinicalAI/ArabicLLMBench/glibc-2.29/build/elf/rtld-libc.a(rtld-fcntl_nocancel.os)
 .eh_frame      0x00000000000027c0       0x30 /scratch/ca2627/clinicalAI/ArabicLLMBench/glibc-2.29/build/elf/rtld-libc.a(rtld-open64_nocancel.os)
 .eh_frame      0x00000000000027f0       0x30 /scratch/ca2627/clinicalAI/ArabicLLMBench/glibc-2.29/build/elf/rtld-libc.a(rtld-openat64_nocancel.os)
 .eh_frame      0x0000000000002820       0x30 /scratch/ca2627/clinicalAI/ArabicLLMBench/glibc-2.29/build/elf/rtld-libc.a(rtld-read_nocancel.os)
 .eh_frame      0x0000000000002850       0x30 /scratch/ca2627/clinicalAI/ArabicLLMBench/glibc-2.29/build/elf/rtld-libc.a(rtld-write_nocancel.os)
 .eh_frame      0x0000000000002880       0x58 /scratch/ca2627/clinicalAI/ArabicLLMBench/glibc-2.29/build/elf/rtld-libc.a(rtld-scratch_buffer_set_array_size.os)
 .eh_frame      0x00000000000028d8       0x48 /scratch/ca2627/clinicalAI/ArabicLLMBench/glibc-2.29/build/elf/rtld-libc.a(rtld-mmap64.os)
 .eh_frame      0x0000000000002920       0x30 /scratch/ca2627/clinicalAI/ArabicLLMBench/glibc-2.29/build/elf/rtld-libc.a(rtld-munmap.os)
 .eh_frame      0x0000000000002950       0x30 /scratch/ca2627/clinicalAI/ArabicLLMBench/glibc-2.29/build/elf/rtld-libc.a(rtld-mprotect.os)
 .eh_frame      0x0000000000002980       0x30 /scratch/ca2627/clinicalAI/ArabicLLMBench/glibc-2.29/build/elf/rtld-libc.a(rtld-uname.os)
 .eh_frame      0x00000000000029b0       0x30 /scratch/ca2627/clinicalAI/ArabicLLMBench/glibc-2.29/build/elf/rtld-libc.a(rtld-_exit.os)
 .eh_frame      0x00000000000029e0       0x30 /scratch/ca2627/clinicalAI/ArabicLLMBench/glibc-2.29/build/elf/rtld-libc.a(rtld-getpid.os)
 .eh_frame      0x0000000000002a10       0x30 /scratch/ca2627/clinicalAI/ArabicLLMBench/glibc-2.29/build/elf/rtld-libc.a(rtld-setjmp.os)
 .eh_frame      0x0000000000002a40       0x48 /scratch/ca2627/clinicalAI/ArabicLLMBench/glibc-2.29/build/elf/rtld-libc.a(rtld-__longjmp.os)
 .eh_frame      0x0000000000002a88       0xe0 /scratch/ca2627/clinicalAI/ArabicLLMBench/glibc-2.29/build/elf/rtld-libc.a(rtld-sigaction.os)
                                         0xe8 (size before relaxing)
 .eh_frame      0x0000000000002b68       0x50 /scratch/ca2627/clinicalAI/ArabicLLMBench/glibc-2.29/build/elf/rtld-libc.a(rtld-strdup.os)
 .eh_frame      0x0000000000002bb8       0x30 /scratch/ca2627/clinicalAI/ArabicLLMBench/glibc-2.29/build/elf/rtld-libc.a(rtld-strcmp-sse2.os)
 .eh_frame      0x0000000000002be8       0x30 /scratch/ca2627/clinicalAI/ArabicLLMBench/glibc-2.29/build/elf/rtld-libc.a(rtld-strncmp-sse2.os)
 .eh_frame      0x0000000000002c18       0x30 /scratch/ca2627/clinicalAI/ArabicLLMBench/glibc-2.29/build/elf/rtld-libc.a(rtld-memchr-sse2.os)
 .eh_frame      0x0000000000002c48       0x30 /scratch/ca2627/clinicalAI/ArabicLLMBench/glibc-2.29/build/elf/rtld-libc.a(rtld-rawmemchr-sse2.os)
 .eh_frame      0x0000000000002c78       0x30 /scratch/ca2627/clinicalAI/ArabicLLMBench/glibc-2.29/build/elf/rtld-libc.a(rtld-memcmp-sse2.os)
 .eh_frame      0x0000000000002ca8       0x30 /scratch/ca2627/clinicalAI/ArabicLLMBench/glibc-2.29/build/elf/rtld-libc.a(rtld-strchr-sse2.os)
 .eh_frame      0x0000000000002cd8       0x30 /scratch/ca2627/clinicalAI/ArabicLLMBench/glibc-2.29/build/elf/rtld-libc.a(rtld-strlen-sse2.os)
 .eh_frame      0x0000000000002d08       0x30 /scratch/ca2627/clinicalAI/ArabicLLMBench/glibc-2.29/build/elf/rtld-libc.a(rtld-strnlen-sse2.os)
 .eh_frame      0x0000000000002d38       0x30 /scratch/ca2627/clinicalAI/ArabicLLMBench/glibc-2.29/build/elf/rtld-libc.a(rtld-stpcpy-sse2.os)
 .eh_frame      0x0000000000002d68       0x38 /scratch/ca2627/clinicalAI/ArabicLLMBench/glibc-2.29/build/elf/rtld-libc.a(rtld-strcspn-sse2.os)
 .eh_frame      0x0000000000002da0       0x40 /scratch/ca2627/clinicalAI/ArabicLLMBench/glibc-2.29/build/elf/rtld-libc.a(rtld-memmove-sse2-unaligned-erms.os)
 .eh_frame      0x0000000000002de0       0x30 /scratch/ca2627/clinicalAI/ArabicLLMBench/glibc-2.29/build/elf/rtld-libc.a(rtld-memset-sse2-unaligned-erms.os)
 .eh_frame      0x0000000000002e10       0x2c /scratch/ca2627/clinicalAI/ArabicLLMBench/glibc-2.29/build/elf/rtld-libc.a(rtld-setitimer.os)
                                         0x30 (size before relaxing)

.gcc_except_table
 *(.gcc_except_table)

.gnu_extab
 *(.gnu_extab*)

.exception_ranges
 *(.exception_ranges)

.eh_frame
 *(.eh_frame)

.gnu_extab
 *(.gnu_extab)

.gcc_except_table
 *(.gcc_except_table)

.exception_ranges
 *(.exception_ranges)

.tdata
 *(.tdata)

.tbss
 *(.tbss)

.jcr
 *(.jcr)

.dynamic
 *(.dynamic)

.got
 *(.got)

.got.plt
 *(.got.plt)

.data           0x0000000000000000      0xf98
 *(.data)
 .data          0x0000000000000000      0xf98 /scratch/ca2627/clinicalAI/ArabicLLMBench/glibc-2.29/build/elf/dl-allobjs.os
                0x0000000000000000                _rtld_global
                0x0000000000000000                _rtld_local
 .data          0x0000000000000f98        0x0 /scratch/ca2627/clinicalAI/ArabicLLMBench/glibc-2.29/build/elf/rtld-libc.a(rtld-check_fds.os)
 .data          0x0000000000000f98        0x0 /scratch/ca2627/clinicalAI/ArabicLLMBench/glibc-2.29/build/elf/rtld-libc.a(rtld-errno.os)
 .data          0x0000000000000f98        0x0 /scratch/ca2627/clinicalAI/ArabicLLMBench/glibc-2.29/build/elf/rtld-libc.a(rtld-closedir.os)
 .data          0x0000000000000f98        0x0 /scratch/ca2627/clinicalAI/ArabicLLMBench/glibc-2.29/build/elf/rtld-libc.a(rtld-rewinddir.os)
 .data          0x0000000000000f98        0x0 /scratch/ca2627/clinicalAI/ArabicLLMBench/glibc-2.29/build/elf/rtld-libc.a(rtld-readdir64.os)
 .data          0x0000000000000f98        0x0 /scratch/ca2627/clinicalAI/ArabicLLMBench/glibc-2.29/build/elf/rtld-libc.a(rtld-fdopendir.os)
 .data          0x0000000000000f98        0x0 /scratch/ca2627/clinicalAI/ArabicLLMBench/glibc-2.29/build/elf/rtld-libc.a(rtld-getdents64.os)
 .data          0x0000000000000f98        0x0 /scratch/ca2627/clinicalAI/ArabicLLMBench/glibc-2.29/build/elf/rtld-libc.a(rtld-dl-addr-obj.os)
 .data          0x0000000000000f98        0x0 /scratch/ca2627/clinicalAI/ArabicLLMBench/glibc-2.29/build/elf/rtld-libc.a(rtld-profil.os)
 .data          0x0000000000000f98        0x0 /scratch/ca2627/clinicalAI/ArabicLLMBench/glibc-2.29/build/elf/rtld-libc.a(rtld-prof-freq.os)
 .data          0x0000000000000f98        0x0 /scratch/ca2627/clinicalAI/ArabicLLMBench/glibc-2.29/build/elf/rtld-libc.a(rtld-xstat.os)
 .data          0x0000000000000f98        0x0 /scratch/ca2627/clinicalAI/ArabicLLMBench/glibc-2.29/build/elf/rtld-libc.a(rtld-fxstat.os)
 .data          0x0000000000000f98        0x0 /scratch/ca2627/clinicalAI/ArabicLLMBench/glibc-2.29/build/elf/rtld-libc.a(rtld-lxstat.os)
 .data          0x0000000000000f98        0x0 /scratch/ca2627/clinicalAI/ArabicLLMBench/glibc-2.29/build/elf/rtld-libc.a(rtld-lseek64.os)
 .data          0x0000000000000f98        0x0 /scratch/ca2627/clinicalAI/ArabicLLMBench/glibc-2.29/build/elf/rtld-libc.a(rtld-access.os)
 .data          0x0000000000000f98        0x0 /scratch/ca2627/clinicalAI/ArabicLLMBench/glibc-2.29/build/elf/rtld-libc.a(rtld-close_nocancel.os)
 .data          0x0000000000000f98        0x0 /scratch/ca2627/clinicalAI/ArabicLLMBench/glibc-2.29/build/elf/rtld-libc.a(rtld-fcntl_nocancel.os)
 .data          0x0000000000000f98        0x0 /scratch/ca2627/clinicalAI/ArabicLLMBench/glibc-2.29/build/elf/rtld-libc.a(rtld-open64_nocancel.os)
 .data          0x0000000000000f98        0x0 /scratch/ca2627/clinicalAI/ArabicLLMBench/glibc-2.29/build/elf/rtld-libc.a(rtld-openat64_nocancel.os)
 .data          0x0000000000000f98        0x0 /scratch/ca2627/clinicalAI/ArabicLLMBench/glibc-2.29/build/elf/rtld-libc.a(rtld-read_nocancel.os)
 .data          0x0000000000000f98        0x0 /scratch/ca2627/clinicalAI/ArabicLLMBench/glibc-2.29/build/elf/rtld-libc.a(rtld-write_nocancel.os)
 .data          0x0000000000000f98        0x0 /scratch/ca2627/clinicalAI/ArabicLLMBench/glibc-2.29/build/elf/rtld-libc.a(rtld-scratch_buffer_set_array_size.os)
 .data          0x0000000000000f98        0x0 /scratch/ca2627/clinicalAI/ArabicLLMBench/glibc-2.29/build/elf/rtld-libc.a(rtld-mmap64.os)
 .data          0x0000000000000f98        0x0 /scratch/ca2627/clinicalAI/ArabicLLMBench/glibc-2.29/build/elf/rtld-libc.a(rtld-munmap.os)
 .data          0x0000000000000f98        0x0 /scratch/ca2627/clinicalAI/ArabicLLMBench/glibc-2.29/build/elf/rtld-libc.a(rtld-mprotect.os)
 .data          0x0000000000000f98        0x0 /scratch/ca2627/clinicalAI/ArabicLLMBench/glibc-2.29/build/elf/rtld-libc.a(rtld-uname.os)
 .data          0x0000000000000f98        0x0 /scratch/ca2627/clinicalAI/ArabicLLMBench/glibc-2.29/build/elf/rtld-libc.a(rtld-_exit.os)
 .data          0x0000000000000f98        0x0 /scratch/ca2627/clinicalAI/ArabicLLMBench/glibc-2.29/build/elf/rtld-libc.a(rtld-getpid.os)
 .data          0x0000000000000f98        0x0 /scratch/ca2627/clinicalAI/ArabicLLMBench/glibc-2.29/build/elf/rtld-libc.a(rtld-environ.os)
 .data          0x0000000000000f98        0x0 /scratch/ca2627/clinicalAI/ArabicLLMBench/glibc-2.29/build/elf/rtld-libc.a(rtld-setjmp.os)
 .data          0x0000000000000f98        0x0 /scratch/ca2627/clinicalAI/ArabicLLMBench/glibc-2.29/build/elf/rtld-libc.a(rtld-__longjmp.os)
 .data          0x0000000000000f98        0x0 /scratch/ca2627/clinicalAI/ArabicLLMBench/glibc-2.29/build/elf/rtld-libc.a(rtld-sigaction.os)
 .data          0x0000000000000f98        0x0 /scratch/ca2627/clinicalAI/ArabicLLMBench/glibc-2.29/build/elf/rtld-libc.a(rtld-strdup.os)
 .data          0x0000000000000f98        0x0 /scratch/ca2627/clinicalAI/ArabicLLMBench/glibc-2.29/build/elf/rtld-libc.a(rtld-strcmp-sse2.os)
 .data          0x0000000000000f98        0x0 /scratch/ca2627/clinicalAI/ArabicLLMBench/glibc-2.29/build/elf/rtld-libc.a(rtld-strncmp-sse2.os)
 .data          0x0000000000000f98        0x0 /scratch/ca2627/clinicalAI/ArabicLLMBench/glibc-2.29/build/elf/rtld-libc.a(rtld-memchr-sse2.os)
 .data          0x0000000000000f98        0x0 /scratch/ca2627/clinicalAI/ArabicLLMBench/glibc-2.29/build/elf/rtld-libc.a(rtld-rawmemchr-sse2.os)
 .data          0x0000000000000f98        0x0 /scratch/ca2627/clinicalAI/ArabicLLMBench/glibc-2.29/build/elf/rtld-libc.a(rtld-memcmp-sse2.os)
 .data          0x0000000000000f98        0x0 /scratch/ca2627/clinicalAI/ArabicLLMBench/glibc-2.29/build/elf/rtld-libc.a(rtld-strchr-sse2.os)
 .data          0x0000000000000f98        0x0 /scratch/ca2627/clinicalAI/ArabicLLMBench/glibc-2.29/build/elf/rtld-libc.a(rtld-strlen-sse2.os)
 .data          0x0000000000000f98        0x0 /scratch/ca2627/clinicalAI/ArabicLLMBench/glibc-2.29/build/elf/rtld-libc.a(rtld-strnlen-sse2.os)
 .data          0x0000000000000f98        0x0 /scratch/ca2627/clinicalAI/ArabicLLMBench/glibc-2.29/build/elf/rtld-libc.a(rtld-stpcpy-sse2.os)
 .data          0x0000000000000f98        0x0 /scratch/ca2627/clinicalAI/ArabicLLMBench/glibc-2.29/build/elf/rtld-libc.a(rtld-strcspn-sse2.os)
 .data          0x0000000000000f98        0x0 /scratch/ca2627/clinicalAI/ArabicLLMBench/glibc-2.29/build/elf/rtld-libc.a(rtld-memmove-sse2-unaligned-erms.os)
 .data          0x0000000000000f98        0x0 /scratch/ca2627/clinicalAI/ArabicLLMBench/glibc-2.29/build/elf/rtld-libc.a(rtld-memset-sse2-unaligned-erms.os)
 .data          0x0000000000000f98        0x0 /scratch/ca2627/clinicalAI/ArabicLLMBench/glibc-2.29/build/elf/rtld-libc.a(rtld-setitimer.os)

.data.rel.ro    0x0000000000000000      0x8ac
 .data.rel.ro   0x0000000000000000      0x8ac /scratch/ca2627/clinicalAI/ArabicLLMBench/glibc-2.29/build/elf/dl-allobjs.os
                0x00000000000000b0                __pointer_chk_guard_local
                0x00000000000000b8                _dl_skip_args
                0x00000000000000c0                __GI__dl_argv
                0x00000000000000c0                _dl_argv
                0x00000000000000c8                _dl_argc
                0x00000000000000e0                _rtld_global_ro
                0x00000000000000e0                _rtld_local_ro
                0x0000000000000310                __stack_prot
                0x0000000000000898                _dl_random
                0x00000000000008a0                __libc_stack_end
                0x00000000000008a0                __GI___libc_stack_end
                0x00000000000008a8                __GI___libc_enable_secure
                0x00000000000008a8                __libc_enable_secure

.data1
 *(.data1)

.bss            0x0000000000000000      0x140
 *(.bss)
 .bss           0x0000000000000000      0x118 /scratch/ca2627/clinicalAI/ArabicLLMBench/glibc-2.29/build/elf/dl-allobjs.os
                0x00000000000000e0                __libc_multiple_libcs
                0x0000000000000110                __curbrk
 .bss           0x0000000000000118        0x0 /scratch/ca2627/clinicalAI/ArabicLLMBench/glibc-2.29/build/elf/rtld-libc.a(rtld-check_fds.os)
 .bss           0x0000000000000118        0x0 /scratch/ca2627/clinicalAI/ArabicLLMBench/glibc-2.29/build/elf/rtld-libc.a(rtld-errno.os)
 .bss           0x0000000000000118        0x0 /scratch/ca2627/clinicalAI/ArabicLLMBench/glibc-2.29/build/elf/rtld-libc.a(rtld-closedir.os)
 .bss           0x0000000000000118        0x0 /scratch/ca2627/clinicalAI/ArabicLLMBench/glibc-2.29/build/elf/rtld-libc.a(rtld-rewinddir.os)
 .bss           0x0000000000000118        0x0 /scratch/ca2627/clinicalAI/ArabicLLMBench/glibc-2.29/build/elf/rtld-libc.a(rtld-readdir64.os)
 .bss           0x0000000000000118        0x0 /scratch/ca2627/clinicalAI/ArabicLLMBench/glibc-2.29/build/elf/rtld-libc.a(rtld-fdopendir.os)
 .bss           0x0000000000000118        0x0 /scratch/ca2627/clinicalAI/ArabicLLMBench/glibc-2.29/build/elf/rtld-libc.a(rtld-getdents64.os)
 .bss           0x0000000000000118        0x0 /scratch/ca2627/clinicalAI/ArabicLLMBench/glibc-2.29/build/elf/rtld-libc.a(rtld-dl-addr-obj.os)
 .bss           0x0000000000000118       0x20 /scratch/ca2627/clinicalAI/ArabicLLMBench/glibc-2.29/build/elf/rtld-libc.a(rtld-profil.os)
 .bss           0x0000000000000138        0x0 /scratch/ca2627/clinicalAI/ArabicLLMBench/glibc-2.29/build/elf/rtld-libc.a(rtld-prof-freq.os)
 .bss           0x0000000000000138        0x0 /scratch/ca2627/clinicalAI/ArabicLLMBench/glibc-2.29/build/elf/rtld-libc.a(rtld-xstat.os)
 .bss           0x0000000000000138        0x0 /scratch/ca2627/clinicalAI/ArabicLLMBench/glibc-2.29/build/elf/rtld-libc.a(rtld-fxstat.os)
 .bss           0x0000000000000138        0x0 /scratch/ca2627/clinicalAI/ArabicLLMBench/glibc-2.29/build/elf/rtld-libc.a(rtld-lxstat.os)
 .bss           0x0000000000000138        0x0 /scratch/ca2627/clinicalAI/ArabicLLMBench/glibc-2.29/build/elf/rtld-libc.a(rtld-lseek64.os)
 .bss           0x0000000000000138        0x0 /scratch/ca2627/clinicalAI/ArabicLLMBench/glibc-2.29/build/elf/rtld-libc.a(rtld-access.os)
 .bss           0x0000000000000138        0x0 /scratch/ca2627/clinicalAI/ArabicLLMBench/glibc-2.29/build/elf/rtld-libc.a(rtld-close_nocancel.os)
 .bss           0x0000000000000138        0x0 /scratch/ca2627/clinicalAI/ArabicLLMBench/glibc-2.29/build/elf/rtld-libc.a(rtld-fcntl_nocancel.os)
 .bss           0x0000000000000138        0x0 /scratch/ca2627/clinicalAI/ArabicLLMBench/glibc-2.29/build/elf/rtld-libc.a(rtld-open64_nocancel.os)
 .bss           0x0000000000000138        0x0 /scratch/ca2627/clinicalAI/ArabicLLMBench/glibc-2.29/build/elf/rtld-libc.a(rtld-openat64_nocancel.os)
 .bss           0x0000000000000138        0x0 /scratch/ca2627/clinicalAI/ArabicLLMBench/glibc-2.29/build/elf/rtld-libc.a(rtld-read_nocancel.os)
 .bss           0x0000000000000138        0x0 /scratch/ca2627/clinicalAI/ArabicLLMBench/glibc-2.29/build/elf/rtld-libc.a(rtld-write_nocancel.os)
 .bss           0x0000000000000138        0x0 /scratch/ca2627/clinicalAI/ArabicLLMBench/glibc-2.29/build/elf/rtld-libc.a(rtld-scratch_buffer_set_array_size.os)
 .bss           0x0000000000000138        0x0 /scratch/ca2627/clinicalAI/ArabicLLMBench/glibc-2.29/build/elf/rtld-libc.a(rtld-mmap64.os)
 .bss           0x0000000000000138        0x0 /scratch/ca2627/clinicalAI/ArabicLLMBench/glibc-2.29/build/elf/rtld-libc.a(rtld-munmap.os)
 .bss           0x0000000000000138        0x0 /scratch/ca2627/clinicalAI/ArabicLLMBench/glibc-2.29/build/elf/rtld-libc.a(rtld-mprotect.os)
 .bss           0x0000000000000138        0x0 /scratch/ca2627/clinicalAI/ArabicLLMBench/glibc-2.29/build/elf/rtld-libc.a(rtld-uname.os)
 .bss           0x0000000000000138        0x0 /scratch/ca2627/clinicalAI/ArabicLLMBench/glibc-2.29/build/elf/rtld-libc.a(rtld-_exit.os)
 .bss           0x0000000000000138        0x0 /scratch/ca2627/clinicalAI/ArabicLLMBench/glibc-2.29/build/elf/rtld-libc.a(rtld-getpid.os)
 .bss           0x0000000000000138        0x8 /scratch/ca2627/clinicalAI/ArabicLLMBench/glibc-2.29/build/elf/rtld-libc.a(rtld-environ.os)
                0x0000000000000138                _environ
                0x0000000000000138                __environ
                0x0000000000000138                environ
 .bss           0x0000000000000140        0x0 /scratch/ca2627/clinicalAI/ArabicLLMBench/glibc-2.29/build/elf/rtld-libc.a(rtld-setjmp.os)
 .bss           0x0000000000000140        0x0 /scratch/ca2627/clinicalAI/ArabicLLMBench/glibc-2.29/build/elf/rtld-libc.a(rtld-__longjmp.os)
 .bss           0x0000000000000140        0x0 /scratch/ca2627/clinicalAI/ArabicLLMBench/glibc-2.29/build/elf/rtld-libc.a(rtld-sigaction.os)
 .bss           0x0000000000000140        0x0 /scratch/ca2627/clinicalAI/ArabicLLMBench/glibc-2.29/build/elf/rtld-libc.a(rtld-strdup.os)
 .bss           0x0000000000000140        0x0 /scratch/ca2627/clinicalAI/ArabicLLMBench/glibc-2.29/build/elf/rtld-libc.a(rtld-strcmp-sse2.os)
 .bss           0x0000000000000140        0x0 /scratch/ca2627/clinicalAI/ArabicLLMBench/glibc-2.29/build/elf/rtld-libc.a(rtld-strncmp-sse2.os)
 .bss           0x0000000000000140        0x0 /scratch/ca2627/clinicalAI/ArabicLLMBench/glibc-2.29/build/elf/rtld-libc.a(rtld-memchr-sse2.os)
 .bss           0x0000000000000140        0x0 /scratch/ca2627/clinicalAI/ArabicLLMBench/glibc-2.29/build/elf/rtld-libc.a(rtld-rawmemchr-sse2.os)
 .bss           0x0000000000000140        0x0 /scratch/ca2627/clinicalAI/ArabicLLMBench/glibc-2.29/build/elf/rtld-libc.a(rtld-memcmp-sse2.os)
 .bss           0x0000000000000140        0x0 /scratch/ca2627/clinicalAI/ArabicLLMBench/glibc-2.29/build/elf/rtld-libc.a(rtld-strchr-sse2.os)
 .bss           0x0000000000000140        0x0 /scratch/ca2627/clinicalAI/ArabicLLMBench/glibc-2.29/build/elf/rtld-libc.a(rtld-strlen-sse2.os)
 .bss           0x0000000000000140        0x0 /scratch/ca2627/clinicalAI/ArabicLLMBench/glibc-2.29/build/elf/rtld-libc.a(rtld-strnlen-sse2.os)
 .bss           0x0000000000000140        0x0 /scratch/ca2627/clinicalAI/ArabicLLMBench/glibc-2.29/build/elf/rtld-libc.a(rtld-stpcpy-sse2.os)
 .bss           0x0000000000000140        0x0 /scratch/ca2627/clinicalAI/ArabicLLMBench/glibc-2.29/build/elf/rtld-libc.a(rtld-strcspn-sse2.os)
 .bss           0x0000000000000140        0x0 /scratch/ca2627/clinicalAI/ArabicLLMBench/glibc-2.29/build/elf/rtld-libc.a(rtld-memmove-sse2-unaligned-erms.os)
 .bss           0x0000000000000140        0x0 /scratch/ca2627/clinicalAI/ArabicLLMBench/glibc-2.29/build/elf/rtld-libc.a(rtld-memset-sse2-unaligned-erms.os)
 .bss           0x0000000000000140        0x0 /scratch/ca2627/clinicalAI/ArabicLLMBench/glibc-2.29/build/elf/rtld-libc.a(rtld-setitimer.os)

.lbss
 *(.lbss)

.lrodata
 *(.lrodata)

.ldata
 *(.ldata)

.stab
 *(.stab)

.stabstr
 *(.stabstr)

.stab.excl
 *(.stab.excl)

.stab.exclstr
 *(.stab.exclstr)

.stab.index
 *(.stab.index)

.stab.indexstr
 *(.stab.indexstr)

.comment        0x0000000000000000      0x480
 *(.comment)
 .comment       0x0000000000000000      0x29a /scratch/ca2627/clinicalAI/ArabicLLMBench/glibc-2.29/build/elf/dl-allobjs.os
 .comment       0x000000000000029a       0x12 /scratch/ca2627/clinicalAI/ArabicLLMBench/glibc-2.29/build/elf/rtld-libc.a(rtld-check_fds.os)
 .comment       0x00000000000002ac       0x12 /scratch/ca2627/clinicalAI/ArabicLLMBench/glibc-2.29/build/elf/rtld-libc.a(rtld-errno.os)
 .comment       0x00000000000002be       0x12 /scratch/ca2627/clinicalAI/ArabicLLMBench/glibc-2.29/build/elf/rtld-libc.a(rtld-closedir.os)
 .comment       0x00000000000002d0       0x12 /scratch/ca2627/clinicalAI/ArabicLLMBench/glibc-2.29/build/elf/rtld-libc.a(rtld-rewinddir.os)
 .comment       0x00000000000002e2       0x12 /scratch/ca2627/clinicalAI/ArabicLLMBench/glibc-2.29/build/elf/rtld-libc.a(rtld-readdir64.os)
 .comment       0x00000000000002f4       0x12 /scratch/ca2627/clinicalAI/ArabicLLMBench/glibc-2.29/build/elf/rtld-libc.a(rtld-fdopendir.os)
 .comment       0x0000000000000306       0x12 /scratch/ca2627/clinicalAI/ArabicLLMBench/glibc-2.29/build/elf/rtld-libc.a(rtld-getdents64.os)
 .comment       0x0000000000000318       0x12 /scratch/ca2627/clinicalAI/ArabicLLMBench/glibc-2.29/build/elf/rtld-libc.a(rtld-dl-addr-obj.os)
 .comment       0x000000000000032a       0x12 /scratch/ca2627/clinicalAI/ArabicLLMBench/glibc-2.29/build/elf/rtld-libc.a(rtld-profil.os)
 .comment       0x000000000000033c       0x12 /scratch/ca2627/clinicalAI/ArabicLLMBench/glibc-2.29/build/elf/rtld-libc.a(rtld-prof-freq.os)
 .comment       0x000000000000034e       0x12 /scratch/ca2627/clinicalAI/ArabicLLMBench/glibc-2.29/build/elf/rtld-libc.a(rtld-xstat.os)
 .comment       0x0000000000000360       0x12 /scratch/ca2627/clinicalAI/ArabicLLMBench/glibc-2.29/build/elf/rtld-libc.a(rtld-fxstat.os)
 .comment       0x0000000000000372       0x12 /scratch/ca2627/clinicalAI/ArabicLLMBench/glibc-2.29/build/elf/rtld-libc.a(rtld-lxstat.os)
 .comment       0x0000000000000384       0x12 /scratch/ca2627/clinicalAI/ArabicLLMBench/glibc-2.29/build/elf/rtld-libc.a(rtld-lseek64.os)
 .comment       0x0000000000000396       0x12 /scratch/ca2627/clinicalAI/ArabicLLMBench/glibc-2.29/build/elf/rtld-libc.a(rtld-access.os)
 .comment       0x00000000000003a8       0x12 /scratch/ca2627/clinicalAI/ArabicLLMBench/glibc-2.29/build/elf/rtld-libc.a(rtld-close_nocancel.os)
 .comment       0x00000000000003ba       0x12 /scratch/ca2627/clinicalAI/ArabicLLMBench/glibc-2.29/build/elf/rtld-libc.a(rtld-fcntl_nocancel.os)
 .comment       0x00000000000003cc       0x12 /scratch/ca2627/clinicalAI/ArabicLLMBench/glibc-2.29/build/elf/rtld-libc.a(rtld-open64_nocancel.os)
 .comment       0x00000000000003de       0x12 /scratch/ca2627/clinicalAI/ArabicLLMBench/glibc-2.29/build/elf/rtld-libc.a(rtld-openat64_nocancel.os)
 .comment       0x00000000000003f0       0x12 /scratch/ca2627/clinicalAI/ArabicLLMBench/glibc-2.29/build/elf/rtld-libc.a(rtld-read_nocancel.os)
 .comment       0x0000000000000402       0x12 /scratch/ca2627/clinicalAI/ArabicLLMBench/glibc-2.29/build/elf/rtld-libc.a(rtld-write_nocancel.os)
 .comment       0x0000000000000414       0x12 /scratch/ca2627/clinicalAI/ArabicLLMBench/glibc-2.29/build/elf/rtld-libc.a(rtld-scratch_buffer_set_array_size.os)
 .comment       0x0000000000000426       0x12 /scratch/ca2627/clinicalAI/ArabicLLMBench/glibc-2.29/build/elf/rtld-libc.a(rtld-mmap64.os)
 .comment       0x0000000000000438       0x12 /scratch/ca2627/clinicalAI/ArabicLLMBench/glibc-2.29/build/elf/rtld-libc.a(rtld-_exit.os)
 .comment       0x000000000000044a       0x12 /scratch/ca2627/clinicalAI/ArabicLLMBench/glibc-2.29/build/elf/rtld-libc.a(rtld-environ.os)
 .comment       0x000000000000045c       0x12 /scratch/ca2627/clinicalAI/ArabicLLMBench/glibc-2.29/build/elf/rtld-libc.a(rtld-sigaction.os)
 .comment       0x000000000000046e       0x12 /scratch/ca2627/clinicalAI/ArabicLLMBench/glibc-2.29/build/elf/rtld-libc.a(rtld-strdup.os)

.note.GNU-stack
                0x0000000000000000        0x0
 .note.GNU-stack
                0x0000000000000000        0x0 /scratch/ca2627/clinicalAI/ArabicLLMBench/glibc-2.29/build/elf/dl-allobjs.os
 .note.GNU-stack
                0x0000000000000000        0x0 /scratch/ca2627/clinicalAI/ArabicLLMBench/glibc-2.29/build/elf/rtld-libc.a(rtld-check_fds.os)
 .note.GNU-stack
                0x0000000000000000        0x0 /scratch/ca2627/clinicalAI/ArabicLLMBench/glibc-2.29/build/elf/rtld-libc.a(rtld-errno.os)
 .note.GNU-stack
                0x0000000000000000        0x0 /scratch/ca2627/clinicalAI/ArabicLLMBench/glibc-2.29/build/elf/rtld-libc.a(rtld-closedir.os)
 .note.GNU-stack
                0x0000000000000000        0x0 /scratch/ca2627/clinicalAI/ArabicLLMBench/glibc-2.29/build/elf/rtld-libc.a(rtld-rewinddir.os)
 .note.GNU-stack
                0x0000000000000000        0x0 /scratch/ca2627/clinicalAI/ArabicLLMBench/glibc-2.29/build/elf/rtld-libc.a(rtld-readdir64.os)
 .note.GNU-stack
                0x0000000000000000        0x0 /scratch/ca2627/clinicalAI/ArabicLLMBench/glibc-2.29/build/elf/rtld-libc.a(rtld-fdopendir.os)
 .note.GNU-stack
                0x0000000000000000        0x0 /scratch/ca2627/clinicalAI/ArabicLLMBench/glibc-2.29/build/elf/rtld-libc.a(rtld-getdents64.os)
 .note.GNU-stack
                0x0000000000000000        0x0 /scratch/ca2627/clinicalAI/ArabicLLMBench/glibc-2.29/build/elf/rtld-libc.a(rtld-dl-addr-obj.os)
 .note.GNU-stack
                0x0000000000000000        0x0 /scratch/ca2627/clinicalAI/ArabicLLMBench/glibc-2.29/build/elf/rtld-libc.a(rtld-profil.os)
 .note.GNU-stack
                0x0000000000000000        0x0 /scratch/ca2627/clinicalAI/ArabicLLMBench/glibc-2.29/build/elf/rtld-libc.a(rtld-prof-freq.os)
 .note.GNU-stack
                0x0000000000000000        0x0 /scratch/ca2627/clinicalAI/ArabicLLMBench/glibc-2.29/build/elf/rtld-libc.a(rtld-xstat.os)
 .note.GNU-stack
                0x0000000000000000        0x0 /scratch/ca2627/clinicalAI/ArabicLLMBench/glibc-2.29/build/elf/rtld-libc.a(rtld-fxstat.os)
 .note.GNU-stack
                0x0000000000000000        0x0 /scratch/ca2627/clinicalAI/ArabicLLMBench/glibc-2.29/build/elf/rtld-libc.a(rtld-lxstat.os)
 .note.GNU-stack
                0x0000000000000000        0x0 /scratch/ca2627/clinicalAI/ArabicLLMBench/glibc-2.29/build/elf/rtld-libc.a(rtld-lseek64.os)
 .note.GNU-stack
                0x0000000000000000        0x0 /scratch/ca2627/clinicalAI/ArabicLLMBench/glibc-2.29/build/elf/rtld-libc.a(rtld-access.os)
 .note.GNU-stack
                0x0000000000000000        0x0 /scratch/ca2627/clinicalAI/ArabicLLMBench/glibc-2.29/build/elf/rtld-libc.a(rtld-close_nocancel.os)
 .note.GNU-stack
                0x0000000000000000        0x0 /scratch/ca2627/clinicalAI/ArabicLLMBench/glibc-2.29/build/elf/rtld-libc.a(rtld-fcntl_nocancel.os)
 .note.GNU-stack
                0x0000000000000000        0x0 /scratch/ca2627/clinicalAI/ArabicLLMBench/glibc-2.29/build/elf/rtld-libc.a(rtld-open64_nocancel.os)
 .note.GNU-stack
                0x0000000000000000        0x0 /scratch/ca2627/clinicalAI/ArabicLLMBench/glibc-2.29/build/elf/rtld-libc.a(rtld-openat64_nocancel.os)
 .note.GNU-stack
                0x0000000000000000        0x0 /scratch/ca2627/clinicalAI/ArabicLLMBench/glibc-2.29/build/elf/rtld-libc.a(rtld-read_nocancel.os)
 .note.GNU-stack
                0x0000000000000000        0x0 /scratch/ca2627/clinicalAI/ArabicLLMBench/glibc-2.29/build/elf/rtld-libc.a(rtld-write_nocancel.os)
 .note.GNU-stack
                0x0000000000000000        0x0 /scratch/ca2627/clinicalAI/ArabicLLMBench/glibc-2.29/build/elf/rtld-libc.a(rtld-scratch_buffer_set_array_size.os)
 .note.GNU-stack
                0x0000000000000000        0x0 /scratch/ca2627/clinicalAI/ArabicLLMBench/glibc-2.29/build/elf/rtld-libc.a(rtld-mmap64.os)
 .note.GNU-stack
                0x0000000000000000        0x0 /scratch/ca2627/clinicalAI/ArabicLLMBench/glibc-2.29/build/elf/rtld-libc.a(rtld-munmap.os)
 .note.GNU-stack
                0x0000000000000000        0x0 /scratch/ca2627/clinicalAI/ArabicLLMBench/glibc-2.29/build/elf/rtld-libc.a(rtld-mprotect.os)
 .note.GNU-stack
                0x0000000000000000        0x0 /scratch/ca2627/clinicalAI/ArabicLLMBench/glibc-2.29/build/elf/rtld-libc.a(rtld-uname.os)
 .note.GNU-stack
                0x0000000000000000        0x0 /scratch/ca2627/clinicalAI/ArabicLLMBench/glibc-2.29/build/elf/rtld-libc.a(rtld-_exit.os)
 .note.GNU-stack
                0x0000000000000000        0x0 /scratch/ca2627/clinicalAI/ArabicLLMBench/glibc-2.29/build/elf/rtld-libc.a(rtld-getpid.os)
 .note.GNU-stack
                0x0000000000000000        0x0 /scratch/ca2627/clinicalAI/ArabicLLMBench/glibc-2.29/build/elf/rtld-libc.a(rtld-environ.os)
 .note.GNU-stack
                0x0000000000000000        0x0 /scratch/ca2627/clinicalAI/ArabicLLMBench/glibc-2.29/build/elf/rtld-libc.a(rtld-setjmp.os)
 .note.GNU-stack
                0x0000000000000000        0x0 /scratch/ca2627/clinicalAI/ArabicLLMBench/glibc-2.29/build/elf/rtld-libc.a(rtld-__longjmp.os)
 .note.GNU-stack
                0x0000000000000000        0x0 /scratch/ca2627/clinicalAI/ArabicLLMBench/glibc-2.29/build/elf/rtld-libc.a(rtld-sigaction.os)
 .note.GNU-stack
                0x0000000000000000        0x0 /scratch/ca2627/clinicalAI/ArabicLLMBench/glibc-2.29/build/elf/rtld-libc.a(rtld-strdup.os)
 .note.GNU-stack
                0x0000000000000000        0x0 /scratch/ca2627/clinicalAI/ArabicLLMBench/glibc-2.29/build/elf/rtld-libc.a(rtld-strcmp-sse2.os)
 .note.GNU-stack
                0x0000000000000000        0x0 /scratch/ca2627/clinicalAI/ArabicLLMBench/glibc-2.29/build/elf/rtld-libc.a(rtld-strncmp-sse2.os)
 .note.GNU-stack
                0x0000000000000000        0x0 /scratch/ca2627/clinicalAI/ArabicLLMBench/glibc-2.29/build/elf/rtld-libc.a(rtld-memchr-sse2.os)
 .note.GNU-stack
                0x0000000000000000        0x0 /scratch/ca2627/clinicalAI/ArabicLLMBench/glibc-2.29/build/elf/rtld-libc.a(rtld-rawmemchr-sse2.os)
 .note.GNU-stack
                0x0000000000000000        0x0 /scratch/ca2627/clinicalAI/ArabicLLMBench/glibc-2.29/build/elf/rtld-libc.a(rtld-memcmp-sse2.os)
 .note.GNU-stack
                0x0000000000000000        0x0 /scratch/ca2627/clinicalAI/ArabicLLMBench/glibc-2.29/build/elf/rtld-libc.a(rtld-strchr-sse2.os)
 .note.GNU-stack
                0x0000000000000000        0x0 /scratch/ca2627/clinicalAI/ArabicLLMBench/glibc-2.29/build/elf/rtld-libc.a(rtld-strlen-sse2.os)
 .note.GNU-stack
                0x0000000000000000        0x0 /scratch/ca2627/clinicalAI/ArabicLLMBench/glibc-2.29/build/elf/rtld-libc.a(rtld-strnlen-sse2.os)
 .note.GNU-stack
                0x0000000000000000        0x0 /scratch/ca2627/clinicalAI/ArabicLLMBench/glibc-2.29/build/elf/rtld-libc.a(rtld-stpcpy-sse2.os)
 .note.GNU-stack
                0x0000000000000000        0x0 /scratch/ca2627/clinicalAI/ArabicLLMBench/glibc-2.29/build/elf/rtld-libc.a(rtld-strcspn-sse2.os)
 .note.GNU-stack
                0x0000000000000000        0x0 /scratch/ca2627/clinicalAI/ArabicLLMBench/glibc-2.29/build/elf/rtld-libc.a(rtld-memmove-sse2-unaligned-erms.os)
 .note.GNU-stack
                0x0000000000000000        0x0 /scratch/ca2627/clinicalAI/ArabicLLMBench/glibc-2.29/build/elf/rtld-libc.a(rtld-memset-sse2-unaligned-erms.os)
 .note.GNU-stack
                0x0000000000000000        0x0 /scratch/ca2627/clinicalAI/ArabicLLMBench/glibc-2.29/build/elf/rtld-libc.a(rtld-setitimer.os)

.gnu.build.attributes
 *(.gnu.build.attributes)

.debug
 *(.debug)

.line
 *(.line)

.debug_srcinfo
 *(.debug_srcinfo)

.debug_sfnames
 *(.debug_sfnames)

.debug_aranges  0x0000000000000000     0x1000
 *(.debug_aranges)
 .debug_aranges
                0x0000000000000000      0x780 /scratch/ca2627/clinicalAI/ArabicLLMBench/glibc-2.29/build/elf/dl-allobjs.os
 .debug_aranges
                0x0000000000000780       0x30 /scratch/ca2627/clinicalAI/ArabicLLMBench/glibc-2.29/build/elf/rtld-libc.a(rtld-check_fds.os)
 .debug_aranges
                0x00000000000007b0       0x20 /scratch/ca2627/clinicalAI/ArabicLLMBench/glibc-2.29/build/elf/rtld-libc.a(rtld-errno.os)
 .debug_aranges
                0x00000000000007d0       0x30 /scratch/ca2627/clinicalAI/ArabicLLMBench/glibc-2.29/build/elf/rtld-libc.a(rtld-closedir.os)
 .debug_aranges
                0x0000000000000800       0x30 /scratch/ca2627/clinicalAI/ArabicLLMBench/glibc-2.29/build/elf/rtld-libc.a(rtld-rewinddir.os)
 .debug_aranges
                0x0000000000000830       0x30 /scratch/ca2627/clinicalAI/ArabicLLMBench/glibc-2.29/build/elf/rtld-libc.a(rtld-readdir64.os)
 .debug_aranges
                0x0000000000000860       0x30 /scratch/ca2627/clinicalAI/ArabicLLMBench/glibc-2.29/build/elf/rtld-libc.a(rtld-fdopendir.os)
 .debug_aranges
                0x0000000000000890       0x30 /scratch/ca2627/clinicalAI/ArabicLLMBench/glibc-2.29/build/elf/rtld-libc.a(rtld-getdents64.os)
 .debug_aranges
                0x00000000000008c0       0x30 /scratch/ca2627/clinicalAI/ArabicLLMBench/glibc-2.29/build/elf/rtld-libc.a(rtld-dl-addr-obj.os)
 .debug_aranges
                0x00000000000008f0       0x30 /scratch/ca2627/clinicalAI/ArabicLLMBench/glibc-2.29/build/elf/rtld-libc.a(rtld-profil.os)
 .debug_aranges
                0x0000000000000920       0x30 /scratch/ca2627/clinicalAI/ArabicLLMBench/glibc-2.29/build/elf/rtld-libc.a(rtld-prof-freq.os)
 .debug_aranges
                0x0000000000000950       0x30 /scratch/ca2627/clinicalAI/ArabicLLMBench/glibc-2.29/build/elf/rtld-libc.a(rtld-xstat.os)
 .debug_aranges
                0x0000000000000980       0x30 /scratch/ca2627/clinicalAI/ArabicLLMBench/glibc-2.29/build/elf/rtld-libc.a(rtld-fxstat.os)
 .debug_aranges
                0x00000000000009b0       0x30 /scratch/ca2627/clinicalAI/ArabicLLMBench/glibc-2.29/build/elf/rtld-libc.a(rtld-lxstat.os)
 .debug_aranges
                0x00000000000009e0       0x30 /scratch/ca2627/clinicalAI/ArabicLLMBench/glibc-2.29/build/elf/rtld-libc.a(rtld-lseek64.os)
 .debug_aranges
                0x0000000000000a10       0x30 /scratch/ca2627/clinicalAI/ArabicLLMBench/glibc-2.29/build/elf/rtld-libc.a(rtld-access.os)
 .debug_aranges
                0x0000000000000a40       0x30 /scratch/ca2627/clinicalAI/ArabicLLMBench/glibc-2.29/build/elf/rtld-libc.a(rtld-close_nocancel.os)
 .debug_aranges
                0x0000000000000a70       0x30 /scratch/ca2627/clinicalAI/ArabicLLMBench/glibc-2.29/build/elf/rtld-libc.a(rtld-fcntl_nocancel.os)
 .debug_aranges
                0x0000000000000aa0       0x30 /scratch/ca2627/clinicalAI/ArabicLLMBench/glibc-2.29/build/elf/rtld-libc.a(rtld-open64_nocancel.os)
 .debug_aranges
                0x0000000000000ad0       0x30 /scratch/ca2627/clinicalAI/ArabicLLMBench/glibc-2.29/build/elf/rtld-libc.a(rtld-openat64_nocancel.os)
 .debug_aranges
                0x0000000000000b00       0x30 /scratch/ca2627/clinicalAI/ArabicLLMBench/glibc-2.29/build/elf/rtld-libc.a(rtld-read_nocancel.os)
 .debug_aranges
                0x0000000000000b30       0x30 /scratch/ca2627/clinicalAI/ArabicLLMBench/glibc-2.29/build/elf/rtld-libc.a(rtld-write_nocancel.os)
 .debug_aranges
                0x0000000000000b60       0x30 /scratch/ca2627/clinicalAI/ArabicLLMBench/glibc-2.29/build/elf/rtld-libc.a(rtld-scratch_buffer_set_array_size.os)
 .debug_aranges
                0x0000000000000b90       0x30 /scratch/ca2627/clinicalAI/ArabicLLMBench/glibc-2.29/build/elf/rtld-libc.a(rtld-mmap64.os)
 .debug_aranges
                0x0000000000000bc0       0x30 /scratch/ca2627/clinicalAI/ArabicLLMBench/glibc-2.29/build/elf/rtld-libc.a(rtld-munmap.os)
 .debug_aranges
                0x0000000000000bf0       0x30 /scratch/ca2627/clinicalAI/ArabicLLMBench/glibc-2.29/build/elf/rtld-libc.a(rtld-mprotect.os)
 .debug_aranges
                0x0000000000000c20       0x30 /scratch/ca2627/clinicalAI/ArabicLLMBench/glibc-2.29/build/elf/rtld-libc.a(rtld-uname.os)
 .debug_aranges
                0x0000000000000c50       0x30 /scratch/ca2627/clinicalAI/ArabicLLMBench/glibc-2.29/build/elf/rtld-libc.a(rtld-_exit.os)
 .debug_aranges
                0x0000000000000c80       0x30 /scratch/ca2627/clinicalAI/ArabicLLMBench/glibc-2.29/build/elf/rtld-libc.a(rtld-getpid.os)
 .debug_aranges
                0x0000000000000cb0       0x20 /scratch/ca2627/clinicalAI/ArabicLLMBench/glibc-2.29/build/elf/rtld-libc.a(rtld-environ.os)
 .debug_aranges
                0x0000000000000cd0       0x30 /scratch/ca2627/clinicalAI/ArabicLLMBench/glibc-2.29/build/elf/rtld-libc.a(rtld-setjmp.os)
 .debug_aranges
                0x0000000000000d00       0x30 /scratch/ca2627/clinicalAI/ArabicLLMBench/glibc-2.29/build/elf/rtld-libc.a(rtld-__longjmp.os)
 .debug_aranges
                0x0000000000000d30       0x30 /scratch/ca2627/clinicalAI/ArabicLLMBench/glibc-2.29/build/elf/rtld-libc.a(rtld-sigaction.os)
 .debug_aranges
                0x0000000000000d60       0x30 /scratch/ca2627/clinicalAI/ArabicLLMBench/glibc-2.29/build/elf/rtld-libc.a(rtld-strdup.os)
 .debug_aranges
                0x0000000000000d90       0x30 /scratch/ca2627/clinicalAI/ArabicLLMBench/glibc-2.29/build/elf/rtld-libc.a(rtld-strcmp-sse2.os)
 .debug_aranges
                0x0000000000000dc0       0x30 /scratch/ca2627/clinicalAI/ArabicLLMBench/glibc-2.29/build/elf/rtld-libc.a(rtld-strncmp-sse2.os)
 .debug_aranges
                0x0000000000000df0       0x30 /scratch/ca2627/clinicalAI/ArabicLLMBench/glibc-2.29/build/elf/rtld-libc.a(rtld-memchr-sse2.os)
 .debug_aranges
                0x0000000000000e20       0x30 /scratch/ca2627/clinicalAI/ArabicLLMBench/glibc-2.29/build/elf/rtld-libc.a(rtld-rawmemchr-sse2.os)
 .debug_aranges
                0x0000000000000e50       0x30 /scratch/ca2627/clinicalAI/ArabicLLMBench/glibc-2.29/build/elf/rtld-libc.a(rtld-memcmp-sse2.os)
 .debug_aranges
                0x0000000000000e80       0x30 /scratch/ca2627/clinicalAI/ArabicLLMBench/glibc-2.29/build/elf/rtld-libc.a(rtld-strchr-sse2.os)
 .debug_aranges
                0x0000000000000eb0       0x30 /scratch/ca2627/clinicalAI/ArabicLLMBench/glibc-2.29/build/elf/rtld-libc.a(rtld-strlen-sse2.os)
 .debug_aranges
                0x0000000000000ee0       0x30 /scratch/ca2627/clinicalAI/ArabicLLMBench/glibc-2.29/build/elf/rtld-libc.a(rtld-strnlen-sse2.os)
 .debug_aranges
                0x0000000000000f10       0x30 /scratch/ca2627/clinicalAI/ArabicLLMBench/glibc-2.29/build/elf/rtld-libc.a(rtld-stpcpy-sse2.os)
 .debug_aranges
                0x0000000000000f40       0x30 /scratch/ca2627/clinicalAI/ArabicLLMBench/glibc-2.29/build/elf/rtld-libc.a(rtld-strcspn-sse2.os)
 .debug_aranges
                0x0000000000000f70       0x30 /scratch/ca2627/clinicalAI/ArabicLLMBench/glibc-2.29/build/elf/rtld-libc.a(rtld-memmove-sse2-unaligned-erms.os)
 .debug_aranges
                0x0000000000000fa0       0x30 /scratch/ca2627/clinicalAI/ArabicLLMBench/glibc-2.29/build/elf/rtld-libc.a(rtld-memset-sse2-unaligned-erms.os)
 .debug_aranges
                0x0000000000000fd0       0x30 /scratch/ca2627/clinicalAI/ArabicLLMBench/glibc-2.29/build/elf/rtld-libc.a(rtld-setitimer.os)

.debug_pubnames
 *(.debug_pubnames)

.debug_info     0x0000000000000000    0xc4091
 *(.debug_info)
 .debug_info    0x0000000000000000    0x9c592 /scratch/ca2627/clinicalAI/ArabicLLMBench/glibc-2.29/build/elf/dl-allobjs.os
 .debug_info    0x000000000009c592      0xb69 /scratch/ca2627/clinicalAI/ArabicLLMBench/glibc-2.29/build/elf/rtld-libc.a(rtld-check_fds.os)
 .debug_info    0x000000000009d0fb      0x6fd /scratch/ca2627/clinicalAI/ArabicLLMBench/glibc-2.29/build/elf/rtld-libc.a(rtld-errno.os)
 .debug_info    0x000000000009d7f8     0x1f5a /scratch/ca2627/clinicalAI/ArabicLLMBench/glibc-2.29/build/elf/rtld-libc.a(rtld-closedir.os)
 .debug_info    0x000000000009f752     0x1ef8 /scratch/ca2627/clinicalAI/ArabicLLMBench/glibc-2.29/build/elf/rtld-libc.a(rtld-rewinddir.os)
 .debug_info    0x00000000000a164a     0x2011 /scratch/ca2627/clinicalAI/ArabicLLMBench/glibc-2.29/build/elf/rtld-libc.a(rtld-readdir64.os)
 .debug_info    0x00000000000a365b     0x20ef /scratch/ca2627/clinicalAI/ArabicLLMBench/glibc-2.29/build/elf/rtld-libc.a(rtld-fdopendir.os)
 .debug_info    0x00000000000a574a     0x1ea1 /scratch/ca2627/clinicalAI/ArabicLLMBench/glibc-2.29/build/elf/rtld-libc.a(rtld-getdents64.os)
 .debug_info    0x00000000000a75eb     0x2ab1 /scratch/ca2627/clinicalAI/ArabicLLMBench/glibc-2.29/build/elf/rtld-libc.a(rtld-dl-addr-obj.os)
 .debug_info    0x00000000000aa09c      0xc02 /scratch/ca2627/clinicalAI/ArabicLLMBench/glibc-2.29/build/elf/rtld-libc.a(rtld-profil.os)
 .debug_info    0x00000000000aac9e     0x3bf9 /scratch/ca2627/clinicalAI/ArabicLLMBench/glibc-2.29/build/elf/rtld-libc.a(rtld-prof-freq.os)
 .debug_info    0x00000000000ae897      0x96f /scratch/ca2627/clinicalAI/ArabicLLMBench/glibc-2.29/build/elf/rtld-libc.a(rtld-xstat.os)
 .debug_info    0x00000000000af206      0x96e /scratch/ca2627/clinicalAI/ArabicLLMBench/glibc-2.29/build/elf/rtld-libc.a(rtld-fxstat.os)
 .debug_info    0x00000000000afb74      0x96f /scratch/ca2627/clinicalAI/ArabicLLMBench/glibc-2.29/build/elf/rtld-libc.a(rtld-lxstat.os)
 .debug_info    0x00000000000b04e3      0x86d /scratch/ca2627/clinicalAI/ArabicLLMBench/glibc-2.29/build/elf/rtld-libc.a(rtld-lseek64.os)
 .debug_info    0x00000000000b0d50     0x20c9 /scratch/ca2627/clinicalAI/ArabicLLMBench/glibc-2.29/build/elf/rtld-libc.a(rtld-access.os)
 .debug_info    0x00000000000b2e19     0x209d /scratch/ca2627/clinicalAI/ArabicLLMBench/glibc-2.29/build/elf/rtld-libc.a(rtld-close_nocancel.os)
 .debug_info    0x00000000000b4eb6     0x23c9 /scratch/ca2627/clinicalAI/ArabicLLMBench/glibc-2.29/build/elf/rtld-libc.a(rtld-fcntl_nocancel.os)
 .debug_info    0x00000000000b727f      0x931 /scratch/ca2627/clinicalAI/ArabicLLMBench/glibc-2.29/build/elf/rtld-libc.a(rtld-open64_nocancel.os)
 .debug_info    0x00000000000b7bb0     0x21df /scratch/ca2627/clinicalAI/ArabicLLMBench/glibc-2.29/build/elf/rtld-libc.a(rtld-openat64_nocancel.os)
 .debug_info    0x00000000000b9d8f     0x2115 /scratch/ca2627/clinicalAI/ArabicLLMBench/glibc-2.29/build/elf/rtld-libc.a(rtld-read_nocancel.os)
 .debug_info    0x00000000000bbea4     0x2115 /scratch/ca2627/clinicalAI/ArabicLLMBench/glibc-2.29/build/elf/rtld-libc.a(rtld-write_nocancel.os)
 .debug_info    0x00000000000bdfb9      0x3ef /scratch/ca2627/clinicalAI/ArabicLLMBench/glibc-2.29/build/elf/rtld-libc.a(rtld-scratch_buffer_set_array_size.os)
 .debug_info    0x00000000000be3a8     0x4097 /scratch/ca2627/clinicalAI/ArabicLLMBench/glibc-2.29/build/elf/rtld-libc.a(rtld-mmap64.os)
 .debug_info    0x00000000000c243f       0x2e /scratch/ca2627/clinicalAI/ArabicLLMBench/glibc-2.29/build/elf/rtld-libc.a(rtld-munmap.os)
 .debug_info    0x00000000000c246d       0x2e /scratch/ca2627/clinicalAI/ArabicLLMBench/glibc-2.29/build/elf/rtld-libc.a(rtld-mprotect.os)
 .debug_info    0x00000000000c249b       0x2e /scratch/ca2627/clinicalAI/ArabicLLMBench/glibc-2.29/build/elf/rtld-libc.a(rtld-uname.os)
 .debug_info    0x00000000000c24c9      0x84a /scratch/ca2627/clinicalAI/ArabicLLMBench/glibc-2.29/build/elf/rtld-libc.a(rtld-_exit.os)
 .debug_info    0x00000000000c2d13       0x2e /scratch/ca2627/clinicalAI/ArabicLLMBench/glibc-2.29/build/elf/rtld-libc.a(rtld-getpid.os)
 .debug_info    0x00000000000c2d41      0x103 /scratch/ca2627/clinicalAI/ArabicLLMBench/glibc-2.29/build/elf/rtld-libc.a(rtld-environ.os)
 .debug_info    0x00000000000c2e44       0x2e /scratch/ca2627/clinicalAI/ArabicLLMBench/glibc-2.29/build/elf/rtld-libc.a(rtld-setjmp.os)
 .debug_info    0x00000000000c2e72       0x2e /scratch/ca2627/clinicalAI/ArabicLLMBench/glibc-2.29/build/elf/rtld-libc.a(rtld-__longjmp.os)
 .debug_info    0x00000000000c2ea0      0xd75 /scratch/ca2627/clinicalAI/ArabicLLMBench/glibc-2.29/build/elf/rtld-libc.a(rtld-sigaction.os)
 .debug_info    0x00000000000c3c15      0x226 /scratch/ca2627/clinicalAI/ArabicLLMBench/glibc-2.29/build/elf/rtld-libc.a(rtld-strdup.os)
 .debug_info    0x00000000000c3e3b       0x2e /scratch/ca2627/clinicalAI/ArabicLLMBench/glibc-2.29/build/elf/rtld-libc.a(rtld-strcmp-sse2.os)
 .debug_info    0x00000000000c3e69       0x2e /scratch/ca2627/clinicalAI/ArabicLLMBench/glibc-2.29/build/elf/rtld-libc.a(rtld-strncmp-sse2.os)
 .debug_info    0x00000000000c3e97       0x2e /scratch/ca2627/clinicalAI/ArabicLLMBench/glibc-2.29/build/elf/rtld-libc.a(rtld-memchr-sse2.os)
 .debug_info    0x00000000000c3ec5       0x2e /scratch/ca2627/clinicalAI/ArabicLLMBench/glibc-2.29/build/elf/rtld-libc.a(rtld-rawmemchr-sse2.os)
 .debug_info    0x00000000000c3ef3       0x2e /scratch/ca2627/clinicalAI/ArabicLLMBench/glibc-2.29/build/elf/rtld-libc.a(rtld-memcmp-sse2.os)
 .debug_info    0x00000000000c3f21       0x2e /scratch/ca2627/clinicalAI/ArabicLLMBench/glibc-2.29/build/elf/rtld-libc.a(rtld-strchr-sse2.os)
 .debug_info    0x00000000000c3f4f       0x2e /scratch/ca2627/clinicalAI/ArabicLLMBench/glibc-2.29/build/elf/rtld-libc.a(rtld-strlen-sse2.os)
 .debug_info    0x00000000000c3f7d       0x2e /scratch/ca2627/clinicalAI/ArabicLLMBench/glibc-2.29/build/elf/rtld-libc.a(rtld-strnlen-sse2.os)
 .debug_info    0x00000000000c3fab       0x2e /scratch/ca2627/clinicalAI/ArabicLLMBench/glibc-2.29/build/elf/rtld-libc.a(rtld-stpcpy-sse2.os)
 .debug_info    0x00000000000c3fd9       0x2e /scratch/ca2627/clinicalAI/ArabicLLMBench/glibc-2.29/build/elf/rtld-libc.a(rtld-strcspn-sse2.os)
 .debug_info    0x00000000000c4007       0x2e /scratch/ca2627/clinicalAI/ArabicLLMBench/glibc-2.29/build/elf/rtld-libc.a(rtld-memmove-sse2-unaligned-erms.os)
 .debug_info    0x00000000000c4035       0x2e /scratch/ca2627/clinicalAI/ArabicLLMBench/glibc-2.29/build/elf/rtld-libc.a(rtld-memset-sse2-unaligned-erms.os)
 .debug_info    0x00000000000c4063       0x2e /scratch/ca2627/clinicalAI/ArabicLLMBench/glibc-2.29/build/elf/rtld-libc.a(rtld-setitimer.os)

.debug_abbrev   0x0000000000000000    0x11bd5
 *(.debug_abbrev)
 .debug_abbrev  0x0000000000000000     0xccfb /scratch/ca2627/clinicalAI/ArabicLLMBench/glibc-2.29/build/elf/dl-allobjs.os
 .debug_abbrev  0x000000000000ccfb      0x25a /scratch/ca2627/clinicalAI/ArabicLLMBench/glibc-2.29/build/elf/rtld-libc.a(rtld-check_fds.os)
 .debug_abbrev  0x000000000000cf55      0x143 /scratch/ca2627/clinicalAI/ArabicLLMBench/glibc-2.29/build/elf/rtld-libc.a(rtld-errno.os)
 .debug_abbrev  0x000000000000d098      0x3c0 /scratch/ca2627/clinicalAI/ArabicLLMBench/glibc-2.29/build/elf/rtld-libc.a(rtld-closedir.os)
 .debug_abbrev  0x000000000000d458      0x387 /scratch/ca2627/clinicalAI/ArabicLLMBench/glibc-2.29/build/elf/rtld-libc.a(rtld-rewinddir.os)
 .debug_abbrev  0x000000000000d7df      0x3b8 /scratch/ca2627/clinicalAI/ArabicLLMBench/glibc-2.29/build/elf/rtld-libc.a(rtld-readdir64.os)
 .debug_abbrev  0x000000000000db97      0x3bb /scratch/ca2627/clinicalAI/ArabicLLMBench/glibc-2.29/build/elf/rtld-libc.a(rtld-fdopendir.os)
 .debug_abbrev  0x000000000000df52      0x38e /scratch/ca2627/clinicalAI/ArabicLLMBench/glibc-2.29/build/elf/rtld-libc.a(rtld-getdents64.os)
 .debug_abbrev  0x000000000000e2e0      0x3c6 /scratch/ca2627/clinicalAI/ArabicLLMBench/glibc-2.29/build/elf/rtld-libc.a(rtld-dl-addr-obj.os)
 .debug_abbrev  0x000000000000e6a6      0x306 /scratch/ca2627/clinicalAI/ArabicLLMBench/glibc-2.29/build/elf/rtld-libc.a(rtld-profil.os)
 .debug_abbrev  0x000000000000e9ac      0x3f9 /scratch/ca2627/clinicalAI/ArabicLLMBench/glibc-2.29/build/elf/rtld-libc.a(rtld-prof-freq.os)
 .debug_abbrev  0x000000000000eda5      0x1b2 /scratch/ca2627/clinicalAI/ArabicLLMBench/glibc-2.29/build/elf/rtld-libc.a(rtld-xstat.os)
 .debug_abbrev  0x000000000000ef57      0x1c6 /scratch/ca2627/clinicalAI/ArabicLLMBench/glibc-2.29/build/elf/rtld-libc.a(rtld-fxstat.os)
 .debug_abbrev  0x000000000000f11d      0x1b2 /scratch/ca2627/clinicalAI/ArabicLLMBench/glibc-2.29/build/elf/rtld-libc.a(rtld-lxstat.os)
 .debug_abbrev  0x000000000000f2cf      0x1ab /scratch/ca2627/clinicalAI/ArabicLLMBench/glibc-2.29/build/elf/rtld-libc.a(rtld-lseek64.os)
 .debug_abbrev  0x000000000000f47a      0x386 /scratch/ca2627/clinicalAI/ArabicLLMBench/glibc-2.29/build/elf/rtld-libc.a(rtld-access.os)
 .debug_abbrev  0x000000000000f800      0x397 /scratch/ca2627/clinicalAI/ArabicLLMBench/glibc-2.29/build/elf/rtld-libc.a(rtld-close_nocancel.os)
 .debug_abbrev  0x000000000000fb97      0x48f /scratch/ca2627/clinicalAI/ArabicLLMBench/glibc-2.29/build/elf/rtld-libc.a(rtld-fcntl_nocancel.os)
 .debug_abbrev  0x0000000000010026      0x1dd /scratch/ca2627/clinicalAI/ArabicLLMBench/glibc-2.29/build/elf/rtld-libc.a(rtld-open64_nocancel.os)
 .debug_abbrev  0x0000000000010203      0x3d0 /scratch/ca2627/clinicalAI/ArabicLLMBench/glibc-2.29/build/elf/rtld-libc.a(rtld-openat64_nocancel.os)
 .debug_abbrev  0x00000000000105d3      0x3a8 /scratch/ca2627/clinicalAI/ArabicLLMBench/glibc-2.29/build/elf/rtld-libc.a(rtld-read_nocancel.os)
 .debug_abbrev  0x000000000001097b      0x3a8 /scratch/ca2627/clinicalAI/ArabicLLMBench/glibc-2.29/build/elf/rtld-libc.a(rtld-write_nocancel.os)
 .debug_abbrev  0x0000000000010d23      0x241 /scratch/ca2627/clinicalAI/ArabicLLMBench/glibc-2.29/build/elf/rtld-libc.a(rtld-scratch_buffer_set_array_size.os)
 .debug_abbrev  0x0000000000010f64      0x4a7 /scratch/ca2627/clinicalAI/ArabicLLMBench/glibc-2.29/build/elf/rtld-libc.a(rtld-mmap64.os)
 .debug_abbrev  0x000000000001140b       0x14 /scratch/ca2627/clinicalAI/ArabicLLMBench/glibc-2.29/build/elf/rtld-libc.a(rtld-munmap.os)
 .debug_abbrev  0x000000000001141f       0x14 /scratch/ca2627/clinicalAI/ArabicLLMBench/glibc-2.29/build/elf/rtld-libc.a(rtld-mprotect.os)
 .debug_abbrev  0x0000000000011433       0x14 /scratch/ca2627/clinicalAI/ArabicLLMBench/glibc-2.29/build/elf/rtld-libc.a(rtld-uname.os)
 .debug_abbrev  0x0000000000011447      0x1a0 /scratch/ca2627/clinicalAI/ArabicLLMBench/glibc-2.29/build/elf/rtld-libc.a(rtld-_exit.os)
 .debug_abbrev  0x00000000000115e7       0x14 /scratch/ca2627/clinicalAI/ArabicLLMBench/glibc-2.29/build/elf/rtld-libc.a(rtld-getpid.os)
 .debug_abbrev  0x00000000000115fb       0x97 /scratch/ca2627/clinicalAI/ArabicLLMBench/glibc-2.29/build/elf/rtld-libc.a(rtld-environ.os)
 .debug_abbrev  0x0000000000011692       0x14 /scratch/ca2627/clinicalAI/ArabicLLMBench/glibc-2.29/build/elf/rtld-libc.a(rtld-setjmp.os)
 .debug_abbrev  0x00000000000116a6       0x14 /scratch/ca2627/clinicalAI/ArabicLLMBench/glibc-2.29/build/elf/rtld-libc.a(rtld-__longjmp.os)
 .debug_abbrev  0x00000000000116ba      0x2af /scratch/ca2627/clinicalAI/ArabicLLMBench/glibc-2.29/build/elf/rtld-libc.a(rtld-sigaction.os)
 .debug_abbrev  0x0000000000011969      0x168 /scratch/ca2627/clinicalAI/ArabicLLMBench/glibc-2.29/build/elf/rtld-libc.a(rtld-strdup.os)
 .debug_abbrev  0x0000000000011ad1       0x14 /scratch/ca2627/clinicalAI/ArabicLLMBench/glibc-2.29/build/elf/rtld-libc.a(rtld-strcmp-sse2.os)
 .debug_abbrev  0x0000000000011ae5       0x14 /scratch/ca2627/clinicalAI/ArabicLLMBench/glibc-2.29/build/elf/rtld-libc.a(rtld-strncmp-sse2.os)
 .debug_abbrev  0x0000000000011af9       0x14 /scratch/ca2627/clinicalAI/ArabicLLMBench/glibc-2.29/build/elf/rtld-libc.a(rtld-memchr-sse2.os)
 .debug_abbrev  0x0000000000011b0d       0x14 /scratch/ca2627/clinicalAI/ArabicLLMBench/glibc-2.29/build/elf/rtld-libc.a(rtld-rawmemchr-sse2.os)
 .debug_abbrev  0x0000000000011b21       0x14 /scratch/ca2627/clinicalAI/ArabicLLMBench/glibc-2.29/build/elf/rtld-libc.a(rtld-memcmp-sse2.os)
 .debug_abbrev  0x0000000000011b35       0x14 /scratch/ca2627/clinicalAI/ArabicLLMBench/glibc-2.29/build/elf/rtld-libc.a(rtld-strchr-sse2.os)
 .debug_abbrev  0x0000000000011b49       0x14 /scratch/ca2627/clinicalAI/ArabicLLMBench/glibc-2.29/build/elf/rtld-libc.a(rtld-strlen-sse2.os)
 .debug_abbrev  0x0000000000011b5d       0x14 /scratch/ca2627/clinicalAI/ArabicLLMBench/glibc-2.29/build/elf/rtld-libc.a(rtld-strnlen-sse2.os)
 .debug_abbrev  0x0000000000011b71       0x14 /scratch/ca2627/clinicalAI/ArabicLLMBench/glibc-2.29/build/elf/rtld-libc.a(rtld-stpcpy-sse2.os)
 .debug_abbrev  0x0000000000011b85       0x14 /scratch/ca2627/clinicalAI/ArabicLLMBench/glibc-2.29/build/elf/rtld-libc.a(rtld-strcspn-sse2.os)
 .debug_abbrev  0x0000000000011b99       0x14 /scratch/ca2627/clinicalAI/ArabicLLMBench/glibc-2.29/build/elf/rtld-libc.a(rtld-memmove-sse2-unaligned-erms.os)
 .debug_abbrev  0x0000000000011bad       0x14 /scratch/ca2627/clinicalAI/ArabicLLMBench/glibc-2.29/build/elf/rtld-libc.a(rtld-memset-sse2-unaligned-erms.os)
 .debug_abbrev  0x0000000000011bc1       0x14 /scratch/ca2627/clinicalAI/ArabicLLMBench/glibc-2.29/build/elf/rtld-libc.a(rtld-setitimer.os)

.debug_line     0x0000000000000000    0x258b6
 *(.debug_line)
 .debug_line    0x0000000000000000    0x1df58 /scratch/ca2627/clinicalAI/ArabicLLMBench/glibc-2.29/build/elf/dl-allobjs.os
 .debug_line    0x000000000001df58      0x319 /scratch/ca2627/clinicalAI/ArabicLLMBench/glibc-2.29/build/elf/rtld-libc.a(rtld-check_fds.os)
 .debug_line    0x000000000001e271      0x193 /scratch/ca2627/clinicalAI/ArabicLLMBench/glibc-2.29/build/elf/rtld-libc.a(rtld-errno.os)
 .debug_line    0x000000000001e404      0x4d2 /scratch/ca2627/clinicalAI/ArabicLLMBench/glibc-2.29/build/elf/rtld-libc.a(rtld-closedir.os)
 .debug_line    0x000000000001e8d6      0x491 /scratch/ca2627/clinicalAI/ArabicLLMBench/glibc-2.29/build/elf/rtld-libc.a(rtld-rewinddir.os)
 .debug_line    0x000000000001ed67      0x539 /scratch/ca2627/clinicalAI/ArabicLLMBench/glibc-2.29/build/elf/rtld-libc.a(rtld-readdir64.os)
 .debug_line    0x000000000001f2a0      0x55e /scratch/ca2627/clinicalAI/ArabicLLMBench/glibc-2.29/build/elf/rtld-libc.a(rtld-fdopendir.os)
 .debug_line    0x000000000001f7fe      0x44b /scratch/ca2627/clinicalAI/ArabicLLMBench/glibc-2.29/build/elf/rtld-libc.a(rtld-getdents64.os)
 .debug_line    0x000000000001fc49      0x4b4 /scratch/ca2627/clinicalAI/ArabicLLMBench/glibc-2.29/build/elf/rtld-libc.a(rtld-dl-addr-obj.os)
 .debug_line    0x00000000000200fd      0x401 /scratch/ca2627/clinicalAI/ArabicLLMBench/glibc-2.29/build/elf/rtld-libc.a(rtld-profil.os)
 .debug_line    0x00000000000204fe      0x51c /scratch/ca2627/clinicalAI/ArabicLLMBench/glibc-2.29/build/elf/rtld-libc.a(rtld-prof-freq.os)
 .debug_line    0x0000000000020a1a      0x25e /scratch/ca2627/clinicalAI/ArabicLLMBench/glibc-2.29/build/elf/rtld-libc.a(rtld-xstat.os)
 .debug_line    0x0000000000020c78      0x25f /scratch/ca2627/clinicalAI/ArabicLLMBench/glibc-2.29/build/elf/rtld-libc.a(rtld-fxstat.os)
 .debug_line    0x0000000000020ed7      0x25f /scratch/ca2627/clinicalAI/ArabicLLMBench/glibc-2.29/build/elf/rtld-libc.a(rtld-lxstat.os)
 .debug_line    0x0000000000021136      0x236 /scratch/ca2627/clinicalAI/ArabicLLMBench/glibc-2.29/build/elf/rtld-libc.a(rtld-lseek64.os)
 .debug_line    0x000000000002136c      0x4c4 /scratch/ca2627/clinicalAI/ArabicLLMBench/glibc-2.29/build/elf/rtld-libc.a(rtld-access.os)
 .debug_line    0x0000000000021830      0x4b9 /scratch/ca2627/clinicalAI/ArabicLLMBench/glibc-2.29/build/elf/rtld-libc.a(rtld-close_nocancel.os)
 .debug_line    0x0000000000021ce9      0x54c /scratch/ca2627/clinicalAI/ArabicLLMBench/glibc-2.29/build/elf/rtld-libc.a(rtld-fcntl_nocancel.os)
 .debug_line    0x0000000000022235      0x2d6 /scratch/ca2627/clinicalAI/ArabicLLMBench/glibc-2.29/build/elf/rtld-libc.a(rtld-open64_nocancel.os)
 .debug_line    0x000000000002250b      0x521 /scratch/ca2627/clinicalAI/ArabicLLMBench/glibc-2.29/build/elf/rtld-libc.a(rtld-openat64_nocancel.os)
 .debug_line    0x0000000000022a2c      0x4bc /scratch/ca2627/clinicalAI/ArabicLLMBench/glibc-2.29/build/elf/rtld-libc.a(rtld-read_nocancel.os)
 .debug_line    0x0000000000022ee8      0x4bd /scratch/ca2627/clinicalAI/ArabicLLMBench/glibc-2.29/build/elf/rtld-libc.a(rtld-write_nocancel.os)
 .debug_line    0x00000000000233a5      0x220 /scratch/ca2627/clinicalAI/ArabicLLMBench/glibc-2.29/build/elf/rtld-libc.a(rtld-scratch_buffer_set_array_size.os)
 .debug_line    0x00000000000235c5      0x696 /scratch/ca2627/clinicalAI/ArabicLLMBench/glibc-2.29/build/elf/rtld-libc.a(rtld-mmap64.os)
 .debug_line    0x0000000000023c5b       0x59 /scratch/ca2627/clinicalAI/ArabicLLMBench/glibc-2.29/build/elf/rtld-libc.a(rtld-munmap.os)
 .debug_line    0x0000000000023cb4       0x59 /scratch/ca2627/clinicalAI/ArabicLLMBench/glibc-2.29/build/elf/rtld-libc.a(rtld-mprotect.os)
 .debug_line    0x0000000000023d0d       0x59 /scratch/ca2627/clinicalAI/ArabicLLMBench/glibc-2.29/build/elf/rtld-libc.a(rtld-uname.os)
 .debug_line    0x0000000000023d66      0x288 /scratch/ca2627/clinicalAI/ArabicLLMBench/glibc-2.29/build/elf/rtld-libc.a(rtld-_exit.os)
 .debug_line    0x0000000000023fee       0x57 /scratch/ca2627/clinicalAI/ArabicLLMBench/glibc-2.29/build/elf/rtld-libc.a(rtld-getpid.os)
 .debug_line    0x0000000000024045       0x75 /scratch/ca2627/clinicalAI/ArabicLLMBench/glibc-2.29/build/elf/rtld-libc.a(rtld-environ.os)
 .debug_line    0x00000000000240ba       0x61 /scratch/ca2627/clinicalAI/ArabicLLMBench/glibc-2.29/build/elf/rtld-libc.a(rtld-setjmp.os)
 .debug_line    0x000000000002411b       0x61 /scratch/ca2627/clinicalAI/ArabicLLMBench/glibc-2.29/build/elf/rtld-libc.a(rtld-__longjmp.os)
 .debug_line    0x000000000002417c      0x3f6 /scratch/ca2627/clinicalAI/ArabicLLMBench/glibc-2.29/build/elf/rtld-libc.a(rtld-sigaction.os)
 .debug_line    0x0000000000024572      0x10d /scratch/ca2627/clinicalAI/ArabicLLMBench/glibc-2.29/build/elf/rtld-libc.a(rtld-strdup.os)
 .debug_line    0x000000000002467f      0x48f /scratch/ca2627/clinicalAI/ArabicLLMBench/glibc-2.29/build/elf/rtld-libc.a(rtld-strcmp-sse2.os)
 .debug_line    0x0000000000024b0e      0x525 /scratch/ca2627/clinicalAI/ArabicLLMBench/glibc-2.29/build/elf/rtld-libc.a(rtld-strncmp-sse2.os)
 .debug_line    0x0000000000025033      0x126 /scratch/ca2627/clinicalAI/ArabicLLMBench/glibc-2.29/build/elf/rtld-libc.a(rtld-memchr-sse2.os)
 .debug_line    0x0000000000025159       0xd3 /scratch/ca2627/clinicalAI/ArabicLLMBench/glibc-2.29/build/elf/rtld-libc.a(rtld-rawmemchr-sse2.os)
 .debug_line    0x000000000002522c      0x14c /scratch/ca2627/clinicalAI/ArabicLLMBench/glibc-2.29/build/elf/rtld-libc.a(rtld-memcmp-sse2.os)
 .debug_line    0x0000000000025378       0xde /scratch/ca2627/clinicalAI/ArabicLLMBench/glibc-2.29/build/elf/rtld-libc.a(rtld-strchr-sse2.os)
 .debug_line    0x0000000000025456       0xa5 /scratch/ca2627/clinicalAI/ArabicLLMBench/glibc-2.29/build/elf/rtld-libc.a(rtld-strlen-sse2.os)
 .debug_line    0x00000000000254fb       0xa5 /scratch/ca2627/clinicalAI/ArabicLLMBench/glibc-2.29/build/elf/rtld-libc.a(rtld-strnlen-sse2.os)
 .debug_line    0x00000000000255a0       0x95 /scratch/ca2627/clinicalAI/ArabicLLMBench/glibc-2.29/build/elf/rtld-libc.a(rtld-stpcpy-sse2.os)
 .debug_line    0x0000000000025635       0x80 /scratch/ca2627/clinicalAI/ArabicLLMBench/glibc-2.29/build/elf/rtld-libc.a(rtld-strcspn-sse2.os)
 .debug_line    0x00000000000256b5       0xfc /scratch/ca2627/clinicalAI/ArabicLLMBench/glibc-2.29/build/elf/rtld-libc.a(rtld-memmove-sse2-unaligned-erms.os)
 .debug_line    0x00000000000257b1       0xac /scratch/ca2627/clinicalAI/ArabicLLMBench/glibc-2.29/build/elf/rtld-libc.a(rtld-memset-sse2-unaligned-erms.os)
 .debug_line    0x000000000002585d       0x59 /scratch/ca2627/clinicalAI/ArabicLLMBench/glibc-2.29/build/elf/rtld-libc.a(rtld-setitimer.os)

.debug_frame
 *(.debug_frame)

.debug_str      0x0000000000000000    0x79ac9
 *(.debug_str)
 .debug_str     0x0000000000000000    0x5d62f /scratch/ca2627/clinicalAI/ArabicLLMBench/glibc-2.29/build/elf/dl-allobjs.os
 .debug_str     0x000000000005d62f      0x7c2 /scratch/ca2627/clinicalAI/ArabicLLMBench/glibc-2.29/build/elf/rtld-libc.a(rtld-check_fds.os)
 .debug_str     0x000000000005ddf1      0x553 /scratch/ca2627/clinicalAI/ArabicLLMBench/glibc-2.29/build/elf/rtld-libc.a(rtld-errno.os)
 .debug_str     0x000000000005e344     0x1675 /scratch/ca2627/clinicalAI/ArabicLLMBench/glibc-2.29/build/elf/rtld-libc.a(rtld-closedir.os)
 .debug_str     0x000000000005f9b9     0x1604 /scratch/ca2627/clinicalAI/ArabicLLMBench/glibc-2.29/build/elf/rtld-libc.a(rtld-rewinddir.os)
 .debug_str     0x0000000000060fbd     0x16c7 /scratch/ca2627/clinicalAI/ArabicLLMBench/glibc-2.29/build/elf/rtld-libc.a(rtld-readdir64.os)
 .debug_str     0x0000000000062684     0x1777 /scratch/ca2627/clinicalAI/ArabicLLMBench/glibc-2.29/build/elf/rtld-libc.a(rtld-fdopendir.os)
 .debug_str     0x0000000000063dfb     0x15b8 /scratch/ca2627/clinicalAI/ArabicLLMBench/glibc-2.29/build/elf/rtld-libc.a(rtld-getdents64.os)
 .debug_str     0x00000000000653b3     0x1cd0 /scratch/ca2627/clinicalAI/ArabicLLMBench/glibc-2.29/build/elf/rtld-libc.a(rtld-dl-addr-obj.os)
 .debug_str     0x0000000000067083      0x837 /scratch/ca2627/clinicalAI/ArabicLLMBench/glibc-2.29/build/elf/rtld-libc.a(rtld-profil.os)
 .debug_str     0x00000000000678ba     0x27ed /scratch/ca2627/clinicalAI/ArabicLLMBench/glibc-2.29/build/elf/rtld-libc.a(rtld-prof-freq.os)
 .debug_str     0x000000000006a0a7      0x6bc /scratch/ca2627/clinicalAI/ArabicLLMBench/glibc-2.29/build/elf/rtld-libc.a(rtld-xstat.os)
 .debug_str     0x000000000006a763      0x6ba /scratch/ca2627/clinicalAI/ArabicLLMBench/glibc-2.29/build/elf/rtld-libc.a(rtld-fxstat.os)
 .debug_str     0x000000000006ae1d      0x6bf /scratch/ca2627/clinicalAI/ArabicLLMBench/glibc-2.29/build/elf/rtld-libc.a(rtld-lxstat.os)
 .debug_str     0x000000000006b4dc      0x632 /scratch/ca2627/clinicalAI/ArabicLLMBench/glibc-2.29/build/elf/rtld-libc.a(rtld-lseek64.os)
 .debug_str     0x000000000006bb0e     0x180f /scratch/ca2627/clinicalAI/ArabicLLMBench/glibc-2.29/build/elf/rtld-libc.a(rtld-access.os)
 .debug_str     0x000000000006d31d     0x1824 /scratch/ca2627/clinicalAI/ArabicLLMBench/glibc-2.29/build/elf/rtld-libc.a(rtld-close_nocancel.os)
 .debug_str     0x000000000006eb41     0x1909 /scratch/ca2627/clinicalAI/ArabicLLMBench/glibc-2.29/build/elf/rtld-libc.a(rtld-fcntl_nocancel.os)
 .debug_str     0x000000000007044a      0x6c9 /scratch/ca2627/clinicalAI/ArabicLLMBench/glibc-2.29/build/elf/rtld-libc.a(rtld-open64_nocancel.os)
 .debug_str     0x0000000000070b13     0x18cd /scratch/ca2627/clinicalAI/ArabicLLMBench/glibc-2.29/build/elf/rtld-libc.a(rtld-openat64_nocancel.os)
 .debug_str     0x00000000000723e0     0x1848 /scratch/ca2627/clinicalAI/ArabicLLMBench/glibc-2.29/build/elf/rtld-libc.a(rtld-read_nocancel.os)
 .debug_str     0x0000000000073c28     0x184b /scratch/ca2627/clinicalAI/ArabicLLMBench/glibc-2.29/build/elf/rtld-libc.a(rtld-write_nocancel.os)
 .debug_str     0x0000000000075473      0x30d /scratch/ca2627/clinicalAI/ArabicLLMBench/glibc-2.29/build/elf/rtld-libc.a(rtld-scratch_buffer_set_array_size.os)
 .debug_str     0x0000000000075780     0x2908 /scratch/ca2627/clinicalAI/ArabicLLMBench/glibc-2.29/build/elf/rtld-libc.a(rtld-mmap64.os)
 .debug_str     0x0000000000078088       0x6b /scratch/ca2627/clinicalAI/ArabicLLMBench/glibc-2.29/build/elf/rtld-libc.a(rtld-munmap.os)
 .debug_str     0x00000000000780f3       0x6b /scratch/ca2627/clinicalAI/ArabicLLMBench/glibc-2.29/build/elf/rtld-libc.a(rtld-mprotect.os)
 .debug_str     0x000000000007815e       0x6c /scratch/ca2627/clinicalAI/ArabicLLMBench/glibc-2.29/build/elf/rtld-libc.a(rtld-uname.os)
 .debug_str     0x00000000000781ca      0x613 /scratch/ca2627/clinicalAI/ArabicLLMBench/glibc-2.29/build/elf/rtld-libc.a(rtld-_exit.os)
 .debug_str     0x00000000000787dd       0x6c /scratch/ca2627/clinicalAI/ArabicLLMBench/glibc-2.29/build/elf/rtld-libc.a(rtld-getpid.os)
 .debug_str     0x0000000000078849      0x1f9 /scratch/ca2627/clinicalAI/ArabicLLMBench/glibc-2.29/build/elf/rtld-libc.a(rtld-environ.os)
 .debug_str     0x0000000000078a42       0x65 /scratch/ca2627/clinicalAI/ArabicLLMBench/glibc-2.29/build/elf/rtld-libc.a(rtld-setjmp.os)
 .debug_str     0x0000000000078aa7       0x68 /scratch/ca2627/clinicalAI/ArabicLLMBench/glibc-2.29/build/elf/rtld-libc.a(rtld-__longjmp.os)
 .debug_str     0x0000000000078b0f      0x803 /scratch/ca2627/clinicalAI/ArabicLLMBench/glibc-2.29/build/elf/rtld-libc.a(rtld-sigaction.os)
 .debug_str     0x0000000000079312      0x210 /scratch/ca2627/clinicalAI/ArabicLLMBench/glibc-2.29/build/elf/rtld-libc.a(rtld-strdup.os)
 .debug_str     0x0000000000079522       0x65 /scratch/ca2627/clinicalAI/ArabicLLMBench/glibc-2.29/build/elf/rtld-libc.a(rtld-strcmp-sse2.os)
 .debug_str     0x0000000000079587       0x65 /scratch/ca2627/clinicalAI/ArabicLLMBench/glibc-2.29/build/elf/rtld-libc.a(rtld-strncmp-sse2.os)
 .debug_str     0x00000000000795ec       0x72 /scratch/ca2627/clinicalAI/ArabicLLMBench/glibc-2.29/build/elf/rtld-libc.a(rtld-memchr-sse2.os)
 .debug_str     0x000000000007965e       0x75 /scratch/ca2627/clinicalAI/ArabicLLMBench/glibc-2.29/build/elf/rtld-libc.a(rtld-rawmemchr-sse2.os)