Archive member included to satisfy reference by file (symbol)

/scratch/ca2627/clinicalAI/ArabicLLMBench/glibc-2.29/build/libc_pic.a(check_fds.os)
                              /scratch/ca2627/clinicalAI/ArabicLLMBench/glibc-2.29/build/elf/dl-allobjs.os (__libc_check_standard_fds)
/scratch/ca2627/clinicalAI/ArabicLLMBench/glibc-2.29/build/libc_pic.a(errno.os)
                              /scratch/ca2627/clinicalAI/ArabicLLMBench/glibc-2.29/build/libc_pic.a(check_fds.os) (__libc_errno)
/scratch/ca2627/clinicalAI/ArabicLLMBench/glibc-2.29/build/libc_pic.a(setjmp.os)
                              /scratch/ca2627/clinicalAI/ArabicLLMBench/glibc-2.29/build/elf/dl-allobjs.os (__sigsetjmp)
/scratch/ca2627/clinicalAI/ArabicLLMBench/glibc-2.29/build/libc_pic.a(__longjmp.os)
                              /scratch/ca2627/clinicalAI/ArabicLLMBench/glibc-2.29/build/elf/dl-allobjs.os (__longjmp)
/scratch/ca2627/clinicalAI/ArabicLLMBench/glibc-2.29/build/libc_pic.a(scratch_buffer_set_array_size.os)
                              /scratch/ca2627/clinicalAI/ArabicLLMBench/glibc-2.29/build/elf/dl-allobjs.os (__libc_scratch_buffer_set_array_size)
/scratch/ca2627/clinicalAI/ArabicLLMBench/glibc-2.29/build/libc_pic.a(strchr.os)
                              /scratch/ca2627/clinicalAI/ArabicLLMBench/glibc-2.29/build/elf/dl-allobjs.os (strchr)
/scratch/ca2627/clinicalAI/ArabicLLMBench/glibc-2.29/build/libc_pic.a(strcmp.os)
                              /scratch/ca2627/clinicalAI/ArabicLLMBench/glibc-2.29/build/elf/dl-allobjs.os (strcmp)
/scratch/ca2627/clinicalAI/ArabicLLMBench/glibc-2.29/build/libc_pic.a(strcspn.os)
                              /scratch/ca2627/clinicalAI/ArabicLLMBench/glibc-2.29/build/elf/dl-allobjs.os (strcspn)
/scratch/ca2627/clinicalAI/ArabicLLMBench/glibc-2.29/build/libc_pic.a(strdup.os)
                              /scratch/ca2627/clinicalAI/ArabicLLMBench/glibc-2.29/build/elf/dl-allobjs.os (__strdup)
/scratch/ca2627/clinicalAI/ArabicLLMBench/glibc-2.29/build/libc_pic.a(strlen.os)
                              /scratch/ca2627/clinicalAI/ArabicLLMBench/glibc-2.29/build/elf/dl-allobjs.os (strlen)
/scratch/ca2627/clinicalAI/ArabicLLMBench/glibc-2.29/build/libc_pic.a(strnlen.os)
                              /scratch/ca2627/clinicalAI/ArabicLLMBench/glibc-2.29/build/elf/dl-allobjs.os (strnlen)
/scratch/ca2627/clinicalAI/ArabicLLMBench/glibc-2.29/build/libc_pic.a(strncmp.os)
                              /scratch/ca2627/clinicalAI/ArabicLLMBench/glibc-2.29/build/elf/dl-allobjs.os (strncmp)
/scratch/ca2627/clinicalAI/ArabicLLMBench/glibc-2.29/build/libc_pic.a(memchr.os)
                              /scratch/ca2627/clinicalAI/ArabicLLMBench/glibc-2.29/build/elf/dl-allobjs.os (memchr)
/scratch/ca2627/clinicalAI/ArabicLLMBench/glibc-2.29/build/libc_pic.a(memcmp.os)
                              /scratch/ca2627/clinicalAI/ArabicLLMBench/glibc-2.29/build/elf/dl-allobjs.os (memcmp)
/scratch/ca2627/clinicalAI/ArabicLLMBench/glibc-2.29/build/libc_pic.a(memmove.os)
                              /scratch/ca2627/clinicalAI/ArabicLLMBench/glibc-2.29/build/elf/dl-allobjs.os (memmove)
/scratch/ca2627/clinicalAI/ArabicLLMBench/glibc-2.29/build/libc_pic.a(memset.os)
                              /scratch/ca2627/clinicalAI/ArabicLLMBench/glibc-2.29/build/elf/dl-allobjs.os (memset)
/scratch/ca2627/clinicalAI/ArabicLLMBench/glibc-2.29/build/libc_pic.a(mempcpy.os)
                              /scratch/ca2627/clinicalAI/ArabicLLMBench/glibc-2.29/build/elf/dl-allobjs.os (__mempcpy)
/scratch/ca2627/clinicalAI/ArabicLLMBench/glibc-2.29/build/libc_pic.a(stpcpy.os)
                              /scratch/ca2627/clinicalAI/ArabicLLMBench/glibc-2.29/build/elf/dl-allobjs.os (__stpcpy)
/scratch/ca2627/clinicalAI/ArabicLLMBench/glibc-2.29/build/libc_pic.a(memcpy.os)
                              /scratch/ca2627/clinicalAI/ArabicLLMBench/glibc-2.29/build/libc_pic.a(check_fds.os) (__GI_memcpy)
/scratch/ca2627/clinicalAI/ArabicLLMBench/glibc-2.29/build/libc_pic.a(rawmemchr.os)
                              /scratch/ca2627/clinicalAI/ArabicLLMBench/glibc-2.29/build/elf/dl-allobjs.os (rawmemchr)
/scratch/ca2627/clinicalAI/ArabicLLMBench/glibc-2.29/build/libc_pic.a(strcmp-sse2.os)
                              /scratch/ca2627/clinicalAI/ArabicLLMBench/glibc-2.29/build/libc_pic.a(strcmp.os) (__strcmp_sse2)
/scratch/ca2627/clinicalAI/ArabicLLMBench/glibc-2.29/build/libc_pic.a(strcmp-sse2-unaligned.os)
                              /scratch/ca2627/clinicalAI/ArabicLLMBench/glibc-2.29/build/libc_pic.a(strcmp.os) (__strcmp_sse2_unaligned)
/scratch/ca2627/clinicalAI/ArabicLLMBench/glibc-2.29/build/libc_pic.a(strcmp-ssse3.os)
                              /scratch/ca2627/clinicalAI/ArabicLLMBench/glibc-2.29/build/libc_pic.a(strcmp.os) (__strcmp_ssse3)
/scratch/ca2627/clinicalAI/ArabicLLMBench/glibc-2.29/build/libc_pic.a(strcmp-avx2.os)
[...]
Memory Configuration

Name             Origin             Length             Attributes
*default*        0x0000000000000000 0xffffffffffffffff

Linker script and memory map

                0x0000000000000000                __stack_chk_fail = 0x0
                0x0000000000000000                __stack_chk_fail_local = 0x0
START GROUP
LOAD /scratch/ca2627/clinicalAI/ArabicLLMBench/glibc-2.29/build/elf/dl-allobjs.os
LOAD /scratch/ca2627/clinicalAI/ArabicLLMBench/glibc-2.29/build/libc_pic.a
LOAD /share/apps/NYUAD5/gcc/9.2.0/lib/gcc/x86_64-pc-linux-gnu/9.2.0/libgcc.a
END GROUP

.interp
 *(.interp)

.note.gnu.build-id
 *(.note.gnu.build-id)

.hash
 *(.hash)

.gnu.hash
 *(.gnu.hash)

.dynsym
 *(.dynsym)

.dynstr
 *(.dynstr)

.gnu.version
 *(.gnu.version)

.gnu.version_d
 *(.gnu.version_d)

.gnu.version_r
 *(.gnu.version_r)

.rela.init
 *(.rela.init)

.rela.text
 *(.rela.text)

.rela.fini
 *(.rela.fini)

.rela.rodata
 *(.rela.rodata)

.rela.data.rel.ro
 *(.rela.data.rel.ro)

.rela.data
 *(.rela.data)

.rela.tdata
 *(.rela.tdata)

.rela.tbss
 *(.rela.tbss)

.rela.ctors
 *(.rela.ctors)

.rela.dtors
 *(.rela.dtors)

.rela.got
 *(.rela.got)

.rela.bss
 *(.rela.bss)

.rela.ldata
 *(.rela.ldata)

.rela.lbss
 *(.rela.lbss)

.rela.lrodata
 *(.rela.lrodata)

.rela.ifunc
 *(.rela.ifunc)

.rela.plt
 *(.rela.plt)

.init
 *(SORT_NONE(.init))

.plt
 *(.plt)

.plt.got
 *(.plt.got)

.plt.sec
 *(.plt.sec)

.text           0x0000000000000000    0x1f934
 *(.text .stub)
 .text          0x0000000000000000    0x19210 /scratch/ca2627/clinicalAI/ArabicLLMBench/glibc-2.29/build/elf/dl-allobjs.os
                0x0000000000000000                _start
                0x0000000000000008                _dl_start_user
                0x0000000000001410                handle_ld_preload
                0x0000000000006db0                _dl_dst_count
                0x0000000000006e60                _dl_dst_substitute
                0x00000000000075b0                _dl_init_paths
                0x00000000000078c0                _dl_map_object
                0x0000000000008350                _dl_rtld_di_serinfo
                0x0000000000009290                _dl_lookup_symbol_x
                0x000000000000a200                _dl_setup_hash
                0x000000000000a2b0                _dl_add_to_namespace_list
                0x000000000000a340                _dl_new_object
                0x000000000000a6b0                _dl_try_allocate_static_tls
                0x000000000000a7a0                _dl_allocate_static_tls
                0x000000000000a7d0                _dl_nothread_init_static_tls
                0x000000000000a820                _dl_protect_relro
                0x000000000000a880                _dl_reloc_bad_type
                0x000000000000a950                _dl_relocate_object
                0x000000000000c370                _dl_map_object_deps
                0x000000000000d360                _dl_important_hwcaps
                0x000000000000daf0                _dl_fixup
                0x000000000000dcb0                _dl_profile_fixup
                0x000000000000e2a0                _dl_call_pltexit
                0x000000000000e4c0                _dl_init
                0x000000000000e600                _dl_fini
                0x000000000000e9c0                _dl_debug_state
                0x000000000000e9c0                __GI__dl_debug_state
                0x000000000000e9d0                _dl_debug_initialize
                0x000000000000f090                _dl_sysdep_read_whole_file
                0x000000000000f130                _dl_debug_printf
                0x000000000000f1e0                _dl_debug_printf_c
                0x000000000000f290                _dl_dprintf
                0x000000000000f330                _dl_name_match_p
                0x000000000000f3a0                _dl_higher_prime_number
                0x000000000000f3f0                _dl_strtoul
                0x000000000000f550                _dl_check_map_versions
                0x000000000000fcc0                _dl_check_all_versions
                0x000000000000fd40                _dl_start_profile
                0x00000000000104c0                __GI__dl_mcount
                0x00000000000104c0                _dl_mcount
                0x0000000000010a50                _dl_next_tls_modid
                0x0000000000010b40                _dl_count_modids
                0x0000000000010bb0                _dl_determine_tlsoffset
                0x0000000000010d60                _dl_get_tls_static_info
                0x0000000000010d80                _dl_allocate_tls_storage
                0x0000000000010e40                __GI__dl_allocate_tls_init
                0x0000000000010e40                _dl_allocate_tls_init
                0x0000000000011070                __GI__dl_allocate_tls
                0x0000000000011070                _dl_allocate_tls
                0x00000000000110b0                _dl_deallocate_tls
                0x00000000000110b0                __GI__dl_deallocate_tls
                0x0000000000011130                _dl_update_slotinfo
                0x00000000000113a0                __GI___tls_get_addr
                0x00000000000113a0                ___tls_get_addr
                0x00000000000113f0                _dl_tls_get_addr_soft
                0x0000000000011470                _dl_add_to_slotinfo
                0x0000000000011560                __tls_get_addr_slow
                0x0000000000011590                _dl_get_origin
                0x00000000000116e0                _dl_scope_free
                0x00000000000117c0                _dl_make_stack_executable
                0x00000000000117c0                __GI__dl_make_stack_executable
                0x0000000000011a30                __GI__dl_find_dso_for_object
                0x0000000000011a30                _dl_find_dso_for_object
                0x0000000000011b00                _dl_open
                0x0000000000011df0                _dl_show_scope
                0x0000000000012800                _dl_close_worker
                0x0000000000013840                _dl_close
                0x00000000000138b0                _dl_runtime_profile_avx512
                0x0000000000013d30                _dl_runtime_profile_avx
                0x00000000000141b0                _dl_runtime_profile_sse
                0x00000000000143b0                _dl_runtime_resolve_fxsave
                0x0000000000014430                _dl_runtime_resolve_xsave
                0x0000000000014500                _dl_runtime_resolve_xsavec
                0x00000000000145f0                _dl_exception_create
                0x00000000000145f0                __GI__dl_exception_create
                0x00000000000146d0                __GI__dl_exception_create_format
                0x00000000000146d0                _dl_exception_create_format
                0x0000000000014b30                _dl_exception_free
                0x0000000000014b30                __GI__dl_exception_free
                0x0000000000014b60                _dl_sort_maps
                0x0000000000014e40                _dl_cache_libcmp
                0x0000000000014f00                _dl_load_cache_lookup
                0x00000000000154d0                _dl_unload_cache
                0x00000000000155b0                __tunable_set_val
                0x00000000000155d0                __GI___tunables_init
                0x0000000000015a80                __tunable_get_val
                0x0000000000015a80                __GI___tunable_get_val
                0x0000000000015af0                _dl_make_tlsdesc_dynamic
                0x0000000000015df0                _dl_tlsdesc_resolve_rela_fixup
                0x0000000000015fa0                _dl_tlsdesc_resolve_hold_fixup
                0x0000000000015fe0                _dl_unmap
                0x0000000000016060                _dl_tlsdesc_return
                0x0000000000016070                _dl_tlsdesc_undefweak
                0x0000000000016080                _dl_tlsdesc_dynamic
                0x0000000000016120                _dl_tlsdesc_resolve_rela
                0x0000000000016190                _dl_tlsdesc_resolve_hold
                0x0000000000016210                __tls_get_addr
                0x0000000000016250                __get_cpu_features
                0x0000000000016260                _dl_tunable_set_hwcaps
                0x0000000000017300                _dl_sysdep_start
                0x0000000000017bd0                _dl_sysdep_start_cleanup
                0x0000000000017be0                _dl_show_auxv
                0x0000000000017d90                _dl_discover_osversion
                0x0000000000017f70                _dl_next_ld_env_entry
                0x0000000000017fc0                unsetenv
                0x0000000000018040                malloc
                0x0000000000018160                calloc
                0x00000000000181a0                free
                0x00000000000181e0                __sigjmp_save
                0x00000000000181f0                __strerror_r
                0x00000000000182e0                __GI___libc_fatal
                0x00000000000182e0                __libc_fatal
                0x0000000000018310                __GI___chk_fail
                0x0000000000018310                __chk_fail
                0x0000000000018320                __GI___assert_fail
                0x0000000000018320                __assert_fail
                0x0000000000018370                realloc
                0x0000000000018400                __GI___assert_perror_fail
                0x0000000000018400                __assert_perror_fail
                0x0000000000018470                _itoa
                0x00000000000184d0                __strsep
                0x00000000000184d0                strsep
                0x00000000000184d0                __strsep_g
                0x0000000000018610                _dl_signal_exception
                0x0000000000018660                _dl_signal_error
                0x00000000000186b0                _dl_signal_cexception
                0x0000000000018740                _dl_signal_cerror
                0x00000000000187c0                _dl_catch_exception
                0x0000000000018870                _dl_catch_error
                0x00000000000188c0                _dl_receive_error
                0x0000000000018910                _dl_resolve_conflicts
                0x0000000000018a60                __brk
                0x0000000000018a60                brk
                0x0000000000018ab0                sbrk
                0x0000000000018ab0                __sbrk
                0x0000000000018b40                __getcwd
                0x0000000000018b40                getcwd
                0x0000000000018fc0                openat64
                0x0000000000019020                __alloc_dir
                0x0000000000019110                __opendir
                0x0000000000019110                opendir
                0x00000000000191c0                __fxstatat
                0x00000000000191c0                __fxstatat64
                0x00000000000191c0                __GI___fxstatat64
 .text          0x0000000000019210       0xe2 /scratch/ca2627/clinicalAI/ArabicLLMBench/glibc-2.29/build/libc_pic.a(check_fds.os)
                0x00000000000192c0                __libc_check_standard_fds
 .text          0x00000000000192f2        0x0 /scratch/ca2627/clinicalAI/ArabicLLMBench/glibc-2.29/build/libc_pic.a(errno.os)
 *fill*         0x00000000000192f2        0xe 
 .text          0x0000000000019300       0x57 /scratch/ca2627/clinicalAI/ArabicLLMBench/glibc-2.29/build/libc_pic.a(setjmp.os)
                0x0000000000019300                __sigsetjmp
                0x0000000000019300                __GI___sigsetjmp
 *fill*         0x0000000000019357        0x9 
 .text          0x0000000000019360       0x50 /scratch/ca2627/clinicalAI/ArabicLLMBench/glibc-2.29/build/libc_pic.a(__longjmp.os)
                0x0000000000019360                __longjmp
 .text          0x00000000000193b0       0xae /scratch/ca2627/clinicalAI/ArabicLLMBench/glibc-2.29/build/libc_pic.a(scratch_buffer_set_array_size.os)
                0x00000000000193b0                __libc_scratch_buffer_set_array_size
                0x00000000000193b0                __GI___libc_scratch_buffer_set_array_size
 *fill*         0x000000000001945e        0x2 
 .text          0x0000000000019460       0x48 /scratch/ca2627/clinicalAI/ArabicLLMBench/glibc-2.29/build/libc_pic.a(strchr.os)
                0x0000000000019460                __GI_strchr
                0x0000000000019460                index
                0x0000000000019460                strchr
 *fill*         0x00000000000194a8        0x8 
 .text          0x00000000000194b0       0x55 /scratch/ca2627/clinicalAI/ArabicLLMBench/glibc-2.29/build/libc_pic.a(strcmp.os)
                0x00000000000194b0                __GI_strcmp
                0x00000000000194b0                strcmp
 *fill*         0x0000000000019505        0xb 
 .text          0x0000000000019510       0x1e /scratch/ca2627/clinicalAI/ArabicLLMBench/glibc-2.29/build/libc_pic.a(strcspn.os)
                0x0000000000019510                strcspn
                0x0000000000019510                __GI_strcspn
 *fill*         0x000000000001952e        0x2 
 .text          0x0000000000019530       0x3c /scratch/ca2627/clinicalAI/ArabicLLMBench/glibc-2.29/build/libc_pic.a(strdup.os)
                0x0000000000019530                __GI___strdup
                0x0000000000019530                __strdup
                0x0000000000019530                strdup
 *fill*         0x000000000001956c        0x4 
 .text          0x0000000000019570       0x38 /scratch/ca2627/clinicalAI/ArabicLLMBench/glibc-2.29/build/libc_pic.a(strlen.os)
                0x0000000000019570                strlen
                0x0000000000019570                __GI_strlen
 *fill*         0x00000000000195a8        0x8 
 .text          0x00000000000195b0       0x38 /scratch/ca2627/clinicalAI/ArabicLLMBench/glibc-2.29/build/libc_pic.a(strnlen.os)
                0x00000000000195b0                __strnlen
                0x00000000000195b0                strnlen
                0x00000000000195b0                __GI___strnlen
                0x00000000000195b0                __GI_strnlen
 *fill*         0x00000000000195e8        0x8 
 .text          0x00000000000195f0       0x5f /scratch/ca2627/clinicalAI/ArabicLLMBench/glibc-2.29/build/libc_pic.a(strncmp.os)
                0x00000000000195f0                __GI_strncmp
                0x00000000000195f0                strncmp
 *fill*         0x000000000001964f        0x1 
 .text          0x0000000000019650       0x38 /scratch/ca2627/clinicalAI/ArabicLLMBench/glibc-2.29/build/libc_pic.a(memchr.os)
                0x0000000000019650                __GI_memchr
                0x0000000000019650                memchr
                0x0000000000019650                __memchr
 *fill*         0x0000000000019688        0x8 
 .text          0x0000000000019690       0x69 /scratch/ca2627/clinicalAI/ArabicLLMBench/glibc-2.29/build/libc_pic.a(memcmp.os)
                0x0000000000019690                bcmp
                0x0000000000019690                __GI_memcmp
                0x0000000000019690                memcmp
 *fill*         0x00000000000196f9        0x7 
 .text          0x0000000000019700       0xb7 /scratch/ca2627/clinicalAI/ArabicLLMBench/glibc-2.29/build/libc_pic.a(memmove.os)
                0x0000000000019700                memmove
                0x0000000000019700                __GI_memmove
                0x0000000000019700                __libc_memmove
 *fill*         0x00000000000197b7        0x9 
 .text          0x00000000000197c0       0x9b /scratch/ca2627/clinicalAI/ArabicLLMBench/glibc-2.29/build/libc_pic.a(memset.os)
                0x00000000000197c0                __GI_memset
                0x00000000000197c0                memset
 *fill*         0x000000000001985b        0x5 
 .text          0x0000000000019860       0xb7 /scratch/ca2627/clinicalAI/ArabicLLMBench/glibc-2.29/build/libc_pic.a(mempcpy.os)
                0x0000000000019860                mempcpy
                0x0000000000019860                __GI_mempcpy
                0x0000000000019860                __mempcpy
                0x0000000000019860                __GI___mempcpy
 *fill*         0x0000000000019917        0x9 
 .text          0x0000000000019920       0x55 /scratch/ca2627/clinicalAI/ArabicLLMBench/glibc-2.29/build/libc_pic.a(stpcpy.os)
                0x0000000000019920                stpcpy
                0x0000000000019920                __GI_stpcpy
                0x0000000000019920                __stpcpy
                0x0000000000019920                __GI___stpcpy
 *fill*         0x0000000000019975        0xb 
 .text          0x0000000000019980       0xb7 /scratch/ca2627/clinicalAI/ArabicLLMBench/glibc-2.29/build/libc_pic.a(memcpy.os)
                0x0000000000019980                __GI_memcpy
                0x0000000000019980                __new_memcpy
                0x0000000000019980                memcpy@@GLIBC_2.14
 *fill*         0x0000000000019a37        0x9 
 .text          0x0000000000019a40       0x38 /scratch/ca2627/clinicalAI/ArabicLLMBench/glibc-2.29/build/libc_pic.a(rawmemchr.os)
                0x0000000000019a40                __GI___rawmemchr
                0x0000000000019a40                __rawmemchr
                0x0000000000019a40                rawmemchr
 *fill*         0x0000000000019a78        0x8 
 .text          0x0000000000019a80     0x1439 /scratch/ca2627/clinicalAI/ArabicLLMBench/glibc-2.29/build/libc_pic.a(strcmp-sse2.os)
                0x0000000000019a80                __strcmp_sse2
 *fill*         0x000000000001aeb9        0x7 
 .text          0x000000000001aec0      0x2a3 /scratch/ca2627/clinicalAI/ArabicLLMBench/glibc-2.29/build/libc_pic.a(strcmp-sse2-unaligned.os)
                0x000000000001aec0                __strcmp_sse2_unaligned
 .text          0x000000000001b163        0x0 /scratch/ca2627/clinicalAI/ArabicLLMBench/glibc-2.29/build/libc_pic.a(strcmp-ssse3.os)
 .text          0x000000000001b163        0x0 /scratch/ca2627/clinicalAI/ArabicLLMBench/glibc-2.29/build/libc_pic.a(strcmp-avx2.os)
 *fill*         0x000000000001b163        0xd 
 .text          0x000000000001b170     0x1849 /scratch/ca2627/clinicalAI/ArabicLLMBench/glibc-2.29/build/libc_pic.a(strncmp-sse2.os)
                0x000000000001b170                __strncmp_sse2
 .text          0x000000000001c9b9        0x0 /scratch/ca2627/clinicalAI/ArabicLLMBench/glibc-2.29/build/libc_pic.a(strncmp-ssse3.os)
 .text          0x000000000001c9b9        0x0 /scratch/ca2627/clinicalAI/ArabicLLMBench/glibc-2.29/build/libc_pic.a(strncmp-sse4_2.os)
 .text          0x000000000001c9b9        0x0 /scratch/ca2627/clinicalAI/ArabicLLMBench/glibc-2.29/build/libc_pic.a(strncmp-avx2.os)
 *fill*         0x000000000001c9b9        0x7 
 .text          0x000000000001c9c0      0x323 /scratch/ca2627/clinicalAI/ArabicLLMBench/glibc-2.29/build/libc_pic.a(memchr-sse2.os)
                0x000000000001c9c0                __memchr_sse2
 *fill*         0x000000000001cce3        0xd 
 .text          0x000000000001ccf0      0x1f9 /scratch/ca2627/clinicalAI/ArabicLLMBench/glibc-2.29/build/libc_pic.a(rawmemchr-sse2.os)
                0x000000000001ccf0                __rawmemchr_sse2
 .text          0x000000000001cee9        0x0 /scratch/ca2627/clinicalAI/ArabicLLMBench/glibc-2.29/build/libc_pic.a(memchr-avx2.os)
 .text          0x000000000001cee9        0x0 /scratch/ca2627/clinicalAI/ArabicLLMBench/glibc-2.29/build/libc_pic.a(rawmemchr-avx2.os)
 *fill*         0x000000000001cee9        0x7 
 .text          0x000000000001cef0      0x400 /scratch/ca2627/clinicalAI/ArabicLLMBench/glibc-2.29/build/libc_pic.a(memcmp-sse2.os)
                0x000000000001cef0                __memcmp_sse2
 .text          0x000000000001d2f0        0x0 /scratch/ca2627/clinicalAI/ArabicLLMBench/glibc-2.29/build/libc_pic.a(memcmp-avx2-movbe.os)
 .text          0x000000000001d2f0        0x0 /scratch/ca2627/clinicalAI/ArabicLLMBench/glibc-2.29/build/libc_pic.a(memcmp-sse4.os)
 .text          0x000000000001d2f0        0x0 /scratch/ca2627/clinicalAI/ArabicLLMBench/glibc-2.29/build/libc_pic.a(memcpy-ssse3.os)
 .text          0x000000000001d2f0        0x0 /scratch/ca2627/clinicalAI/ArabicLLMBench/glibc-2.29/build/libc_pic.a(memmove-ssse3.os)
 .text          0x000000000001d2f0        0x0 /scratch/ca2627/clinicalAI/ArabicLLMBench/glibc-2.29/build/libc_pic.a(memcpy-ssse3-back.os)
 .text          0x000000000001d2f0        0x0 /scratch/ca2627/clinicalAI/ArabicLLMBench/glibc-2.29/build/libc_pic.a(memmove-ssse3-back.os)
 .text          0x000000000001d2f0        0x0 /scratch/ca2627/clinicalAI/ArabicLLMBench/glibc-2.29/build/libc_pic.a(memmove-avx512-no-vzeroupper.os)
 .text          0x000000000001d2f0      0x21a /scratch/ca2627/clinicalAI/ArabicLLMBench/glibc-2.29/build/libc_pic.a(strchr-sse2.os)
                0x000000000001d2f0                __strchr_sse2
 .text          0x000000000001d50a        0x0 /scratch/ca2627/clinicalAI/ArabicLLMBench/glibc-2.29/build/libc_pic.a(strchr-avx2.os)
 *fill*         0x000000000001d50a        0x6 
 .text          0x000000000001d510      0x19c /scratch/ca2627/clinicalAI/ArabicLLMBench/glibc-2.29/build/libc_pic.a(strlen-sse2.os)
                0x000000000001d510                __strlen_sse2
                0x000000000001d510                __GI___strlen_sse2
 *fill*         0x000000000001d6ac        0x4 
 .text          0x000000000001d6b0      0x218 /scratch/ca2627/clinicalAI/ArabicLLMBench/glibc-2.29/build/libc_pic.a(strnlen-sse2.os)
                0x000000000001d6b0                __strnlen_sse2
 .text          0x000000000001d8c8        0x0 /scratch/ca2627/clinicalAI/ArabicLLMBench/glibc-2.29/build/libc_pic.a(strlen-avx2.os)
 .text          0x000000000001d8c8        0x0 /scratch/ca2627/clinicalAI/ArabicLLMBench/glibc-2.29/build/libc_pic.a(strnlen-avx2.os)
 *fill*         0x000000000001d8c8        0x8 
 .text          0x000000000001d8d0       0xdc /scratch/ca2627/clinicalAI/ArabicLLMBench/glibc-2.29/build/libc_pic.a(stpcpy-sse2.os)
                0x000000000001d8d0                __stpcpy_sse2
 .text          0x000000000001d9ac        0x0 /scratch/ca2627/clinicalAI/ArabicLLMBench/glibc-2.29/build/libc_pic.a(stpcpy-ssse3.os)
 *fill*         0x000000000001d9ac        0x4 
 .text          0x000000000001d9b0      0x6b0 /scratch/ca2627/clinicalAI/ArabicLLMBench/glibc-2.29/build/libc_pic.a(stpcpy-sse2-unaligned.os)
                0x000000000001d9b0                __stpcpy_sse2_unaligned
 .text          0x000000000001e060        0x0 /scratch/ca2627/clinicalAI/ArabicLLMBench/glibc-2.29/build/libc_pic.a(stpcpy-avx2.os)
 .text          0x000000000001e060        0x0 /scratch/ca2627/clinicalAI/ArabicLLMBench/glibc-2.29/build/libc_pic.a(strchr-sse2-no-bsf.os)
 .text          0x000000000001e060        0x0 /scratch/ca2627/clinicalAI/ArabicLLMBench/glibc-2.29/build/libc_pic.a(memcmp-ssse3.os)
 .text          0x000000000001e060       0x97 /scratch/ca2627/clinicalAI/ArabicLLMBench/glibc-2.29/build/libc_pic.a(strcspn-sse2.os)
                0x000000000001e060                __strcspn_sse2
 .text          0x000000000001e0f7        0x0 /scratch/ca2627/clinicalAI/ArabicLLMBench/glibc-2.29/build/libc_pic.a(strcspn-c.os)
 .text          0x000000000001e0f7        0x0 /scratch/ca2627/clinicalAI/ArabicLLMBench/glibc-2.29/build/libc_pic.a(varshift.os)
 .text          0x000000000001e0f7        0x0 /scratch/ca2627/clinicalAI/ArabicLLMBench/glibc-2.29/build/libc_pic.a(memset-avx512-no-vzeroupper.os)
 *fill*         0x000000000001e0f7        0x9 
 .text          0x000000000001e100      0x3e9 /scratch/ca2627/clinicalAI/ArabicLLMBench/glibc-2.29/build/libc_pic.a(memmove-sse2-unaligned-erms.os)
                0x000000000001e100                __mempcpy_chk_sse2_unaligned
                0x000000000001e110                __mempcpy_sse2_unaligned
                0x000000000001e120                __memcpy_chk_sse2_unaligned
                0x000000000001e120                __memmove_chk_sse2_unaligned
                0x000000000001e130                __memmove_sse2_unaligned
                0x000000000001e130                __memcpy_sse2_unaligned
                0x000000000001e130                memcpy@GLIBC_2.2.5
                0x000000000001e160                __mempcpy_chk_erms
                0x000000000001e170                __mempcpy_erms
                0x000000000001e180                __memcpy_chk_erms
                0x000000000001e180                __memmove_chk_erms
                0x000000000001e190                __memmove_erms
                0x000000000001e190                __memcpy_erms
                0x000000000001e1c0                __mempcpy_chk_sse2_unaligned_erms
                0x000000000001e1d0                __mempcpy_sse2_unaligned_erms
                0x000000000001e1e0                __memmove_chk_sse2_unaligned_erms
                0x000000000001e1e0                __memcpy_chk_sse2_unaligned_erms
                0x000000000001e1f0                __memmove_sse2_unaligned_erms
                0x000000000001e1f0                __memcpy_sse2_unaligned_erms
 .text          0x000000000001e4e9        0x0 /scratch/ca2627/clinicalAI/ArabicLLMBench/glibc-2.29/build/libc_pic.a(memmove-avx-unaligned-erms.os)
 .text          0x000000000001e4e9        0x0 /scratch/ca2627/clinicalAI/ArabicLLMBench/glibc-2.29/build/libc_pic.a(memmove-avx512-unaligned-erms.os)
 *fill*         0x000000000001e4e9        0x7 
 .text          0x000000000001e4f0      0x1b3 /scratch/ca2627/clinicalAI/ArabicLLMBench/glibc-2.29/build/libc_pic.a(memset-sse2-unaligned-erms.os)
                0x000000000001e4f0                __bzero
                0x000000000001e4f0                bzero
                0x000000000001e500                __wmemset_chk_sse2_unaligned
                0x000000000001e510                __wmemset_sse2_unaligned
                0x000000000001e530                __memset_chk_sse2_unaligned
                0x000000000001e540                __memset_sse2_unaligned
                0x000000000001e580                __memset_chk_erms
                0x000000000001e590                __memset_erms
                0x000000000001e5b0                __memset_chk_sse2_unaligned_erms
                0x000000000001e5c0                __memset_sse2_unaligned_erms
 .text          0x000000000001e6a3        0x0 /scratch/ca2627/clinicalAI/ArabicLLMBench/glibc-2.29/build/libc_pic.a(memset-avx2-unaligned-erms.os)
 .text          0x000000000001e6a3        0x0 /scratch/ca2627/clinicalAI/ArabicLLMBench/glibc-2.29/build/libc_pic.a(memset-avx512-unaligned-erms.os)
 *fill*         0x000000000001e6a3        0xd 
 .text          0x000000000001e6b0      0x5dd /scratch/ca2627/clinicalAI/ArabicLLMBench/glibc-2.29/build/libc_pic.a(cacheinfo.os)
                0x000000000001ec60                __cache_sysconf
 *fill*         0x000000000001ec8d        0x3 
 .text          0x000000000001ec90       0x29 /scratch/ca2627/clinicalAI/ArabicLLMBench/glibc-2.29/build/libc_pic.a(closedir.os)
                0x000000000001ec90                __closedir
                0x000000000001ec90                closedir
 *fill*         0x000000000001ecb9        0x7 
 .text          0x000000000001ecc0       0x93 /scratch/ca2627/clinicalAI/ArabicLLMBench/glibc-2.29/build/libc_pic.a(rewinddir.os)
                0x000000000001ecc0                rewinddir
                0x000000000001ecc0                __rewinddir
                0x000000000001ecc0                __GI___rewinddir
 *fill*         0x000000000001ed53        0xd 
 .text          0x000000000001ed60      0x102 /scratch/ca2627/clinicalAI/ArabicLLMBench/glibc-2.29/build/libc_pic.a(readdir64.os)
                0x000000000001ed60                readdir
                0x000000000001ed60                __readdir64
                0x000000000001ed60                __readdir
                0x000000000001ed60                __GI___readdir64
                0x000000000001ed60                readdir64
 *fill*         0x000000000001ee62        0xe 
 .text          0x000000000001ee70       0xa2 /scratch/ca2627/clinicalAI/ArabicLLMBench/glibc-2.29/build/libc_pic.a(fdopendir.os)
                0x000000000001ee70                fdopendir
                0x000000000001ee70                __fdopendir
 *fill*         0x000000000001ef12        0xe 
 .text          0x000000000001ef20       0x21 /scratch/ca2627/clinicalAI/ArabicLLMBench/glibc-2.29/build/libc_pic.a(uname.os)
                0x000000000001ef20                uname
                0x000000000001ef20                __GI_uname
                0x000000000001ef20                __uname
                0x000000000001ef20                __GI___uname
 *fill*         0x000000000001ef41        0xf 
 .text          0x000000000001ef50       0x58 /scratch/ca2627/clinicalAI/ArabicLLMBench/glibc-2.29/build/libc_pic.a(_exit.os)
                0x000000000001ef50                _Exit
                0x000000000001ef50                __GI__exit
                0x000000000001ef50                _exit
 *fill*         0x000000000001efa8        0x8 
 .text          0x000000000001efb0        0x8 /scratch/ca2627/clinicalAI/ArabicLLMBench/glibc-2.29/build/libc_pic.a(getpid.os)
                0x000000000001efb0                __getpid
                0x000000000001efb0                getpid
                0x000000000001efb0                __GI_getpid
                0x000000000001efb0                __GI___getpid
 .text          0x000000000001efb8        0x0 /scratch/ca2627/clinicalAI/ArabicLLMBench/glibc-2.29/build/libc_pic.a(environ.os)
 *fill*         0x000000000001efb8        0x8 
 .text          0x000000000001efc0       0x4c /scratch/ca2627/clinicalAI/ArabicLLMBench/glibc-2.29/build/libc_pic.a(xstat.os)
                0x000000000001efc0                _xstat
                0x000000000001efc0                __xstat64
                0x000000000001efc0                __GI___xstat64
                0x000000000001efc0                __GI___xstat
                0x000000000001efc0                __xstat
 *fill*         0x000000000001f00c        0x4 
 .text          0x000000000001f010       0x4c /scratch/ca2627/clinicalAI/ArabicLLMBench/glibc-2.29/build/libc_pic.a(fxstat.os)
                0x000000000001f010                __GI___fxstat
                0x000000000001f010                __GI___fxstat64
                0x000000000001f010                __fxstat64
                0x000000000001f010                _fxstat
                0x000000000001f010                __fxstat
 *fill*         0x000000000001f05c        0x4 
 .text          0x000000000001f060       0x4c /scratch/ca2627/clinicalAI/ArabicLLMBench/glibc-2.29/build/libc_pic.a(lxstat.os)
                0x000000000001f060                __GI___lxstat
                0x000000000001f060                _lxstat
                0x000000000001f060                __lxstat
                0x000000000001f060                __lxstat64
                0x000000000001f060                __GI___lxstat64
 *fill*         0x000000000001f0ac        0x4 
 .text          0x000000000001f0b0       0x24 /scratch/ca2627/clinicalAI/ArabicLLMBench/glibc-2.29/build/libc_pic.a(lseek64.os)
                0x000000000001f0b0                __compat_llseek
                0x000000000001f0b0                __GI___lseek
                0x000000000001f0b0                __lseek64
                0x000000000001f0b0                lseek
                0x000000000001f0b0                __libc_lseek64
                0x000000000001f0b0                llseek@GLIBC_2.2.5
                0x000000000001f0b0                __lseek
                0x000000000001f0b0                __libc_lseek
                0x000000000001f0b0                lseek64
 *fill*         0x000000000001f0d4        0xc 
 .text          0x000000000001f0e0       0x22 /scratch/ca2627/clinicalAI/ArabicLLMBench/glibc-2.29/build/libc_pic.a(access.os)
                0x000000000001f0e0                access
                0x000000000001f0e0                __access
 *fill*         0x000000000001f102        0xe 
 .text          0x000000000001f110       0x22 /scratch/ca2627/clinicalAI/ArabicLLMBench/glibc-2.29/build/libc_pic.a(close_nocancel.os)
                0x000000000001f110                __GI___close_nocancel
                0x000000000001f110                __close_nocancel
 *fill*         0x000000000001f132        0xe 
 .text          0x000000000001f140       0x8f /scratch/ca2627/clinicalAI/ArabicLLMBench/glibc-2.29/build/libc_pic.a(fcntl_nocancel.os)
                0x000000000001f140                __fcntl64_nocancel_adjusted
                0x000000000001f1a0                __fcntl64_nocancel
                0x000000000001f1a0                __GI___fcntl64_nocancel
 *fill*         0x000000000001f1cf        0x1 
 .text          0x000000000001f1d0       0x7a /scratch/ca2627/clinicalAI/ArabicLLMBench/glibc-2.29/build/libc_pic.a(open64_nocancel.os)
                0x000000000001f1d0                __GI___open_nocancel
                0x000000000001f1d0                __open_nocancel
                0x000000000001f1d0                __GI___open64_nocancel
                0x000000000001f1d0                __open64_nocancel
 *fill*         0x000000000001f24a        0x6 
 .text          0x000000000001f250       0x6a /scratch/ca2627/clinicalAI/ArabicLLMBench/glibc-2.29/build/libc_pic.a(openat64_nocancel.os)
                0x000000000001f250                __GI___openat64_nocancel
                0x000000000001f250                __openat64_nocancel
                0x000000000001f250                __GI___openat_nocancel
                0x000000000001f250                __openat_nocancel
 *fill*         0x000000000001f2ba        0x6 
 .text          0x000000000001f2c0       0x24 /scratch/ca2627/clinicalAI/ArabicLLMBench/glibc-2.29/build/libc_pic.a(read_nocancel.os)
                0x000000000001f2c0                __read_nocancel
                0x000000000001f2c0                __GI___read_nocancel
 *fill*         0x000000000001f2e4        0xc 
 .text          0x000000000001f2f0       0x24 /scratch/ca2627/clinicalAI/ArabicLLMBench/glibc-2.29/build/libc_pic.a(write_nocancel.os)
                0x000000000001f2f0                __GI___write_nocancel
                0x000000000001f2f0                __write_nocancel
 *fill*         0x000000000001f314        0xc 
 .text          0x000000000001f320       0xa5 /scratch/ca2627/clinicalAI/ArabicLLMBench/glibc-2.29/build/libc_pic.a(mmap64.os)
                0x000000000001f320                __GI___mmap
                0x000000000001f320                __mmap
                0x000000000001f320                mmap
                0x000000000001f320                __GI___mmap64
                0x000000000001f320                __mmap64
                0x000000000001f320                mmap64
 *fill*         0x000000000001f3c5        0xb 
 .text          0x000000000001f3d0       0x21 /scratch/ca2627/clinicalAI/ArabicLLMBench/glibc-2.29/build/libc_pic.a(munmap.os)
                0x000000000001f3d0                munmap
                0x000000000001f3d0                __GI___munmap
                0x000000000001f3d0                __GI_munmap
                0x000000000001f3d0                __munmap
 *fill*         0x000000000001f3f1        0xf 
 .text          0x000000000001f400       0x21 /scratch/ca2627/clinicalAI/ArabicLLMBench/glibc-2.29/build/libc_pic.a(mprotect.os)
                0x000000000001f400                __mprotect
                0x000000000001f400                __GI___mprotect
                0x000000000001f400                __GI_mprotect
                0x000000000001f400                mprotect
 *fill*         0x000000000001f421        0xf 
 .text          0x000000000001f430      0x1d1 /scratch/ca2627/clinicalAI/ArabicLLMBench/glibc-2.29/build/libc_pic.a(profil.os)
                0x000000000001f480                __profil
                0x000000000001f480                profil
 *fill*         0x000000000001f601        0xf 
 .text          0x000000000001f610        0xb /scratch/ca2627/clinicalAI/ArabicLLMBench/glibc-2.29/build/libc_pic.a(prof-freq.os)
                0x000000000001f610                __GI___profile_frequency
                0x000000000001f610                __profile_frequency
 *fill*         0x000000000001f61b        0x5 
 .text          0x000000000001f620       0x4c /scratch/ca2627/clinicalAI/ArabicLLMBench/glibc-2.29/build/libc_pic.a(libc-lowlevellock.os)
                0x000000000001f620                __lll_lock_wait_private
                0x000000000001f650                __lll_unlock_wake_private
 .text          0x000000000001f66c        0x0 /scratch/ca2627/clinicalAI/ArabicLLMBench/glibc-2.29/build/libc_pic.a(libc_multiple_threads.os)
 *fill*         0x000000000001f66c        0x4 
 .text          0x000000000001f670       0x7b /scratch/ca2627/clinicalAI/ArabicLLMBench/glibc-2.29/build/libc_pic.a(dl-addr-obj.os)
                0x000000000001f670                _dl_addr_inside_object
 *fill*         0x000000000001f6eb        0x5 
 .text          0x000000000001f6f0      0x1ec /scratch/ca2627/clinicalAI/ArabicLLMBench/glibc-2.29/build/libc_pic.a(sigaction.os)
                0x000000000001f710                __libc_sigaction
                0x000000000001f710                __GI___libc_sigaction
                0x000000000001f8b0                sigaction
                0x000000000001f8b0                __GI___sigaction
                0x000000000001f8b0                __sigaction
 *fill*         0x000000000001f8dc        0x4 
 .text          0x000000000001f8e0       0x21 /scratch/ca2627/clinicalAI/ArabicLLMBench/glibc-2.29/build/libc_pic.a(setitimer.os)
                0x000000000001f8e0                setitimer
                0x000000000001f8e0                __setitimer
                0x000000000001f8e0                __GI_setitimer
                0x000000000001f8e0                __GI___setitimer
 *fill*         0x000000000001f901        0xf 
 .text          0x000000000001f910       0x24 /scratch/ca2627/clinicalAI/ArabicLLMBench/glibc-2.29/build/libc_pic.a(getdents64.os)
                0x000000000001f910                __getdents
                0x000000000001f910                __getdents64
 *(.gnu.warning)

.text.ssse3     0x0000000000000000     0xed43
 .text.ssse3    0x0000000000000000     0x1259 /scratch/ca2627/clinicalAI/ArabicLLMBench/glibc-2.29/build/libc_pic.a(strcmp-ssse3.os)
                0x0000000000000000                __GI___strcmp_ssse3
                0x0000000000000000                __strcmp_ssse3
 *fill*         0x0000000000001259        0x7 
 .text.ssse3    0x0000000000001260     0x1759 /scratch/ca2627/clinicalAI/ArabicLLMBench/glibc-2.29/build/libc_pic.a(strncmp-ssse3.os)
                0x0000000000001260                __strncmp_ssse3
 *fill*         0x00000000000029b9        0x7 
 .text.ssse3    0x00000000000029c0     0x29e6 /scratch/ca2627/clinicalAI/ArabicLLMBench/glibc-2.29/build/libc_pic.a(memcpy-ssse3.os)
                0x00000000000029c0                __mempcpy_chk_ssse3
                0x00000000000029d0                __mempcpy_ssse3
                0x00000000000029e0                __memcpy_chk_ssse3
                0x00000000000029f0                __memcpy_ssse3
 *fill*         0x00000000000053a6        0xa 
 .text.ssse3    0x00000000000053b0     0x2b77 /scratch/ca2627/clinicalAI/ArabicLLMBench/glibc-2.29/build/libc_pic.a(memmove-ssse3.os)
                0x00000000000053b0                __memmove_chk_ssse3
                0x00000000000053c0                __memmove_ssse3
 *fill*         0x0000000000007f27        0x9 
 .text.ssse3    0x0000000000007f30     0x2ae6 /scratch/ca2627/clinicalAI/ArabicLLMBench/glibc-2.29/build/libc_pic.a(memcpy-ssse3-back.os)
                0x0000000000007f30                __mempcpy_chk_ssse3_back
                0x0000000000007f40                __mempcpy_ssse3_back
                0x0000000000007f50                __memcpy_chk_ssse3_back
                0x0000000000007f60                __memcpy_ssse3_back
 *fill*         0x000000000000aa16        0xa 
 .text.ssse3    0x000000000000aa20     0x2b16 /scratch/ca2627/clinicalAI/ArabicLLMBench/glibc-2.29/build/libc_pic.a(memmove-ssse3-back.os)
                0x000000000000aa20                __memmove_chk_ssse3_back
                0x000000000000aa30                __memmove_ssse3_back
 *fill*         0x000000000000d536        0xa 
 .text.ssse3    0x000000000000d540     0x1803 /scratch/ca2627/clinicalAI/ArabicLLMBench/glibc-2.29/build/libc_pic.a(stpcpy-ssse3.os)
                0x000000000000d540                __stpcpy_ssse3

.text.avx       0x0000000000000000     0x21eb
 .text.avx      0x0000000000000000      0x43f /scratch/ca2627/clinicalAI/ArabicLLMBench/glibc-2.29/build/libc_pic.a(strcmp-avx2.os)
                0x0000000000000000                __strcmp_avx2
 *fill*         0x000000000000043f        0x1 
 .text.avx      0x0000000000000440      0x508 /scratch/ca2627/clinicalAI/ArabicLLMBench/glibc-2.29/build/libc_pic.a(strncmp-avx2.os)
                0x0000000000000440                __strncmp_avx2
 *fill*         0x0000000000000948        0x8 
 .text.avx      0x0000000000000950      0x2cd /scratch/ca2627/clinicalAI/ArabicLLMBench/glibc-2.29/build/libc_pic.a(memchr-avx2.os)
                0x0000000000000950                __memchr_avx2
 *fill*         0x0000000000000c1d        0x3 
 .text.avx      0x0000000000000c20      0x13d /scratch/ca2627/clinicalAI/ArabicLLMBench/glibc-2.29/build/libc_pic.a(rawmemchr-avx2.os)
                0x0000000000000c20                __rawmemchr_avx2
 *fill*         0x0000000000000d5d        0x3 
 .text.avx      0x0000000000000d60      0x3d4 /scratch/ca2627/clinicalAI/ArabicLLMBench/glibc-2.29/build/libc_pic.a(memcmp-avx2-movbe.os)
                0x0000000000000d60                __memcmp_avx2_movbe
 *fill*         0x0000000000001134        0xc 
 .text.avx      0x0000000000001140      0x224 /scratch/ca2627/clinicalAI/ArabicLLMBench/glibc-2.29/build/libc_pic.a(strchr-avx2.os)
                0x0000000000001140                __strchr_avx2
 *fill*         0x0000000000001364        0xc 
 .text.avx      0x0000000000001370      0x18e /scratch/ca2627/clinicalAI/ArabicLLMBench/glibc-2.29/build/libc_pic.a(strlen-avx2.os)
                0x0000000000001370                __strlen_avx2
 *fill*         0x00000000000014fe        0x2 
 .text.avx      0x0000000000001500      0x31e /scratch/ca2627/clinicalAI/ArabicLLMBench/glibc-2.29/build/libc_pic.a(strnlen-avx2.os)
                0x0000000000001500                __strnlen_avx2
 *fill*         0x000000000000181e        0x2 
 .text.avx      0x0000000000001820      0x3ac /scratch/ca2627/clinicalAI/ArabicLLMBench/glibc-2.29/build/libc_pic.a(stpcpy-avx2.os)
                0x0000000000001820                __stpcpy_avx2
 *fill*         0x0000000000001bcc        0x4 
 .text.avx      0x0000000000001bd0      0x464 /scratch/ca2627/clinicalAI/ArabicLLMBench/glibc-2.29/build/libc_pic.a(memmove-avx-unaligned-erms.os)
                0x0000000000001bd0                __mempcpy_chk_avx_unaligned
                0x0000000000001be0                __mempcpy_avx_unaligned
                0x0000000000001bf0                __memcpy_chk_avx_unaligned
                0x0000000000001bf0                __memmove_chk_avx_unaligned
                0x0000000000001c00                __memcpy_avx_unaligned
                0x0000000000001c00                __memmove_avx_unaligned
                0x0000000000001c30                __mempcpy_chk_avx_unaligned_erms
                0x0000000000001c40                __mempcpy_avx_unaligned_erms
                0x0000000000001c50                __memmove_chk_avx_unaligned_erms
                0x0000000000001c50                __memcpy_chk_avx_unaligned_erms
                0x0000000000001c60                __memcpy_avx_unaligned_erms
                0x0000000000001c60                __memmove_avx_unaligned_erms
 *fill*         0x0000000000002034        0xc 
 .text.avx      0x0000000000002040      0x1ab /scratch/ca2627/clinicalAI/ArabicLLMBench/glibc-2.29/build/libc_pic.a(memset-avx2-unaligned-erms.os)
                0x0000000000002040                __wmemset_chk_avx2_unaligned
                0x0000000000002050                __wmemset_avx2_unaligned
                0x0000000000002070                __memset_chk_avx2_unaligned
                0x0000000000002080                __memset_avx2_unaligned
                0x00000000000020b0                __memset_avx2_erms
                0x00000000000020d0                __memset_chk_avx2_unaligned_erms
                0x00000000000020e0                __memset_avx2_unaligned_erms

.text.sse4.2    0x0000000000000000     0x110f
 .text.sse4.2   0x0000000000000000      0xfd9 /scratch/ca2627/clinicalAI/ArabicLLMBench/glibc-2.29/build/libc_pic.a(strncmp-sse4_2.os)
                0x0000000000000000                __strncmp_sse42
 *fill*         0x0000000000000fd9        0x7 
 .text.sse4.2   0x0000000000000fe0      0x12f /scratch/ca2627/clinicalAI/ArabicLLMBench/glibc-2.29/build/libc_pic.a(strcspn-c.os)
                0x0000000000000fe0                __strcspn_sse42

.text.sse4.1    0x0000000000000000     0x163e
 .text.sse4.1   0x0000000000000000     0x163e /scratch/ca2627/clinicalAI/ArabicLLMBench/glibc-2.29/build/libc_pic.a(memcmp-sse4.os)
                0x0000000000000000                __memcmp_sse4_1

.text.avx512    0x0000000000000000     0x1171
 .text.avx512   0x0000000000000000      0x76b /scratch/ca2627/clinicalAI/ArabicLLMBench/glibc-2.29/build/libc_pic.a(memmove-avx512-no-vzeroupper.os)
                0x0000000000000000                __mempcpy_chk_avx512_no_vzeroupper
                0x0000000000000010                __mempcpy_avx512_no_vzeroupper
                0x0000000000000020                __memcpy_chk_avx512_no_vzeroupper
                0x0000000000000020                __memmove_chk_avx512_no_vzeroupper
                0x0000000000000030                __memcpy_avx512_no_vzeroupper
                0x0000000000000030                __memmove_avx512_no_vzeroupper
 *fill*         0x000000000000076b        0x5 
 .text.avx512   0x0000000000000770      0x280 /scratch/ca2627/clinicalAI/ArabicLLMBench/glibc-2.29/build/libc_pic.a(memset-avx512-no-vzeroupper.os)
                0x0000000000000770                __memset_chk_avx512_no_vzeroupper
                0x0000000000000780                __memset_avx512_no_vzeroupper
 .text.avx512   0x00000000000009f0      0x57c /scratch/ca2627/clinicalAI/ArabicLLMBench/glibc-2.29/build/libc_pic.a(memmove-avx512-unaligned-erms.os)
                0x00000000000009f0                __mempcpy_chk_avx512_unaligned
                0x0000000000000a00                __mempcpy_avx512_unaligned
                0x0000000000000a10                __memcpy_chk_avx512_unaligned
                0x0000000000000a10                __memmove_chk_avx512_unaligned
                0x0000000000000a20                __memmove_avx512_unaligned
                0x0000000000000a20                __memcpy_avx512_unaligned
                0x0000000000000a60                __mempcpy_chk_avx512_unaligned_erms
                0x0000000000000a70                __mempcpy_avx512_unaligned_erms
                0x0000000000000a80                __memcpy_chk_avx512_unaligned_erms
                0x0000000000000a80                __memmove_chk_avx512_unaligned_erms
                0x0000000000000a90                __memmove_avx512_unaligned_erms
                0x0000000000000a90                __memcpy_avx512_unaligned_erms
 *fill*         0x0000000000000f6c        0x4 
 .text.avx512   0x0000000000000f70      0x201 /scratch/ca2627/clinicalAI/ArabicLLMBench/glibc-2.29/build/libc_pic.a(memset-avx512-unaligned-erms.os)
                0x0000000000000f70                __wmemset_chk_avx512_unaligned
                0x0000000000000f80                __wmemset_avx512_unaligned
                0x0000000000000fa0                __memset_chk_avx512_unaligned
                0x0000000000000fb0                __memset_avx512_unaligned
                0x0000000000000ff0                __memset_avx512_erms
                0x0000000000001010                __memset_chk_avx512_unaligned_erms
                0x0000000000001020                __memset_avx512_unaligned_erms

.text.atom      0x0000000000000000     0x1a83
 .text.atom     0x0000000000000000      0x315 /scratch/ca2627/clinicalAI/ArabicLLMBench/glibc-2.29/build/libc_pic.a(strchr-sse2-no-bsf.os)
                0x0000000000000000                __strchr_sse2_no_bsf
 *fill*         0x0000000000000315        0xb 
 .text.atom     0x0000000000000320     0x1763 /scratch/ca2627/clinicalAI/ArabicLLMBench/glibc-2.29/build/libc_pic.a(memcmp-ssse3.os)
                0x0000000000000320                __memcmp_ssse3

.text.startup   0x0000000000000000      0x48d
 .text.startup  0x0000000000000000      0x48d /scratch/ca2627/clinicalAI/ArabicLLMBench/glibc-2.29/build/libc_pic.a(cacheinfo.os)

.fini
 *(SORT_NONE(.fini))

.rodata         0x0000000000000000     0x13c0
 *(.rodata)
 .rodata        0x0000000000000000      0xea4 /scratch/ca2627/clinicalAI/ArabicLLMBench/glibc-2.29/build/elf/dl-allobjs.os
 *fill*         0x0000000000000ea4        0x4 
 .rodata        0x0000000000000ea8       0x40 /scratch/ca2627/clinicalAI/ArabicLLMBench/glibc-2.29/build/libc_pic.a(strcmp-sse2.os)
 .rodata        0x0000000000000ee8       0x40 /scratch/ca2627/clinicalAI/ArabicLLMBench/glibc-2.29/build/libc_pic.a(strcmp-ssse3.os)
 .rodata        0x0000000000000f28       0x40 /scratch/ca2627/clinicalAI/ArabicLLMBench/glibc-2.29/build/libc_pic.a(strncmp-sse2.os)
 .rodata        0x0000000000000f68       0x40 /scratch/ca2627/clinicalAI/ArabicLLMBench/glibc-2.29/build/libc_pic.a(strncmp-ssse3.os)
 .rodata        0x0000000000000fa8       0x80 /scratch/ca2627/clinicalAI/ArabicLLMBench/glibc-2.29/build/libc_pic.a(stpcpy-sse2-unaligned.os)
 *fill*         0x0000000000001028        0x8 
 .rodata        0x0000000000001030       0x1f /scratch/ca2627/clinicalAI/ArabicLLMBench/glibc-2.29/build/libc_pic.a(varshift.os)
                0x0000000000001030                ___m128i_shift_right
 *fill*         0x000000000000104f       0x11 
 .rodata        0x0000000000001060      0x360 /scratch/ca2627/clinicalAI/ArabicLLMBench/glibc-2.29/build/libc_pic.a(cacheinfo.os)

.rodata.str1.1  0x0000000000000000     0x124e
 .rodata.str1.1
                0x0000000000000000     0x1201 /scratch/ca2627/clinicalAI/ArabicLLMBench/glibc-2.29/build/elf/dl-allobjs.os
 .rodata.str1.1
                0x0000000000001201       0x14 /scratch/ca2627/clinicalAI/ArabicLLMBench/glibc-2.29/build/libc_pic.a(check_fds.os)
 .rodata.str1.1
                0x0000000000001215       0x39 /scratch/ca2627/clinicalAI/ArabicLLMBench/glibc-2.29/build/libc_pic.a(cacheinfo.os)

.rodata.str1.8  0x0000000000000000     0x257b
 .rodata.str1.8
                0x0000000000000000     0x2569 /scratch/ca2627/clinicalAI/ArabicLLMBench/glibc-2.29/build/elf/dl-allobjs.os
 *fill*         0x0000000000002569        0x7 
 .rodata.str1.8
                0x0000000000002570        0xb /scratch/ca2627/clinicalAI/ArabicLLMBench/glibc-2.29/build/libc_pic.a(cacheinfo.os)

.rodata.str1.16
                0x0000000000000000      0x361
 .rodata.str1.16
                0x0000000000000000      0x346 /scratch/ca2627/clinicalAI/ArabicLLMBench/glibc-2.29/build/elf/dl-allobjs.os
                0x0000000000000310                __GI__itoa_lower_digits
                0x0000000000000310                _itoa_lower_digits
 *fill*         0x0000000000000346        0xa 
 .rodata.str1.16
                0x0000000000000350       0x11 /scratch/ca2627/clinicalAI/ArabicLLMBench/glibc-2.29/build/libc_pic.a(cacheinfo.os)

.rodata.cst16   0x0000000000000000       0x10
 .rodata.cst16  0x0000000000000000       0x10 /scratch/ca2627/clinicalAI/ArabicLLMBench/glibc-2.29/build/elf/dl-allobjs.os

.rodata.cst4    0x0000000000000000        0x4
 .rodata.cst4   0x0000000000000000        0x4 /scratch/ca2627/clinicalAI/ArabicLLMBench/glibc-2.29/build/elf/dl-allobjs.os

.rodata.str1.32
                0x0000000000000000       0x3b
 .rodata.str1.32
                0x0000000000000000       0x3b /scratch/ca2627/clinicalAI/ArabicLLMBench/glibc-2.29/build/elf/dl-allobjs.os

.rodata.sse4.2  0x0000000000000000       0x40
 .rodata.sse4.2
                0x0000000000000000       0x40 /scratch/ca2627/clinicalAI/ArabicLLMBench/glibc-2.29/build/libc_pic.a(strncmp-sse4_2.os)

.rodata.sse4.1  0x0000000000000000      0x140
 .rodata.sse4.1
                0x0000000000000000      0x140 /scratch/ca2627/clinicalAI/ArabicLLMBench/glibc-2.29/build/libc_pic.a(memcmp-sse4.os)

.rodata.ssse3   0x0000000000000000      0xd80
 .rodata.ssse3  0x0000000000000000      0x1c0 /scratch/ca2627/clinicalAI/ArabicLLMBench/glibc-2.29/build/libc_pic.a(memcpy-ssse3.os)
 .rodata.ssse3  0x00000000000001c0      0x1c0 /scratch/ca2627/clinicalAI/ArabicLLMBench/glibc-2.29/build/libc_pic.a(memmove-ssse3.os)
 .rodata.ssse3  0x0000000000000380      0x500 /scratch/ca2627/clinicalAI/ArabicLLMBench/glibc-2.29/build/libc_pic.a(memcpy-ssse3-back.os)
 .rodata.ssse3  0x0000000000000880      0x500 /scratch/ca2627/clinicalAI/ArabicLLMBench/glibc-2.29/build/libc_pic.a(memmove-ssse3-back.os)

.rodata1
 *(.rodata1)

.eh_frame_hdr
 *(.eh_frame_hdr)

.eh_frame       0x0000000000000000     0x3cdc
 *(.eh_frame)
 .eh_frame      0x0000000000000000     0x2408 /scratch/ca2627/clinicalAI/ArabicLLMBench/glibc-2.29/build/elf/dl-allobjs.os
                                       0x245c (size before relaxing)
 *fill*         0x0000000000002408        0x0 
 .eh_frame      0x0000000000002408       0x68 /scratch/ca2627/clinicalAI/ArabicLLMBench/glibc-2.29/build/libc_pic.a(check_fds.os)
 .eh_frame      0x0000000000002470       0x30 /scratch/ca2627/clinicalAI/ArabicLLMBench/glibc-2.29/build/libc_pic.a(setjmp.os)
 .eh_frame      0x00000000000024a0       0x48 /scratch/ca2627/clinicalAI/ArabicLLMBench/glibc-2.29/build/libc_pic.a(__longjmp.os)
 .eh_frame      0x00000000000024e8       0x58 /scratch/ca2627/clinicalAI/ArabicLLMBench/glibc-2.29/build/libc_pic.a(scratch_buffer_set_array_size.os)
 .eh_frame      0x0000000000002540       0x30 /scratch/ca2627/clinicalAI/ArabicLLMBench/glibc-2.29/build/libc_pic.a(strchr.os)
 .eh_frame      0x0000000000002570       0x30 /scratch/ca2627/clinicalAI/ArabicLLMBench/glibc-2.29/build/libc_pic.a(strcmp.os)
 .eh_frame      0x00000000000025a0       0x30 /scratch/ca2627/clinicalAI/ArabicLLMBench/glibc-2.29/build/libc_pic.a(strcspn.os)
 .eh_frame      0x00000000000025d0       0x50 /scratch/ca2627/clinicalAI/ArabicLLMBench/glibc-2.29/build/libc_pic.a(strdup.os)
 .eh_frame      0x0000000000002620       0x30 /scratch/ca2627/clinicalAI/ArabicLLMBench/glibc-2.29/build/libc_pic.a(strlen.os)
 .eh_frame      0x0000000000002650       0x30 /scratch/ca2627/clinicalAI/ArabicLLMBench/glibc-2.29/build/libc_pic.a(strnlen.os)
 .eh_frame      0x0000000000002680       0x30 /scratch/ca2627/clinicalAI/ArabicLLMBench/glibc-2.29/build/libc_pic.a(strncmp.os)
 .eh_frame      0x00000000000026b0       0x30 /scratch/ca2627/clinicalAI/ArabicLLMBench/glibc-2.29/build/libc_pic.a(memchr.os)
 .eh_frame      0x00000000000026e0       0x30 /scratch/ca2627/clinicalAI/ArabicLLMBench/glibc-2.29/build/libc_pic.a(memcmp.os)
 .eh_frame      0x0000000000002710       0x30 /scratch/ca2627/clinicalAI/ArabicLLMBench/glibc-2.29/build/libc_pic.a(memmove.os)
 .eh_frame      0x0000000000002740       0x30 /scratch/ca2627/clinicalAI/ArabicLLMBench/glibc-2.29/build/libc_pic.a(memset.os)
 .eh_frame      0x0000000000002770       0x30 /scratch/ca2627/clinicalAI/ArabicLLMBench/glibc-2.29/build/libc_pic.a(mempcpy.os)
 .eh_frame      0x00000000000027a0       0x30 /scratch/ca2627/clinicalAI/ArabicLLMBench/glibc-2.29/build/libc_pic.a(stpcpy.os)
 .eh_frame      0x00000000000027d0       0x30 /scratch/ca2627/clinicalAI/ArabicLLMBench/glibc-2.29/build/libc_pic.a(memcpy.os)
 .eh_frame      0x0000000000002800       0x30 /scratch/ca2627/clinicalAI/ArabicLLMBench/glibc-2.29/build/libc_pic.a(rawmemchr.os)
 .eh_frame      0x0000000000002830       0x30 /scratch/ca2627/clinicalAI/ArabicLLMBench/glibc-2.29/build/libc_pic.a(strcmp-sse2.os)
 .eh_frame      0x0000000000002860       0x30 /scratch/ca2627/clinicalAI/ArabicLLMBench/glibc-2.29/build/libc_pic.a(strcmp-sse2-unaligned.os)
 .eh_frame      0x0000000000002890       0x30 /scratch/ca2627/clinicalAI/ArabicLLMBench/glibc-2.29/build/libc_pic.a(strcmp-ssse3.os)
 .eh_frame      0x00000000000028c0       0x30 /scratch/ca2627/clinicalAI/ArabicLLMBench/glibc-2.29/build/libc_pic.a(strcmp-avx2.os)
 .eh_frame      0x00000000000028f0       0x30 /scratch/ca2627/clinicalAI/ArabicLLMBench/glibc-2.29/build/libc_pic.a(strncmp-sse2.os)
 .eh_frame      0x0000000000002920       0x30 /scratch/ca2627/clinicalAI/ArabicLLMBench/glibc-2.29/build/libc_pic.a(strncmp-ssse3.os)
 .eh_frame      0x0000000000002950       0x30 /scratch/ca2627/clinicalAI/ArabicLLMBench/glibc-2.29/build/libc_pic.a(strncmp-sse4_2.os)
 .eh_frame      0x0000000000002980       0x30 /scratch/ca2627/clinicalAI/ArabicLLMBench/glibc-2.29/build/libc_pic.a(strncmp-avx2.os)
 .eh_frame      0x00000000000029b0       0x30 /scratch/ca2627/clinicalAI/ArabicLLMBench/glibc-2.29/build/libc_pic.a(memchr-sse2.os)
 .eh_frame      0x00000000000029e0       0x30 /scratch/ca2627/clinicalAI/ArabicLLMBench/glibc-2.29/build/libc_pic.a(rawmemchr-sse2.os)
 .eh_frame      0x0000000000002a10       0x30 /scratch/ca2627/clinicalAI/ArabicLLMBench/glibc-2.29/build/libc_pic.a(memchr-avx2.os)
 .eh_frame      0x0000000000002a40       0x30 /scratch/ca2627/clinicalAI/ArabicLLMBench/glibc-2.29/build/libc_pic.a(rawmemchr-avx2.os)
 .eh_frame      0x0000000000002a70       0x30 /scratch/ca2627/clinicalAI/ArabicLLMBench/glibc-2.29/build/libc_pic.a(memcmp-sse2.os)
 .eh_frame      0x0000000000002aa0       0x30 /scratch/ca2627/clinicalAI/ArabicLLMBench/glibc-2.29/build/libc_pic.a(memcmp-avx2-movbe.os)
 .eh_frame      0x0000000000002ad0       0x30 /scratch/ca2627/clinicalAI/ArabicLLMBench/glibc-2.29/build/libc_pic.a(memcmp-sse4.os)
 .eh_frame      0x0000000000002b00       0x68 /scratch/ca2627/clinicalAI/ArabicLLMBench/glibc-2.29/build/libc_pic.a(memcpy-ssse3.os)
 .eh_frame      0x0000000000002b68       0x40 /scratch/ca2627/clinicalAI/ArabicLLMBench/glibc-2.29/build/libc_pic.a(memmove-ssse3.os)
 .eh_frame      0x0000000000002ba8       0x68 /scratch/ca2627/clinicalAI/ArabicLLMBench/glibc-2.29/build/libc_pic.a(memcpy-ssse3-back.os)
 .eh_frame      0x0000000000002c10       0x40 /scratch/ca2627/clinicalAI/ArabicLLMBench/glibc-2.29/build/libc_pic.a(memmove-ssse3-back.os)
 .eh_frame      0x0000000000002c50       0x68 /scratch/ca2627/clinicalAI/ArabicLLMBench/glibc-2.29/build/libc_pic.a(memmove-avx512-no-vzeroupper.os)
 .eh_frame      0x0000000000002cb8       0x30 /scratch/ca2627/clinicalAI/ArabicLLMBench/glibc-2.29/build/libc_pic.a(strchr-sse2.os)
 .eh_frame      0x0000000000002ce8       0x30 /scratch/ca2627/clinicalAI/ArabicLLMBench/glibc-2.29/build/libc_pic.a(strchr-avx2.os)
 .eh_frame      0x0000000000002d18       0x30 /scratch/ca2627/clinicalAI/ArabicLLMBench/glibc-2.29/build/libc_pic.a(strlen-sse2.os)
 .eh_frame      0x0000000000002d48       0x30 /scratch/ca2627/clinicalAI/ArabicLLMBench/glibc-2.29/build/libc_pic.a(strnlen-sse2.os)
 .eh_frame      0x0000000000002d78       0x30 /scratch/ca2627/clinicalAI/ArabicLLMBench/glibc-2.29/build/libc_pic.a(strlen-avx2.os)
 .eh_frame      0x0000000000002da8       0x30 /scratch/ca2627/clinicalAI/ArabicLLMBench/glibc-2.29/build/libc_pic.a(strnlen-avx2.os)
 .eh_frame      0x0000000000002dd8       0x30 /scratch/ca2627/clinicalAI/ArabicLLMBench/glibc-2.29/build/libc_pic.a(stpcpy-sse2.os)
 .eh_frame      0x0000000000002e08       0x30 /scratch/ca2627/clinicalAI/ArabicLLMBench/glibc-2.29/build/libc_pic.a(stpcpy-ssse3.os)
 .eh_frame      0x0000000000002e38       0x30 /scratch/ca2627/clinicalAI/ArabicLLMBench/glibc-2.29/build/libc_pic.a(stpcpy-sse2-unaligned.os)
 .eh_frame      0x0000000000002e68       0x30 /scratch/ca2627/clinicalAI/ArabicLLMBench/glibc-2.29/build/libc_pic.a(stpcpy-avx2.os)
 .eh_frame      0x0000000000002e98       0x30 /scratch/ca2627/clinicalAI/ArabicLLMBench/glibc-2.29/build/libc_pic.a(strchr-sse2-no-bsf.os)
 .eh_frame      0x0000000000002ec8       0x30 /scratch/ca2627/clinicalAI/ArabicLLMBench/glibc-2.29/build/libc_pic.a(memcmp-ssse3.os)
 .eh_frame      0x0000000000002ef8       0x38 /scratch/ca2627/clinicalAI/ArabicLLMBench/glibc-2.29/build/libc_pic.a(strcspn-sse2.os)
 .eh_frame      0x0000000000002f30       0x30 /scratch/ca2627/clinicalAI/ArabicLLMBench/glibc-2.29/build/libc_pic.a(strcspn-c.os)
 .eh_frame      0x0000000000002f60       0x40 /scratch/ca2627/clinicalAI/ArabicLLMBench/glibc-2.29/build/libc_pic.a(memset-avx512-no-vzeroupper.os)
 .eh_frame      0x0000000000002fa0      0x108 /scratch/ca2627/clinicalAI/ArabicLLMBench/glibc-2.29/build/libc_pic.a(memmove-sse2-unaligned-erms.os)
 .eh_frame      0x00000000000030a8       0xb8 /scratch/ca2627/clinicalAI/ArabicLLMBench/glibc-2.29/build/libc_pic.a(memmove-avx-unaligned-erms.os)
 .eh_frame      0x0000000000003160       0xb8 /scratch/ca2627/clinicalAI/ArabicLLMBench/glibc-2.29/build/libc_pic.a(memmove-avx512-unaligned-erms.os)
 .eh_frame      0x0000000000003218       0xd0 /scratch/ca2627/clinicalAI/ArabicLLMBench/glibc-2.29/build/libc_pic.a(memset-sse2-unaligned-erms.os)
 .eh_frame      0x00000000000032e8       0xa8 /scratch/ca2627/clinicalAI/ArabicLLMBench/glibc-2.29/build/libc_pic.a(memset-avx2-unaligned-erms.os)
 .eh_frame      0x0000000000003390       0xa8 /scratch/ca2627/clinicalAI/ArabicLLMBench/glibc-2.29/build/libc_pic.a(memset-avx512-unaligned-erms.os)
 .eh_frame      0x0000000000003438      0x198 /scratch/ca2627/clinicalAI/ArabicLLMBench/glibc-2.29/build/libc_pic.a(cacheinfo.os)
 .eh_frame      0x00000000000035d0       0x38 /scratch/ca2627/clinicalAI/ArabicLLMBench/glibc-2.29/build/libc_pic.a(closedir.os)
 .eh_frame      0x0000000000003608       0x40 /scratch/ca2627/clinicalAI/ArabicLLMBench/glibc-2.29/build/libc_pic.a(rewinddir.os)
 .eh_frame      0x0000000000003648       0x68 /scratch/ca2627/clinicalAI/ArabicLLMBench/glibc-2.29/build/libc_pic.a(readdir64.os)
 .eh_frame      0x00000000000036b0       0x50 /scratch/ca2627/clinicalAI/ArabicLLMBench/glibc-2.29/build/libc_pic.a(fdopendir.os)
 .eh_frame      0x0000000000003700       0x30 /scratch/ca2627/clinicalAI/ArabicLLMBench/glibc-2.29/build/libc_pic.a(uname.os)
 .eh_frame      0x0000000000003730       0x30 /scratch/ca2627/clinicalAI/ArabicLLMBench/glibc-2.29/build/libc_pic.a(_exit.os)
 .eh_frame      0x0000000000003760       0x30 /scratch/ca2627/clinicalAI/ArabicLLMBench/glibc-2.29/build/libc_pic.a(getpid.os)
 .eh_frame      0x0000000000003790       0x30 /scratch/ca2627/clinicalAI/ArabicLLMBench/glibc-2.29/build/libc_pic.a(xstat.os)
 .eh_frame      0x00000000000037c0       0x30 /scratch/ca2627/clinicalAI/ArabicLLMBench/glibc-2.29/build/libc_pic.a(fxstat.os)
 .eh_frame      0x00000000000037f0       0x30 /scratch/ca2627/clinicalAI/ArabicLLMBench/glibc-2.29/build/libc_pic.a(lxstat.os)
 .eh_frame      0x0000000000003820       0x30 /scratch/ca2627/clinicalAI/ArabicLLMBench/glibc-2.29/build/libc_pic.a(lseek64.os)
 .eh_frame      0x0000000000003850       0x30 /scratch/ca2627/clinicalAI/ArabicLLMBench/glibc-2.29/build/libc_pic.a(access.os)
 .eh_frame      0x0000000000003880       0x30 /scratch/ca2627/clinicalAI/ArabicLLMBench/glibc-2.29/build/libc_pic.a(close_nocancel.os)
 .eh_frame      0x00000000000038b0       0x48 /scratch/ca2627/clinicalAI/ArabicLLMBench/glibc-2.29/build/libc_pic.a(fcntl_nocancel.os)
 .eh_frame      0x00000000000038f8       0x30 /scratch/ca2627/clinicalAI/ArabicLLMBench/glibc-2.29/build/libc_pic.a(open64_nocancel.os)
 .eh_frame      0x0000000000003928       0x30 /scratch/ca2627/clinicalAI/ArabicLLMBench/glibc-2.29/build/libc_pic.a(openat64_nocancel.os)
 .eh_frame      0x0000000000003958       0x30 /scratch/ca2627/clinicalAI/ArabicLLMBench/glibc-2.29/build/libc_pic.a(read_nocancel.os)
 .eh_frame      0x0000000000003988       0x30 /scratch/ca2627/clinicalAI/ArabicLLMBench/glibc-2.29/build/libc_pic.a(write_nocancel.os)
 .eh_frame      0x00000000000039b8       0x48 /scratch/ca2627/clinicalAI/ArabicLLMBench/glibc-2.29/build/libc_pic.a(mmap64.os)
 .eh_frame      0x0000000000003a00       0x30 /scratch/ca2627/clinicalAI/ArabicLLMBench/glibc-2.29/build/libc_pic.a(munmap.os)
 .eh_frame      0x0000000000003a30       0x30 /scratch/ca2627/clinicalAI/ArabicLLMBench/glibc-2.29/build/libc_pic.a(mprotect.os)
 .eh_frame      0x0000000000003a60       0x80 /scratch/ca2627/clinicalAI/ArabicLLMBench/glibc-2.29/build/libc_pic.a(profil.os)
 .eh_frame      0x0000000000003ae0       0x30 /scratch/ca2627/clinicalAI/ArabicLLMBench/glibc-2.29/build/libc_pic.a(prof-freq.os)
 .eh_frame      0x0000000000003b10       0x60 /scratch/ca2627/clinicalAI/ArabicLLMBench/glibc-2.29/build/libc_pic.a(libc-lowlevellock.os)
 .eh_frame      0x0000000000003b70       0x30 /scratch/ca2627/clinicalAI/ArabicLLMBench/glibc-2.29/build/libc_pic.a(dl-addr-obj.os)
 .eh_frame      0x0000000000003ba0       0xe0 /scratch/ca2627/clinicalAI/ArabicLLMBench/glibc-2.29/build/libc_pic.a(sigaction.os)
                                         0xe8 (size before relaxing)
 .eh_frame      0x0000000000003c80       0x30 /scratch/ca2627/clinicalAI/ArabicLLMBench/glibc-2.29/build/libc_pic.a(setitimer.os)
 .eh_frame      0x0000000000003cb0       0x2c /scratch/ca2627/clinicalAI/ArabicLLMBench/glibc-2.29/build/libc_pic.a(getdents64.os)
                                         0x30 (size before relaxing)

.gcc_except_table
 *(.gcc_except_table)

.gnu_extab
 *(.gnu_extab*)

.exception_ranges
 *(.exception_ranges)

.eh_frame
 *(.eh_frame)

.gnu_extab
 *(.gnu_extab)

.gcc_except_table
 *(.gcc_except_table)

.exception_ranges
 *(.exception_ranges)

.tdata
 *(.tdata)

.tbss           0x0000000000000000        0x4
 *(.tbss)
 .tbss          0x0000000000000000        0x4 /scratch/ca2627/clinicalAI/ArabicLLMBench/glibc-2.29/build/libc_pic.a(errno.os)
                0x0000000000000000                errno
                0x0000000000000000                __libc_errno

.jcr
 *(.jcr)

.dynamic
 *(.dynamic)

.got
 *(.got)

.got.plt
 *(.got.plt)

.data           0x0000000000000000      0xfd8
 *(.data)
 .data          0x0000000000000000      0xf98 /scratch/ca2627/clinicalAI/ArabicLLMBench/glibc-2.29/build/elf/dl-allobjs.os
                0x0000000000000000                _rtld_global
                0x0000000000000000                _rtld_local
 .data          0x0000000000000f98        0x0 /scratch/ca2627/clinicalAI/ArabicLLMBench/glibc-2.29/build/libc_pic.a(check_fds.os)
 .data          0x0000000000000f98        0x0 /scratch/ca2627/clinicalAI/ArabicLLMBench/glibc-2.29/build/libc_pic.a(errno.os)
 .data          0x0000000000000f98        0x0 /scratch/ca2627/clinicalAI/ArabicLLMBench/glibc-2.29/build/libc_pic.a(setjmp.os)
 .data          0x0000000000000f98        0x0 /scratch/ca2627/clinicalAI/ArabicLLMBench/glibc-2.29/build/libc_pic.a(__longjmp.os)
 .data          0x0000000000000f98        0x0 /scratch/ca2627/clinicalAI/ArabicLLMBench/glibc-2.29/build/libc_pic.a(scratch_buffer_set_array_size.os)
 .data          0x0000000000000f98        0x0 /scratch/ca2627/clinicalAI/ArabicLLMBench/glibc-2.29/build/libc_pic.a(strchr.os)
 .data          0x0000000000000f98        0x0 /scratch/ca2627/clinicalAI/ArabicLLMBench/glibc-2.29/build/libc_pic.a(strcmp.os)
 .data          0x0000000000000f98        0x0 /scratch/ca2627/clinicalAI/ArabicLLMBench/glibc-2.29/build/libc_pic.a(strcspn.os)
 .data          0x0000000000000f98        0x0 /scratch/ca2627/clinicalAI/ArabicLLMBench/glibc-2.29/build/libc_pic.a(strdup.os)
 .data          0x0000000000000f98        0x0 /scratch/ca2627/clinicalAI/ArabicLLMBench/glibc-2.29/build/libc_pic.a(strlen.os)
 .data          0x0000000000000f98        0x0 /scratch/ca2627/clinicalAI/ArabicLLMBench/glibc-2.29/build/libc_pic.a(strnlen.os)
 .data          0x0000000000000f98        0x0 /scratch/ca2627/clinicalAI/ArabicLLMBench/glibc-2.29/build/libc_pic.a(strncmp.os)
 .data          0x0000000000000f98        0x0 /scratch/ca2627/clinicalAI/ArabicLLMBench/glibc-2.29/build/libc_pic.a(memchr.os)
 .data          0x0000000000000f98        0x0 /scratch/ca2627/clinicalAI/ArabicLLMBench/glibc-2.29/build/libc_pic.a(memcmp.os)
 .data          0x0000000000000f98        0x0 /scratch/ca2627/clinicalAI/ArabicLLMBench/glibc-2.29/build/libc_pic.a(memmove.os)
 .data          0x0000000000000f98        0x0 /scratch/ca2627/clinicalAI/ArabicLLMBench/glibc-2.29/build/libc_pic.a(memset.os)
 .data          0x0000000000000f98        0x0 /scratch/ca2627/clinicalAI/ArabicLLMBench/glibc-2.29/build/libc_pic.a(mempcpy.os)
 .data          0x0000000000000f98        0x0 /scratch/ca2627/clinicalAI/ArabicLLMBench/glibc-2.29/build/libc_pic.a(stpcpy.os)
 .data          0x0000000000000f98        0x0 /scratch/ca2627/clinicalAI/ArabicLLMBench/glibc-2.29/build/libc_pic.a(memcpy.os)
 .data          0x0000000000000f98        0x0 /scratch/ca2627/clinicalAI/ArabicLLMBench/glibc-2.29/build/libc_pic.a(rawmemchr.os)
 .data          0x0000000000000f98        0x0 /scratch/ca2627/clinicalAI/ArabicLLMBench/glibc-2.29/build/libc_pic.a(strcmp-sse2.os)
 .data          0x0000000000000f98        0x0 /scratch/ca2627/clinicalAI/ArabicLLMBench/glibc-2.29/build/libc_pic.a(strcmp-sse2-unaligned.os)
 .data          0x0000000000000f98        0x0 /scratch/ca2627/clinicalAI/ArabicLLMBench/glibc-2.29/build/libc_pic.a(strcmp-ssse3.os)
 .data          0x0000000000000f98        0x0 /scratch/ca2627/clinicalAI/ArabicLLMBench/glibc-2.29/build/libc_pic.a(strcmp-avx2.os)
 .data          0x0000000000000f98        0x0 /scratch/ca2627/clinicalAI/ArabicLLMBench/glibc-2.29/build/libc_pic.a(strncmp-sse2.os)
 .data          0x0000000000000f98        0x0 /scratch/ca2627/clinicalAI/ArabicLLMBench/glibc-2.29/build/libc_pic.a(strncmp-ssse3.os)
 .data          0x0000000000000f98        0x0 /scratch/ca2627/clinicalAI/ArabicLLMBench/glibc-2.29/build/libc_pic.a(strncmp-sse4_2.os)
 .data          0x0000000000000f98        0x0 /scratch/ca2627/clinicalAI/ArabicLLMBench/glibc-2.29/build/libc_pic.a(strncmp-avx2.os)
 .data          0x0000000000000f98        0x0 /scratch/ca2627/clinicalAI/ArabicLLMBench/glibc-2.29/build/libc_pic.a(memchr-sse2.os)
 .data          0x0000000000000f98        0x0 /scratch/ca2627/clinicalAI/ArabicLLMBench/glibc-2.29/build/libc_pic.a(rawmemchr-sse2.os)
 .data          0x0000000000000f98        0x0 /scratch/ca2627/clinicalAI/ArabicLLMBench/glibc-2.29/build/libc_pic.a(memchr-avx2.os)
 .data          0x0000000000000f98        0x0 /scratch/ca2627/clinicalAI/ArabicLLMBench/glibc-2.29/build/libc_pic.a(rawmemchr-avx2.os)
 .data          0x0000000000000f98        0x0 /scratch/ca2627/clinicalAI/ArabicLLMBench/glibc-2.29/build/libc_pic.a(memcmp-sse2.os)
 .data          0x0000000000000f98        0x0 /scratch/ca2627/clinicalAI/ArabicLLMBench/glibc-2.29/build/libc_pic.a(memcmp-avx2-movbe.os)
 .data          0x0000000000000f98        0x0 /scratch/ca2627/clinicalAI/ArabicLLMBench/glibc-2.29/build/libc_pic.a(memcmp-sse4.os)
 .data          0x0000000000000f98        0x0 /scratch/ca2627/clinicalAI/ArabicLLMBench/glibc-2.29/build/libc_pic.a(memcpy-ssse3.os)
 .data          0x0000000000000f98        0x0 /scratch/ca2627/clinicalAI/ArabicLLMBench/glibc-2.29/build/libc_pic.a(memmove-ssse3.os)
 .data          0x0000000000000f98        0x0 /scratch/ca2627/clinicalAI/ArabicLLMBench/glibc-2.29/build/libc_pic.a(memcpy-ssse3-back.os)
 .data          0x0000000000000f98        0x0 /scratch/ca2627/clinicalAI/ArabicLLMBench/glibc-2.29/build/libc_pic.a(memmove-ssse3-back.os)
 .data          0x0000000000000f98        0x0 /scratch/ca2627/clinicalAI/ArabicLLMBench/glibc-2.29/build/libc_pic.a(memmove-avx512-no-vzeroupper.os)
 .data          0x0000000000000f98        0x0 /scratch/ca2627/clinicalAI/ArabicLLMBench/glibc-2.29/build/libc_pic.a(strchr-sse2.os)
 .data          0x0000000000000f98        0x0 /scratch/ca2627/clinicalAI/ArabicLLMBench/glibc-2.29/build/libc_pic.a(strchr-avx2.os)
 .data          0x0000000000000f98        0x0 /scratch/ca2627/clinicalAI/ArabicLLMBench/glibc-2.29/build/libc_pic.a(strlen-sse2.os)
 .data          0x0000000000000f98        0x0 /scratch/ca2627/clinicalAI/ArabicLLMBench/glibc-2.29/build/libc_pic.a(strnlen-sse2.os)
 .data          0x0000000000000f98        0x0 /scratch/ca2627/clinicalAI/ArabicLLMBench/glibc-2.29/build/libc_pic.a(strlen-avx2.os)
 .data          0x0000000000000f98        0x0 /scratch/ca2627/clinicalAI/ArabicLLMBench/glibc-2.29/build/libc_pic.a(strnlen-avx2.os)
 .data          0x0000000000000f98        0x0 /scratch/ca2627/clinicalAI/ArabicLLMBench/glibc-2.29/build/libc_pic.a(stpcpy-sse2.os)
 .data          0x0000000000000f98        0x0 /scratch/ca2627/clinicalAI/ArabicLLMBench/glibc-2.29/build/libc_pic.a(stpcpy-ssse3.os)
 .data          0x0000000000000f98        0x0 /scratch/ca2627/clinicalAI/ArabicLLMBench/glibc-2.29/build/libc_pic.a(stpcpy-sse2-unaligned.os)
 .data          0x0000000000000f98        0x0 /scratch/ca2627/clinicalAI/ArabicLLMBench/glibc-2.29/build/libc_pic.a(stpcpy-avx2.os)
 .data          0x0000000000000f98        0x0 /scratch/ca2627/clinicalAI/ArabicLLMBench/glibc-2.29/build/libc_pic.a(strchr-sse2-no-bsf.os)
 .data          0x0000000000000f98        0x0 /scratch/ca2627/clinicalAI/ArabicLLMBench/glibc-2.29/build/libc_pic.a(memcmp-ssse3.os)
 .data          0x0000000000000f98        0x0 /scratch/ca2627/clinicalAI/ArabicLLMBench/glibc-2.29/build/libc_pic.a(strcspn-sse2.os)
 .data          0x0000000000000f98        0x0 /scratch/ca2627/clinicalAI/ArabicLLMBench/glibc-2.29/build/libc_pic.a(strcspn-c.os)
 .data          0x0000000000000f98        0x0 /scratch/ca2627/clinicalAI/ArabicLLMBench/glibc-2.29/build/libc_pic.a(varshift.os)
 .data          0x0000000000000f98        0x0 /scratch/ca2627/clinicalAI/ArabicLLMBench/glibc-2.29/build/libc_pic.a(memset-avx512-no-vzeroupper.os)
 .data          0x0000000000000f98        0x0 /scratch/ca2627/clinicalAI/ArabicLLMBench/glibc-2.29/build/libc_pic.a(memmove-sse2-unaligned-erms.os)
 .data          0x0000000000000f98        0x0 /scratch/ca2627/clinicalAI/ArabicLLMBench/glibc-2.29/build/libc_pic.a(memmove-avx-unaligned-erms.os)
 .data          0x0000000000000f98        0x0 /scratch/ca2627/clinicalAI/ArabicLLMBench/glibc-2.29/build/libc_pic.a(memmove-avx512-unaligned-erms.os)
 .data          0x0000000000000f98        0x0 /scratch/ca2627/clinicalAI/ArabicLLMBench/glibc-2.29/build/libc_pic.a(memset-sse2-unaligned-erms.os)
 .data          0x0000000000000f98        0x0 /scratch/ca2627/clinicalAI/ArabicLLMBench/glibc-2.29/build/libc_pic.a(memset-avx2-unaligned-erms.os)
 .data          0x0000000000000f98        0x0 /scratch/ca2627/clinicalAI/ArabicLLMBench/glibc-2.29/build/libc_pic.a(memset-avx512-unaligned-erms.os)
 .data          0x0000000000000f98       0x40 /scratch/ca2627/clinicalAI/ArabicLLMBench/glibc-2.29/build/libc_pic.a(cacheinfo.os)
                0x0000000000000f98                __x86_raw_shared_cache_size
                0x0000000000000fa0                __x86_raw_shared_cache_size_half
                0x0000000000000fa8                __x86_shared_cache_size
                0x0000000000000fb0                __x86_shared_cache_size_half
                0x0000000000000fb8                __x86_raw_data_cache_size
                0x0000000000000fc0                __x86_raw_data_cache_size_half
                0x0000000000000fc8                __x86_data_cache_size
                0x0000000000000fd0                __x86_data_cache_size_half
 .data          0x0000000000000fd8        0x0 /scratch/ca2627/clinicalAI/ArabicLLMBench/glibc-2.29/build/libc_pic.a(closedir.os)
 .data          0x0000000000000fd8        0x0 /scratch/ca2627/clinicalAI/ArabicLLMBench/glibc-2.29/build/libc_pic.a(rewinddir.os)
 .data          0x0000000000000fd8        0x0 /scratch/ca2627/clinicalAI/ArabicLLMBench/glibc-2.29/build/libc_pic.a(readdir64.os)
 .data          0x0000000000000fd8        0x0 /scratch/ca2627/clinicalAI/ArabicLLMBench/glibc-2.29/build/libc_pic.a(fdopendir.os)
 .data          0x0000000000000fd8        0x0 /scratch/ca2627/clinicalAI/ArabicLLMBench/glibc-2.29/build/libc_pic.a(uname.os)
 .data          0x0000000000000fd8        0x0 /scratch/ca2627/clinicalAI/ArabicLLMBench/glibc-2.29/build/libc_pic.a(_exit.os)
 .data          0x0000000000000fd8        0x0 /scratch/ca2627/clinicalAI/ArabicLLMBench/glibc-2.29/build/libc_pic.a(getpid.os)
 .data          0x0000000000000fd8        0x0 /scratch/ca2627/clinicalAI/ArabicLLMBench/glibc-2.29/build/libc_pic.a(environ.os)
 .data          0x0000000000000fd8        0x0 /scratch/ca2627/clinicalAI/ArabicLLMBench/glibc-2.29/build/libc_pic.a(xstat.os)
 .data          0x0000000000000fd8        0x0 /scratch/ca2627/clinicalAI/ArabicLLMBench/glibc-2.29/build/libc_pic.a(fxstat.os)
 .data          0x0000000000000fd8        0x0 /scratch/ca2627/clinicalAI/ArabicLLMBench/glibc-2.29/build/libc_pic.a(lxstat.os)
 .data          0x0000000000000fd8        0x0 /scratch/ca2627/clinicalAI/ArabicLLMBench/glibc-2.29/build/libc_pic.a(lseek64.os)
 .data          0x0000000000000fd8        0x0 /scratch/ca2627/clinicalAI/ArabicLLMBench/glibc-2.29/build/libc_pic.a(access.os)
 .data          0x0000000000000fd8        0x0 /scratch/ca2627/clinicalAI/ArabicLLMBench/glibc-2.29/build/libc_pic.a(close_nocancel.os)
 .data          0x0000000000000fd8        0x0 /scratch/ca2627/clinicalAI/ArabicLLMBench/glibc-2.29/build/libc_pic.a(fcntl_nocancel.os)
 .data          0x0000000000000fd8        0x0 /scratch/ca2627/clinicalAI/ArabicLLMBench/glibc-2.29/build/libc_pic.a(open64_nocancel.os)
 .data          0x0000000000000fd8        0x0 /scratch/ca2627/clinicalAI/ArabicLLMBench/glibc-2.29/build/libc_pic.a(openat64_nocancel.os)
 .data          0x0000000000000fd8        0x0 /scratch/ca2627/clinicalAI/ArabicLLMBench/glibc-2.29/build/libc_pic.a(read_nocancel.os)
 .data          0x0000000000000fd8        0x0 /scratch/ca2627/clinicalAI/ArabicLLMBench/glibc-2.29/build/libc_pic.a(write_nocancel.os)
 .data          0x0000000000000fd8        0x0 /scratch/ca2627/clinicalAI/ArabicLLMBench/glibc-2.29/build/libc_pic.a(mmap64.os)
 .data          0x0000000000000fd8        0x0 /scratch/ca2627/clinicalAI/ArabicLLMBench/glibc-2.29/build/libc_pic.a(munmap.os)
 .data          0x0000000000000fd8        0x0 /scratch/ca2627/clinicalAI/ArabicLLMBench/glibc-2.29/build/libc_pic.a(mprotect.os)
 .data          0x0000000000000fd8        0x0 /scratch/ca2627/clinicalAI/ArabicLLMBench/glibc-2.29/build/libc_pic.a(profil.os)
 .data          0x0000000000000fd8        0x0 /scratch/ca2627/clinicalAI/ArabicLLMBench/glibc-2.29/build/libc_pic.a(prof-freq.os)
 .data          0x0000000000000fd8        0x0 /scratch/ca2627/clinicalAI/ArabicLLMBench/glibc-2.29/build/libc_pic.a(libc-lowlevellock.os)
 .data          0x0000000000000fd8        0x0 /scratch/ca2627/clinicalAI/ArabicLLMBench/glibc-2.29/build/libc_pic.a(libc_multiple_threads.os)
 .data          0x0000000000000fd8        0x0 /scratch/ca2627/clinicalAI/ArabicLLMBench/glibc-2.29/build/libc_pic.a(dl-addr-obj.os)
 .data          0x0000000000000fd8        0x0 /scratch/ca2627/clinicalAI/ArabicLLMBench/glibc-2.29/build/libc_pic.a(sigaction.os)
 .data          0x0000000000000fd8        0x0 /scratch/ca2627/clinicalAI/ArabicLLMBench/glibc-2.29/build/libc_pic.a(setitimer.os)
 .data          0x0000000000000fd8        0x0 /scratch/ca2627/clinicalAI/ArabicLLMBench/glibc-2.29/build/libc_pic.a(getdents64.os)

.data.rel.ro    0x0000000000000000      0x8ac
 .data.rel.ro   0x0000000000000000      0x8ac /scratch/ca2627/clinicalAI/ArabicLLMBench/glibc-2.29/build/elf/dl-allobjs.os
                0x00000000000000b0                __pointer_chk_guard_local
                0x00000000000000b8                _dl_skip_args
                0x00000000000000c0                __GI__dl_argv
                0x00000000000000c0                _dl_argv
                0x00000000000000c8                _dl_argc
                0x00000000000000e0                _rtld_global_ro
                0x00000000000000e0                _rtld_local_ro
                0x0000000000000310                __stack_prot
                0x0000000000000898                _dl_random
                0x00000000000008a0                __libc_stack_end
                0x00000000000008a0                __GI___libc_stack_end
                0x00000000000008a8                __GI___libc_enable_secure
                0x00000000000008a8                __libc_enable_secure

.init_array     0x0000000000000000        0x8
 .init_array    0x0000000000000000        0x8 /scratch/ca2627/clinicalAI/ArabicLLMBench/glibc-2.29/build/libc_pic.a(cacheinfo.os)

.data1
 *(.data1)

.bss            0x0000000000000000      0x200
 *(.bss)
 .bss           0x0000000000000000      0x118 /scratch/ca2627/clinicalAI/ArabicLLMBench/glibc-2.29/build/elf/dl-allobjs.os
                0x00000000000000e0                __libc_multiple_libcs
                0x0000000000000110                __curbrk
 .bss           0x0000000000000118        0x0 /scratch/ca2627/clinicalAI/ArabicLLMBench/glibc-2.29/build/libc_pic.a(check_fds.os)
 .bss           0x0000000000000118        0x0 /scratch/ca2627/clinicalAI/ArabicLLMBench/glibc-2.29/build/libc_pic.a(errno.os)
 .bss           0x0000000000000118        0x0 /scratch/ca2627/clinicalAI/ArabicLLMBench/glibc-2.29/build/libc_pic.a(setjmp.os)
 .bss           0x0000000000000118        0x0 /scratch/ca2627/clinicalAI/ArabicLLMBench/glibc-2.29/build/libc_pic.a(__longjmp.os)
 .bss           0x0000000000000118        0x0 /scratch/ca2627/clinicalAI/ArabicLLMBench/glibc-2.29/build/libc_pic.a(scratch_buffer_set_array_size.os)
 .bss           0x0000000000000118        0x0 /scratch/ca2627/clinicalAI/ArabicLLMBench/glibc-2.29/build/libc_pic.a(strchr.os)
 .bss           0x0000000000000118        0x0 /scratch/ca2627/clinicalAI/ArabicLLMBench/glibc-2.29/build/libc_pic.a(strcmp.os)
 .bss           0x0000000000000118        0x0 /scratch/ca2627/clinicalAI/ArabicLLMBench/glibc-2.29/build/libc_pic.a(strcspn.os)
 .bss           0x0000000000000118        0x0 /scratch/ca2627/clinicalAI/ArabicLLMBench/glibc-2.29/build/libc_pic.a(strdup.os)
 .bss           0x0000000000000118        0x0 /scratch/ca2627/clinicalAI/ArabicLLMBench/glibc-2.29/build/libc_pic.a(strlen.os)
 .bss           0x0000000000000118        0x0 /scratch/ca2627/clinicalAI/ArabicLLMBench/glibc-2.29/build/libc_pic.a(strnlen.os)
 .bss           0x0000000000000118        0x0 /scratch/ca2627/clinicalAI/ArabicLLMBench/glibc-2.29/build/libc_pic.a(strncmp.os)
 .bss           0x0000000000000118        0x0 /scratch/ca2627/clinicalAI/ArabicLLMBench/glibc-2.29/build/libc_pic.a(memchr.os)
 .bss           0x0000000000000118        0x0 /scratch/ca2627/clinicalAI/ArabicLLMBench/glibc-2.29/build/libc_pic.a(memcmp.os)
 .bss           0x0000000000000118        0x0 /scratch/ca2627/clinicalAI/ArabicLLMBench/glibc-2.29/build/libc_pic.a(memmove.os)
 .bss           0x0000000000000118        0x0 /scratch/ca2627/clinicalAI/ArabicLLMBench/glibc-2.29/build/libc_pic.a(memset.os)
 .bss           0x0000000000000118        0x0 /scratch/ca2627/clinicalAI/ArabicLLMBench/glibc-2.29/build/libc_pic.a(mempcpy.os)
 .bss           0x0000000000000118        0x0 /scratch/ca2627/clinicalAI/ArabicLLMBench/glibc-2.29/build/libc_pic.a(stpcpy.os)
 .bss           0x0000000000000118        0x0 /scratch/ca2627/clinicalAI/ArabicLLMBench/glibc-2.29/build/libc_pic.a(memcpy.os)
 .bss           0x0000000000000118        0x0 /scratch/ca2627/clinicalAI/ArabicLLMBench/glibc-2.29/build/libc_pic.a(rawmemchr.os)
 .bss           0x0000000000000118        0x0 /scratch/ca2627/clinicalAI/ArabicLLMBench/glibc-2.29/build/libc_pic.a(strcmp-sse2.os)
 .bss           0x0000000000000118        0x0 /scratch/ca2627/clinicalAI/ArabicLLMBench/glibc-2.29/build/libc_pic.a(strcmp-sse2-unaligned.os)
 .bss           0x0000000000000118        0x0 /scratch/ca2627/clinicalAI/ArabicLLMBench/glibc-2.29/build/libc_pic.a(strcmp-ssse3.os)
 .bss           0x0000000000000118        0x0 /scratch/ca2627/clinicalAI/ArabicLLMBench/glibc-2.29/build/libc_pic.a(strcmp-avx2.os)
 .bss           0x0000000000000118        0x0 /scratch/ca2627/clinicalAI/ArabicLLMBench/glibc-2.29/build/libc_pic.a(strncmp-sse2.os)
 .bss           0x0000000000000118        0x0 /scratch/ca2627/clinicalAI/ArabicLLMBench/glibc-2.29/build/libc_pic.a(strncmp-ssse3.os)
 .bss           0x0000000000000118        0x0 /scratch/ca2627/clinicalAI/ArabicLLMBench/glibc-2.29/build/libc_pic.a(strncmp-sse4_2.os)
 .bss           0x0000000000000118        0x0 /scratch/ca2627/clinicalAI/ArabicLLMBench/glibc-2.29/build/libc_pic.a(strncmp-avx2.os)
 .bss           0x0000000000000118        0x0 /scratch/ca2627/clinicalAI/ArabicLLMBench/glibc-2.29/build/libc_pic.a(memchr-sse2.os)
 .bss           0x0000000000000118        0x0 /scratch/ca2627/clinicalAI/ArabicLLMBench/glibc-2.29/build/libc_pic.a(rawmemchr-sse2.os)
 .bss           0x0000000000000118        0x0 /scratch/ca2627/clinicalAI/ArabicLLMBench/glibc-2.29/build/libc_pic.a(memchr-avx2.os)
 .bss           0x0000000000000118        0x0 /scratch/ca2627/clinicalAI/ArabicLLMBench/glibc-2.29/build/libc_pic.a(rawmemchr-avx2.os)
 .bss           0x0000000000000118        0x0 /scratch/ca2627/clinicalAI/ArabicLLMBench/glibc-2.29/build/libc_pic.a(memcmp-sse2.os)
 .bss           0x0000000000000118        0x0 /scratch/ca2627/clinicalAI/ArabicLLMBench/glibc-2.29/build/libc_pic.a(memcmp-avx2-movbe.os)
 .bss           0x0000000000000118        0x0 /scratch/ca2627/clinicalAI/ArabicLLMBench/glibc-2.29/build/libc_pic.a(memcmp-sse4.os)
 .bss           0x0000000000000118        0x0 /scratch/ca2627/clinicalAI/ArabicLLMBench/glibc-2.29/build/libc_pic.a(memcpy-ssse3.os)
 .bss           0x0000000000000118        0x0 /scratch/ca2627/clinicalAI/ArabicLLMBench/glibc-2.29/build/libc_pic.a(memmove-ssse3.os)
 .bss           0x0000000000000118        0x0 /scratch/ca2627/clinicalAI/ArabicLLMBench/glibc-2.29/build/libc_pic.a(memcpy-ssse3-back.os)
 .bss           0x0000000000000118        0x0 /scratch/ca2627/clinicalAI/ArabicLLMBench/glibc-2.29/build/libc_pic.a(memmove-ssse3-back.os)
 .bss           0x0000000000000118        0x0 /scratch/ca2627/clinicalAI/ArabicLLMBench/glibc-2.29/build/libc_pic.a(memmove-avx512-no-vzeroupper.os)
 .bss           0x0000000000000118        0x0 /scratch/ca2627/clinicalAI/ArabicLLMBench/glibc-2.29/build/libc_pic.a(strchr-sse2.os)
 .bss           0x0000000000000118        0x0 /scratch/ca2627/clinicalAI/ArabicLLMBench/glibc-2.29/build/libc_pic.a(strchr-avx2.os)
 .bss           0x0000000000000118        0x0 /scratch/ca2627/clinicalAI/ArabicLLMBench/glibc-2.29/build/libc_pic.a(strlen-sse2.os)
 .bss           0x0000000000000118        0x0 /scratch/ca2627/clinicalAI/ArabicLLMBench/glibc-2.29/build/libc_pic.a(strnlen-sse2.os)
 .bss           0x0000000000000118        0x0 /scratch/ca2627/clinicalAI/ArabicLLMBench/glibc-2.29/build/libc_pic.a(strlen-avx2.os)
 .bss           0x0000000000000118        0x0 /scratch/ca2627/clinicalAI/ArabicLLMBench/glibc-2.29/build/libc_pic.a(strnlen-avx2.os)
 .bss           0x0000000000000118        0x0 /scratch/ca2627/clinicalAI/ArabicLLMBench/glibc-2.29/build/libc_pic.a(stpcpy-sse2.os)
 .bss           0x0000000000000118        0x0 /scratch/ca2627/clinicalAI/ArabicLLMBench/glibc-2.29/build/libc_pic.a(stpcpy-ssse3.os)
 .bss           0x0000000000000118        0x0 /scratch/ca2627/clinicalAI/ArabicLLMBench/glibc-2.29/build/libc_pic.a(stpcpy-sse2-unaligned.os)
 .bss           0x0000000000000118        0x0 /scratch/ca2627/clinicalAI/ArabicLLMBench/glibc-2.29/build/libc_pic.a(stpcpy-avx2.os)
 .bss           0x0000000000000118        0x0 /scratch/ca2627/clinicalAI/ArabicLLMBench/glibc-2.29/build/libc_pic.a(strchr-sse2-no-bsf.os)
 .bss           0x0000000000000118        0x0 /scratch/ca2627/clinicalAI/ArabicLLMBench/glibc-2.29/build/libc_pic.a(memcmp-ssse3.os)
 .bss           0x0000000000000118        0x0 /scratch/ca2627/clinicalAI/ArabicLLMBench/glibc-2.29/build/libc_pic.a(strcspn-sse2.os)
 .bss           0x0000000000000118        0x0 /scratch/ca2627/clinicalAI/ArabicLLMBench/glibc-2.29/build/libc_pic.a(strcspn-c.os)
 .bss           0x0000000000000118        0x0 /scratch/ca2627/clinicalAI/ArabicLLMBench/glibc-2.29/build/libc_pic.a(varshift.os)
 .bss           0x0000000000000118        0x0 /scratch/ca2627/clinicalAI/ArabicLLMBench/glibc-2.29/build/libc_pic.a(memset-avx512-no-vzeroupper.os)
 .bss           0x0000000000000118        0x0 /scratch/ca2627/clinicalAI/ArabicLLMBench/glibc-2.29/build/libc_pic.a(memmove-sse2-unaligned-erms.os)
 .bss           0x0000000000000118        0x0 /scratch/ca2627/clinicalAI/ArabicLLMBench/glibc-2.29/build/libc_pic.a(memmove-avx-unaligned-erms.os)
 .bss           0x0000000000000118        0x0 /scratch/ca2627/clinicalAI/ArabicLLMBench/glibc-2.29/build/libc_pic.a(memmove-avx512-unaligned-erms.os)
 .bss           0x0000000000000118        0x0 /scratch/ca2627/clinicalAI/ArabicLLMBench/glibc-2.29/build/libc_pic.a(memset-sse2-unaligned-erms.os)
 .bss           0x0000000000000118        0x0 /scratch/ca2627/clinicalAI/ArabicLLMBench/glibc-2.29/build/libc_pic.a(memset-avx2-unaligned-erms.os)
 .bss           0x0000000000000118        0x0 /scratch/ca2627/clinicalAI/ArabicLLMBench/glibc-2.29/build/libc_pic.a(memset-avx512-unaligned-erms.os)
 .bss           0x0000000000000118        0x0 /scratch/ca2627/clinicalAI/ArabicLLMBench/glibc-2.29/build/libc_pic.a(cacheinfo.os)
 .bss           0x0000000000000118        0x0 /scratch/ca2627/clinicalAI/ArabicLLMBench/glibc-2.29/build/libc_pic.a(closedir.os)
 .bss           0x0000000000000118        0x0 /scratch/ca2627/clinicalAI/ArabicLLMBench/glibc-2.29/build/libc_pic.a(rewinddir.os)
 .bss           0x0000000000000118        0x0 /scratch/ca2627/clinicalAI/ArabicLLMBench/glibc-2.29/build/libc_pic.a(readdir64.os)
 .bss           0x0000000000000118        0x0 /scratch/ca2627/clinicalAI/ArabicLLMBench/glibc-2.29/build/libc_pic.a(fdopendir.os)
 .bss           0x0000000000000118        0x0 /scratch/ca2627/clinicalAI/ArabicLLMBench/glibc-2.29/build/libc_pic.a(uname.os)
 .bss           0x0000000000000118        0x0 /scratch/ca2627/clinicalAI/ArabicLLMBench/glibc-2.29/build/libc_pic.a(_exit.os)
 .bss           0x0000000000000118        0x0 /scratch/ca2627/clinicalAI/ArabicLLMBench/glibc-2.29/build/libc_pic.a(getpid.os)
 .bss           0x0000000000000118        0x8 /scratch/ca2627/clinicalAI/ArabicLLMBench/glibc-2.29/build/libc_pic.a(environ.os)
                0x0000000000000118                _environ
                0x0000000000000118                __environ
                0x0000000000000118                environ
 .bss           0x0000000000000120        0x0 /scratch/ca2627/clinicalAI/ArabicLLMBench/glibc-2.29/build/libc_pic.a(xstat.os)
 .bss           0x0000000000000120        0x0 /scratch/ca2627/clinicalAI/ArabicLLMBench/glibc-2.29/build/libc_pic.a(fxstat.os)
 .bss           0x0000000000000120        0x0 /scratch/ca2627/clinicalAI/ArabicLLMBench/glibc-2.29/build/libc_pic.a(lxstat.os)
 .bss           0x0000000000000120        0x0 /scratch/ca2627/clinicalAI/ArabicLLMBench/glibc-2.29/build/libc_pic.a(lseek64.os)
 .bss           0x0000000000000120        0x0 /scratch/ca2627/clinicalAI/ArabicLLMBench/glibc-2.29/build/libc_pic.a(access.os)
 .bss           0x0000000000000120        0x0 /scratch/ca2627/clinicalAI/ArabicLLMBench/glibc-2.29/build/libc_pic.a(close_nocancel.os)
 .bss           0x0000000000000120        0x0 /scratch/ca2627/clinicalAI/ArabicLLMBench/glibc-2.29/build/libc_pic.a(fcntl_nocancel.os)
 .bss           0x0000000000000120        0x0 /scratch/ca2627/clinicalAI/ArabicLLMBench/glibc-2.29/build/libc_pic.a(open64_nocancel.os)
 .bss           0x0000000000000120        0x0 /scratch/ca2627/clinicalAI/ArabicLLMBench/glibc-2.29/build/libc_pic.a(openat64_nocancel.os)
 .bss           0x0000000000000120        0x0 /scratch/ca2627/clinicalAI/ArabicLLMBench/glibc-2.29/build/libc_pic.a(read_nocancel.os)
 .bss           0x0000000000000120        0x0 /scratch/ca2627/clinicalAI/ArabicLLMBench/glibc-2.29/build/libc_pic.a(write_nocancel.os)
 .bss           0x0000000000000120        0x0 /scratch/ca2627/clinicalAI/ArabicLLMBench/glibc-2.29/build/libc_pic.a(mmap64.os)
 .bss           0x0000000000000120        0x0 /scratch/ca2627/clinicalAI/ArabicLLMBench/glibc-2.29/build/libc_pic.a(munmap.os)
 .bss           0x0000000000000120        0x0 /scratch/ca2627/clinicalAI/ArabicLLMBench/glibc-2.29/build/libc_pic.a(mprotect.os)
 .bss           0x0000000000000120       0xe0 /scratch/ca2627/clinicalAI/ArabicLLMBench/glibc-2.29/build/libc_pic.a(profil.os)
 .bss           0x0000000000000200        0x0 /scratch/ca2627/clinicalAI/ArabicLLMBench/glibc-2.29/build/libc_pic.a(prof-freq.os)
 .bss           0x0000000000000200        0x0 /scratch/ca2627/clinicalAI/ArabicLLMBench/glibc-2.29/build/libc_pic.a(libc-lowlevellock.os)
 .bss           0x0000000000000200        0x0 /scratch/ca2627/clinicalAI/ArabicLLMBench/glibc-2.29/build/libc_pic.a(libc_multiple_threads.os)
 .bss           0x0000000000000200        0x0 /scratch/ca2627/clinicalAI/ArabicLLMBench/glibc-2.29/build/libc_pic.a(dl-addr-obj.os)
 .bss           0x0000000000000200        0x0 /scratch/ca2627/clinicalAI/ArabicLLMBench/glibc-2.29/build/libc_pic.a(sigaction.os)
 .bss           0x0000000000000200        0x0 /scratch/ca2627/clinicalAI/ArabicLLMBench/glibc-2.29/build/libc_pic.a(setitimer.os)
 .bss           0x0000000000000200        0x0 /scratch/ca2627/clinicalAI/ArabicLLMBench/glibc-2.29/build/libc_pic.a(getdents64.os)

.lbss
 *(.lbss)

.lrodata
 *(.lrodata)

.ldata
 *(.ldata)

.stab
 *(.stab)

.stabstr
 *(.stabstr)

.stab.excl
 *(.stab.excl)

.stab.exclstr
 *(.stab.exclstr)

.stab.index
 *(.stab.index)

.stab.indexstr
 *(.stab.indexstr)

.comment        0x0000000000000000      0x5c4
 *(.comment)
 .comment       0x0000000000000000      0x29a /scratch/ca2627/clinicalAI/ArabicLLMBench/glibc-2.29/build/elf/dl-allobjs.os
 .comment       0x000000000000029a       0x12 /scratch/ca2627/clinicalAI/ArabicLLMBench/glibc-2.29/build/libc_pic.a(check_fds.os)
 .comment       0x00000000000002ac       0x12 /scratch/ca2627/clinicalAI/ArabicLLMBench/glibc-2.29/build/libc_pic.a(errno.os)